Archive member included to satisfy reference by file (symbol)

c:/st/stm32cubeide_1.4.0/stm32cubeide/plugins/com.st.stm32cube.ide.mcu.externaltools.gnu-tools-for-stm32.7-2018-q2-update.win32_1.4.0.202007081208/tools/bin/../lib/gcc/arm-none-eabi/7.3.1/../../../../arm-none-eabi/lib/thumb/v6-m\libc_nano.a(lib_a-errno.o)
                              Core/Src/syscalls.o (__errno)
c:/st/stm32cubeide_1.4.0/stm32cubeide/plugins/com.st.stm32cube.ide.mcu.externaltools.gnu-tools-for-stm32.7-2018-q2-update.win32_1.4.0.202007081208/tools/bin/../lib/gcc/arm-none-eabi/7.3.1/../../../../arm-none-eabi/lib/thumb/v6-m\libc_nano.a(lib_a-exit.o)
                              c:/st/stm32cubeide_1.4.0/stm32cubeide/plugins/com.st.stm32cube.ide.mcu.externaltools.gnu-tools-for-stm32.7-2018-q2-update.win32_1.4.0.202007081208/tools/bin/../lib/gcc/arm-none-eabi/7.3.1/../../../../arm-none-eabi/lib/thumb/v6-m/crt0.o (exit)
c:/st/stm32cubeide_1.4.0/stm32cubeide/plugins/com.st.stm32cube.ide.mcu.externaltools.gnu-tools-for-stm32.7-2018-q2-update.win32_1.4.0.202007081208/tools/bin/../lib/gcc/arm-none-eabi/7.3.1/../../../../arm-none-eabi/lib/thumb/v6-m\libc_nano.a(lib_a-fclose.o)
                              Core/Src/main.o (fclose)
c:/st/stm32cubeide_1.4.0/stm32cubeide/plugins/com.st.stm32cube.ide.mcu.externaltools.gnu-tools-for-stm32.7-2018-q2-update.win32_1.4.0.202007081208/tools/bin/../lib/gcc/arm-none-eabi/7.3.1/../../../../arm-none-eabi/lib/thumb/v6-m\libc_nano.a(lib_a-fflush.o)
                              c:/st/stm32cubeide_1.4.0/stm32cubeide/plugins/com.st.stm32cube.ide.mcu.externaltools.gnu-tools-for-stm32.7-2018-q2-update.win32_1.4.0.202007081208/tools/bin/../lib/gcc/arm-none-eabi/7.3.1/../../../../arm-none-eabi/lib/thumb/v6-m\libc_nano.a(lib_a-fclose.o) (__sflush_r)
c:/st/stm32cubeide_1.4.0/stm32cubeide/plugins/com.st.stm32cube.ide.mcu.externaltools.gnu-tools-for-stm32.7-2018-q2-update.win32_1.4.0.202007081208/tools/bin/../lib/gcc/arm-none-eabi/7.3.1/../../../../arm-none-eabi/lib/thumb/v6-m\libc_nano.a(lib_a-findfp.o)
                              c:/st/stm32cubeide_1.4.0/stm32cubeide/plugins/com.st.stm32cube.ide.mcu.externaltools.gnu-tools-for-stm32.7-2018-q2-update.win32_1.4.0.202007081208/tools/bin/../lib/gcc/arm-none-eabi/7.3.1/../../../../arm-none-eabi/lib/thumb/v6-m\libc_nano.a(lib_a-fclose.o) (__sinit)
c:/st/stm32cubeide_1.4.0/stm32cubeide/plugins/com.st.stm32cube.ide.mcu.externaltools.gnu-tools-for-stm32.7-2018-q2-update.win32_1.4.0.202007081208/tools/bin/../lib/gcc/arm-none-eabi/7.3.1/../../../../arm-none-eabi/lib/thumb/v6-m\libc_nano.a(lib_a-fopen.o)
                              Core/Src/main.o (fopen)
c:/st/stm32cubeide_1.4.0/stm32cubeide/plugins/com.st.stm32cube.ide.mcu.externaltools.gnu-tools-for-stm32.7-2018-q2-update.win32_1.4.0.202007081208/tools/bin/../lib/gcc/arm-none-eabi/7.3.1/../../../../arm-none-eabi/lib/thumb/v6-m\libc_nano.a(lib_a-fseek.o)
                              c:/st/stm32cubeide_1.4.0/stm32cubeide/plugins/com.st.stm32cube.ide.mcu.externaltools.gnu-tools-for-stm32.7-2018-q2-update.win32_1.4.0.202007081208/tools/bin/../lib/gcc/arm-none-eabi/7.3.1/../../../../arm-none-eabi/lib/thumb/v6-m\libc_nano.a(lib_a-fopen.o) (_fseek_r)
c:/st/stm32cubeide_1.4.0/stm32cubeide/plugins/com.st.stm32cube.ide.mcu.externaltools.gnu-tools-for-stm32.7-2018-q2-update.win32_1.4.0.202007081208/tools/bin/../lib/gcc/arm-none-eabi/7.3.1/../../../../arm-none-eabi/lib/thumb/v6-m\libc_nano.a(lib_a-fseeko.o)
                              c:/st/stm32cubeide_1.4.0/stm32cubeide/plugins/com.st.stm32cube.ide.mcu.externaltools.gnu-tools-for-stm32.7-2018-q2-update.win32_1.4.0.202007081208/tools/bin/../lib/gcc/arm-none-eabi/7.3.1/../../../../arm-none-eabi/lib/thumb/v6-m\libc_nano.a(lib_a-fseek.o) (_fseeko_r)
c:/st/stm32cubeide_1.4.0/stm32cubeide/plugins/com.st.stm32cube.ide.mcu.externaltools.gnu-tools-for-stm32.7-2018-q2-update.win32_1.4.0.202007081208/tools/bin/../lib/gcc/arm-none-eabi/7.3.1/../../../../arm-none-eabi/lib/thumb/v6-m\libc_nano.a(lib_a-ftell.o)
                              Core/Src/main.o (ftell)
c:/st/stm32cubeide_1.4.0/stm32cubeide/plugins/com.st.stm32cube.ide.mcu.externaltools.gnu-tools-for-stm32.7-2018-q2-update.win32_1.4.0.202007081208/tools/bin/../lib/gcc/arm-none-eabi/7.3.1/../../../../arm-none-eabi/lib/thumb/v6-m\libc_nano.a(lib_a-ftello.o)
                              c:/st/stm32cubeide_1.4.0/stm32cubeide/plugins/com.st.stm32cube.ide.mcu.externaltools.gnu-tools-for-stm32.7-2018-q2-update.win32_1.4.0.202007081208/tools/bin/../lib/gcc/arm-none-eabi/7.3.1/../../../../arm-none-eabi/lib/thumb/v6-m\libc_nano.a(lib_a-ftell.o) (_ftello_r)
c:/st/stm32cubeide_1.4.0/stm32cubeide/plugins/com.st.stm32cube.ide.mcu.externaltools.gnu-tools-for-stm32.7-2018-q2-update.win32_1.4.0.202007081208/tools/bin/../lib/gcc/arm-none-eabi/7.3.1/../../../../arm-none-eabi/lib/thumb/v6-m\libc_nano.a(lib_a-fwalk.o)
[...]
Memory Configuration

Name             Origin             Length             Attributes
RAM              0x0000000020000000 0x0000000000001800 xrw
FLASH            0x0000000008000000 0x0000000000008000 xr
*default*        0x0000000000000000 0xffffffffffffffff

Linker script and memory map

LOAD c:/st/stm32cubeide_1.4.0/stm32cubeide/plugins/com.st.stm32cube.ide.mcu.externaltools.gnu-tools-for-stm32.7-2018-q2-update.win32_1.4.0.202007081208/tools/bin/../lib/gcc/arm-none-eabi/7.3.1/thumb/v6-m/crti.o
LOAD c:/st/stm32cubeide_1.4.0/stm32cubeide/plugins/com.st.stm32cube.ide.mcu.externaltools.gnu-tools-for-stm32.7-2018-q2-update.win32_1.4.0.202007081208/tools/bin/../lib/gcc/arm-none-eabi/7.3.1/thumb/v6-m/crtbegin.o
LOAD c:/st/stm32cubeide_1.4.0/stm32cubeide/plugins/com.st.stm32cube.ide.mcu.externaltools.gnu-tools-for-stm32.7-2018-q2-update.win32_1.4.0.202007081208/tools/bin/../lib/gcc/arm-none-eabi/7.3.1/../../../../arm-none-eabi/lib/thumb/v6-m/crt0.o
LOAD Core/Src/main.o
LOAD Core/Src/stm32f0xx_hal_msp.o
LOAD Core/Src/stm32f0xx_it.o
LOAD Core/Src/syscalls.o
LOAD Core/Src/sysmem.o
LOAD Core/Src/system_stm32f0xx.o
LOAD Core/Startup/startup_stm32f042k6ux.o
LOAD Drivers/STM32F0xx_HAL_Driver/Src/stm32f0xx_hal.o
LOAD Drivers/STM32F0xx_HAL_Driver/Src/stm32f0xx_hal_cortex.o
LOAD Drivers/STM32F0xx_HAL_Driver/Src/stm32f0xx_hal_dma.o
LOAD Drivers/STM32F0xx_HAL_Driver/Src/stm32f0xx_hal_exti.o
LOAD Drivers/STM32F0xx_HAL_Driver/Src/stm32f0xx_hal_flash.o
LOAD Drivers/STM32F0xx_HAL_Driver/Src/stm32f0xx_hal_flash_ex.o
LOAD Drivers/STM32F0xx_HAL_Driver/Src/stm32f0xx_hal_gpio.o
LOAD Drivers/STM32F0xx_HAL_Driver/Src/stm32f0xx_hal_i2c.o
LOAD Drivers/STM32F0xx_HAL_Driver/Src/stm32f0xx_hal_i2c_ex.o
LOAD Drivers/STM32F0xx_HAL_Driver/Src/stm32f0xx_hal_pwr.o
LOAD Drivers/STM32F0xx_HAL_Driver/Src/stm32f0xx_hal_pwr_ex.o
LOAD Drivers/STM32F0xx_HAL_Driver/Src/stm32f0xx_hal_rcc.o
LOAD Drivers/STM32F0xx_HAL_Driver/Src/stm32f0xx_hal_rcc_ex.o
LOAD Drivers/STM32F0xx_HAL_Driver/Src/stm32f0xx_hal_spi.o
LOAD Drivers/STM32F0xx_HAL_Driver/Src/stm32f0xx_hal_spi_ex.o
LOAD Drivers/STM32F0xx_HAL_Driver/Src/stm32f0xx_hal_tim.o
LOAD Drivers/STM32F0xx_HAL_Driver/Src/stm32f0xx_hal_tim_ex.o
LOAD FATFS/App/fatfs.o
LOAD FATFS/Target/user_diskio.o
LOAD FATFS/Target/user_diskio_spi.o
LOAD Middlewares/Third_Party/FatFs/src/diskio.o
LOAD Middlewares/Third_Party/FatFs/src/ff.o
LOAD Middlewares/Third_Party/FatFs/src/ff_gen_drv.o
LOAD Middlewares/Third_Party/FatFs/src/option/syscall.o
START GROUP
LOAD c:/st/stm32cubeide_1.4.0/stm32cubeide/plugins/com.st.stm32cube.ide.mcu.externaltools.gnu-tools-for-stm32.7-2018-q2-update.win32_1.4.0.202007081208/tools/bin/../lib/gcc/arm-none-eabi/7.3.1/../../../../arm-none-eabi/lib/thumb/v6-m\libc_nano.a
LOAD c:/st/stm32cubeide_1.4.0/stm32cubeide/plugins/com.st.stm32cube.ide.mcu.externaltools.gnu-tools-for-stm32.7-2018-q2-update.win32_1.4.0.202007081208/tools/bin/../lib/gcc/arm-none-eabi/7.3.1/../../../../arm-none-eabi/lib/thumb/v6-m\libm.a
END GROUP
START GROUP
LOAD c:/st/stm32cubeide_1.4.0/stm32cubeide/plugins/com.st.stm32cube.ide.mcu.externaltools.gnu-tools-for-stm32.7-2018-q2-update.win32_1.4.0.202007081208/tools/bin/../lib/gcc/arm-none-eabi/7.3.1/thumb/v6-m\libgcc.a
LOAD c:/st/stm32cubeide_1.4.0/stm32cubeide/plugins/com.st.stm32cube.ide.mcu.externaltools.gnu-tools-for-stm32.7-2018-q2-update.win32_1.4.0.202007081208/tools/bin/../lib/gcc/arm-none-eabi/7.3.1/../../../../arm-none-eabi/lib/thumb/v6-m\libc_nano.a
END GROUP
START GROUP
LOAD c:/st/stm32cubeide_1.4.0/stm32cubeide/plugins/com.st.stm32cube.ide.mcu.externaltools.gnu-tools-for-stm32.7-2018-q2-update.win32_1.4.0.202007081208/tools/bin/../lib/gcc/arm-none-eabi/7.3.1/thumb/v6-m\libgcc.a
LOAD c:/st/stm32cubeide_1.4.0/stm32cubeide/plugins/com.st.stm32cube.ide.mcu.externaltools.gnu-tools-for-stm32.7-2018-q2-update.win32_1.4.0.202007081208/tools/bin/../lib/gcc/arm-none-eabi/7.3.1/../../../../arm-none-eabi/lib/thumb/v6-m\libc_nano.a
LOAD c:/st/stm32cubeide_1.4.0/stm32cubeide/plugins/com.st.stm32cube.ide.mcu.externaltools.gnu-tools-for-stm32.7-2018-q2-update.win32_1.4.0.202007081208/tools/bin/../lib/gcc/arm-none-eabi/7.3.1/../../../../arm-none-eabi/lib/thumb/v6-m\libnosys.a
END GROUP
START GROUP
LOAD c:/st/stm32cubeide_1.4.0/stm32cubeide/plugins/com.st.stm32cube.ide.mcu.externaltools.gnu-tools-for-stm32.7-2018-q2-update.win32_1.4.0.202007081208/tools/bin/../lib/gcc/arm-none-eabi/7.3.1/thumb/v6-m\libgcc.a
LOAD c:/st/stm32cubeide_1.4.0/stm32cubeide/plugins/com.st.stm32cube.ide.mcu.externaltools.gnu-tools-for-stm32.7-2018-q2-update.win32_1.4.0.202007081208/tools/bin/../lib/gcc/arm-none-eabi/7.3.1/../../../../arm-none-eabi/lib/thumb/v6-m\libc_nano.a
LOAD c:/st/stm32cubeide_1.4.0/stm32cubeide/plugins/com.st.stm32cube.ide.mcu.externaltools.gnu-tools-for-stm32.7-2018-q2-update.win32_1.4.0.202007081208/tools/bin/../lib/gcc/arm-none-eabi/7.3.1/../../../../arm-none-eabi/lib/thumb/v6-m\libnosys.a
END GROUP
LOAD c:/st/stm32cubeide_1.4.0/stm32cubeide/plugins/com.st.stm32cube.ide.mcu.externaltools.gnu-tools-for-stm32.7-2018-q2-update.win32_1.4.0.202007081208/tools/bin/../lib/gcc/arm-none-eabi/7.3.1/thumb/v6-m/crtend.o
LOAD c:/st/stm32cubeide_1.4.0/stm32cubeide/plugins/com.st.stm32cube.ide.mcu.externaltools.gnu-tools-for-stm32.7-2018-q2-update.win32_1.4.0.202007081208/tools/bin/../lib/gcc/arm-none-eabi/7.3.1/thumb/v6-m/crtn.o
                0x0000000020001800                _estack = (ORIGIN (RAM) + LENGTH (RAM))
                0x0000000000000200                _Min_Heap_Size = 0x200
                0x0000000000000400                _Min_Stack_Size = 0x400

.isr_vector     0x0000000008000000       0xc0
                0x0000000008000000                . = ALIGN (0x4)
 *(.isr_vector)
 .isr_vector    0x0000000008000000       0xc0 Core/Startup/startup_stm32f042k6ux.o
                0x0000000008000000                g_pfnVectors
                0x00000000080000c0                . = ALIGN (0x4)

.text           0x00000000080000c0     0x76b8
                0x00000000080000c0                . = ALIGN (0x4)
 *(.text)
 .text          0x00000000080000c0       0x48 c:/st/stm32cubeide_1.4.0/stm32cubeide/plugins/com.st.stm32cube.ide.mcu.externaltools.gnu-tools-for-stm32.7-2018-q2-update.win32_1.4.0.202007081208/tools/bin/../lib/gcc/arm-none-eabi/7.3.1/thumb/v6-m/crtbegin.o
 .text          0x0000000008000108        0xe c:/st/stm32cubeide_1.4.0/stm32cubeide/plugins/com.st.stm32cube.ide.mcu.externaltools.gnu-tools-for-stm32.7-2018-q2-update.win32_1.4.0.202007081208/tools/bin/../lib/gcc/arm-none-eabi/7.3.1/../../../../arm-none-eabi/lib/thumb/v6-m\libc_nano.a(lib_a-strlen.o)
                0x0000000008000108                strlen
 *fill*         0x0000000008000116        0x2 
 .text          0x0000000008000118      0x114 c:/st/stm32cubeide_1.4.0/stm32cubeide/plugins/com.st.stm32cube.ide.mcu.externaltools.gnu-tools-for-stm32.7-2018-q2-update.win32_1.4.0.202007081208/tools/bin/../lib/gcc/arm-none-eabi/7.3.1/thumb/v6-m\libgcc.a(_udivsi3.o)
                0x0000000008000118                __aeabi_uidiv
                0x0000000008000118                __udivsi3
                0x0000000008000224                __aeabi_uidivmod
 .text          0x000000000800022c        0x4 c:/st/stm32cubeide_1.4.0/stm32cubeide/plugins/com.st.stm32cube.ide.mcu.externaltools.gnu-tools-for-stm32.7-2018-q2-update.win32_1.4.0.202007081208/tools/bin/../lib/gcc/arm-none-eabi/7.3.1/thumb/v6-m\libgcc.a(_dvmd_tls.o)
                0x000000000800022c                __aeabi_idiv0
                0x000000000800022c                __aeabi_ldiv0
 *(.text*)
 .text.main     0x0000000008000230      0x198 Core/Src/main.o
                0x0000000008000230                main
 .text.SystemClock_Config
                0x00000000080003c8       0x80 Core/Src/main.o
                0x00000000080003c8                SystemClock_Config
 .text.MX_SPI1_Init
                0x0000000008000448       0x7c Core/Src/main.o
 .text.MX_GPIO_Init
                0x00000000080004c4      0x100 Core/Src/main.o
 .text.mainCheck
                0x00000000080005c4       0x76 Core/Src/main.o
                0x00000000080005c4                mainCheck
 .text.checkState
                0x000000000800063a      0x11e Core/Src/main.o
                0x000000000800063a                checkState
 .text.errorFound
                0x0000000008000758       0xa0 Core/Src/main.o
                0x0000000008000758                errorFound
 .text.isError  0x00000000080007f8       0x9a Core/Src/main.o
                0x00000000080007f8                isError
 *fill*         0x0000000008000892        0x2 
 .text.buzzOn   0x0000000008000894       0x1c Core/Src/main.o
                0x0000000008000894                buzzOn
 .text.buzzOff  0x00000000080008b0       0x1c Core/Src/main.o
                0x00000000080008b0                buzzOff
 .text.ledOn    0x00000000080008cc       0xf4 Core/Src/main.o
                0x00000000080008cc                ledOn
 .text.ledOff   0x00000000080009c0       0x34 Core/Src/main.o
                0x00000000080009c0                ledOff
 .text.powerFailureState
                0x00000000080009f4       0x42 Core/Src/main.o
                0x00000000080009f4                powerFailureState
 *fill*         0x0000000008000a36        0x2 
 .text.SizeOfFile
                0x0000000008000a38       0x48 Core/Src/main.o
                0x0000000008000a38                SizeOfFile
 .text.WriteFile
                0x0000000008000a80       0xa0 Core/Src/main.o
                0x0000000008000a80                WriteFile
 .text.Error_Handler
                0x0000000008000b20        0xa Core/Src/main.o
                0x0000000008000b20                Error_Handler
 *fill*         0x0000000008000b2a        0x2 
 .text.HAL_MspInit
                0x0000000008000b2c       0x48 Core/Src/stm32f0xx_hal_msp.o
                0x0000000008000b2c                HAL_MspInit
 .text.HAL_SPI_MspInit
                0x0000000008000b74       0x98 Core/Src/stm32f0xx_hal_msp.o
                0x0000000008000b74                HAL_SPI_MspInit
 .text.NMI_Handler
                0x0000000008000c0c        0xa Core/Src/stm32f0xx_it.o
                0x0000000008000c0c                NMI_Handler
 .text.HardFault_Handler
                0x0000000008000c16        0x6 Core/Src/stm32f0xx_it.o
                0x0000000008000c16                HardFault_Handler
 .text.SVC_Handler
                0x0000000008000c1c        0xa Core/Src/stm32f0xx_it.o
                0x0000000008000c1c                SVC_Handler
 .text.PendSV_Handler
                0x0000000008000c26        0xa Core/Src/stm32f0xx_it.o
                0x0000000008000c26                PendSV_Handler
 .text.SysTick_Handler
                0x0000000008000c30        0xe Core/Src/stm32f0xx_it.o
                0x0000000008000c30                SysTick_Handler
 .text._read    0x0000000008000c3e       0x3a Core/Src/syscalls.o
                0x0000000008000c3e                _read
 .text._write   0x0000000008000c78       0x38 Core/Src/syscalls.o
                0x0000000008000c78                _write
 .text._close   0x0000000008000cb0       0x14 Core/Src/syscalls.o
                0x0000000008000cb0                _close
 .text._fstat   0x0000000008000cc4       0x1c Core/Src/syscalls.o
                0x0000000008000cc4                _fstat
 .text._isatty  0x0000000008000ce0       0x12 Core/Src/syscalls.o
                0x0000000008000ce0                _isatty
 .text._lseek   0x0000000008000cf2       0x16 Core/Src/syscalls.o
                0x0000000008000cf2                _lseek
 .text._open    0x0000000008000d08       0x1c Core/Src/syscalls.o
                0x0000000008000d08                _open
 .text._sbrk    0x0000000008000d24       0x6c Core/Src/sysmem.o
                0x0000000008000d24                _sbrk
 .text.SystemInit
                0x0000000008000d90        0xa Core/Src/system_stm32f0xx.o
                0x0000000008000d90                SystemInit
 *fill*         0x0000000008000d9a        0x2 
 .text.Reset_Handler
                0x0000000008000d9c       0x80 Core/Startup/startup_stm32f042k6ux.o
                0x0000000008000d9c                Reset_Handler
 .text.Default_Handler
                0x0000000008000e1c        0x2 Core/Startup/startup_stm32f042k6ux.o
                0x0000000008000e1c                TIM1_CC_IRQHandler
                0x0000000008000e1c                TSC_IRQHandler
                0x0000000008000e1c                I2C1_IRQHandler
                0x0000000008000e1c                RCC_CRS_IRQHandler
                0x0000000008000e1c                SPI1_IRQHandler
                0x0000000008000e1c                EXTI2_3_IRQHandler
                0x0000000008000e1c                ADC1_IRQHandler
                0x0000000008000e1c                TIM17_IRQHandler
                0x0000000008000e1c                CEC_CAN_IRQHandler
                0x0000000008000e1c                RTC_IRQHandler
                0x0000000008000e1c                PVD_VDDIO2_IRQHandler
                0x0000000008000e1c                TIM16_IRQHandler
                0x0000000008000e1c                TIM3_IRQHandler
                0x0000000008000e1c                EXTI4_15_IRQHandler
                0x0000000008000e1c                DMA1_Channel1_IRQHandler
                0x0000000008000e1c                Default_Handler
                0x0000000008000e1c                TIM14_IRQHandler
                0x0000000008000e1c                DMA1_Channel4_5_IRQHandler
                0x0000000008000e1c                EXTI0_1_IRQHandler
                0x0000000008000e1c                USB_IRQHandler
                0x0000000008000e1c                SPI2_IRQHandler
                0x0000000008000e1c                WWDG_IRQHandler
                0x0000000008000e1c                TIM2_IRQHandler
                0x0000000008000e1c                DMA1_Channel2_3_IRQHandler
                0x0000000008000e1c                USART2_IRQHandler
                0x0000000008000e1c                FLASH_IRQHandler
                0x0000000008000e1c                USART1_IRQHandler
                0x0000000008000e1c                TIM1_BRK_UP_TRG_COM_IRQHandler
 *fill*         0x0000000008000e1e        0x2 
 .text.HAL_Init
                0x0000000008000e20       0x28 Drivers/STM32F0xx_HAL_Driver/Src/stm32f0xx_hal.o
                0x0000000008000e20                HAL_Init
 .text.HAL_InitTick
                0x0000000008000e48       0x68 Drivers/STM32F0xx_HAL_Driver/Src/stm32f0xx_hal.o
                0x0000000008000e48                HAL_InitTick
 .text.HAL_IncTick
                0x0000000008000eb0       0x24 Drivers/STM32F0xx_HAL_Driver/Src/stm32f0xx_hal.o
                0x0000000008000eb0                HAL_IncTick
 .text.HAL_GetTick
                0x0000000008000ed4       0x14 Drivers/STM32F0xx_HAL_Driver/Src/stm32f0xx_hal.o
                0x0000000008000ed4                HAL_GetTick
 .text.HAL_Delay
                0x0000000008000ee8       0x44 Drivers/STM32F0xx_HAL_Driver/Src/stm32f0xx_hal.o
                0x0000000008000ee8                HAL_Delay
 .text.__NVIC_SetPriority
                0x0000000008000f2c       0xdc Drivers/STM32F0xx_HAL_Driver/Src/stm32f0xx_hal_cortex.o
 .text.SysTick_Config
                0x0000000008001008       0x48 Drivers/STM32F0xx_HAL_Driver/Src/stm32f0xx_hal_cortex.o
 .text.HAL_NVIC_SetPriority
                0x0000000008001050       0x2a Drivers/STM32F0xx_HAL_Driver/Src/stm32f0xx_hal_cortex.o
                0x0000000008001050                HAL_NVIC_SetPriority
 .text.HAL_SYSTICK_Config
                0x000000000800107a       0x1a Drivers/STM32F0xx_HAL_Driver/Src/stm32f0xx_hal_cortex.o
                0x000000000800107a                HAL_SYSTICK_Config
 .text.HAL_GPIO_Init
                0x0000000008001094      0x2d0 Drivers/STM32F0xx_HAL_Driver/Src/stm32f0xx_hal_gpio.o
                0x0000000008001094                HAL_GPIO_Init
 .text.HAL_GPIO_ReadPin
                0x0000000008001364       0x3a Drivers/STM32F0xx_HAL_Driver/Src/stm32f0xx_hal_gpio.o
                0x0000000008001364                HAL_GPIO_ReadPin
 .text.HAL_GPIO_WritePin
                0x000000000800139e       0x3a Drivers/STM32F0xx_HAL_Driver/Src/stm32f0xx_hal_gpio.o
                0x000000000800139e                HAL_GPIO_WritePin
 .text.HAL_RCC_OscConfig
                0x00000000080013d8      0x70c Drivers/STM32F0xx_HAL_Driver/Src/stm32f0xx_hal_rcc.o
                0x00000000080013d8                HAL_RCC_OscConfig
 .text.HAL_RCC_ClockConfig
                0x0000000008001ae4      0x1b4 Drivers/STM32F0xx_HAL_Driver/Src/stm32f0xx_hal_rcc.o
                0x0000000008001ae4                HAL_RCC_ClockConfig
 .text.HAL_RCC_GetSysClockFreq
                0x0000000008001c98       0xfc Drivers/STM32F0xx_HAL_Driver/Src/stm32f0xx_hal_rcc.o
                0x0000000008001c98                HAL_RCC_GetSysClockFreq
 .text.HAL_SPI_Init
                0x0000000008001d94      0x170 Drivers/STM32F0xx_HAL_Driver/Src/stm32f0xx_hal_spi.o
                0x0000000008001d94                HAL_SPI_Init
 .text.HAL_SPI_TransmitReceive
                0x0000000008001f04      0x3a8 Drivers/STM32F0xx_HAL_Driver/Src/stm32f0xx_hal_spi.o
                0x0000000008001f04                HAL_SPI_TransmitReceive
 .text.SPI_WaitFlagStateUntilTimeout
                0x00000000080022ac      0x11c Drivers/STM32F0xx_HAL_Driver/Src/stm32f0xx_hal_spi.o
 .text.SPI_WaitFifoStateUntilTimeout
                0x00000000080023c8      0x12c Drivers/STM32F0xx_HAL_Driver/Src/stm32f0xx_hal_spi.o
 .text.SPI_EndRxTxTransaction
                0x00000000080024f4       0x8c Drivers/STM32F0xx_HAL_Driver/Src/stm32f0xx_hal_spi.o
 .text.MX_FATFS_Init
                0x0000000008002580       0x2c FATFS/App/fatfs.o
                0x0000000008002580                MX_FATFS_Init
 .text.get_fattime
                0x00000000080025ac        0xc FATFS/App/fatfs.o
                0x00000000080025ac                get_fattime
 .text.USER_initialize
                0x00000000080025b8       0x20 FATFS/Target/user_diskio.o
                0x00000000080025b8                USER_initialize
 .text.USER_status
                0x00000000080025d8       0x20 FATFS/Target/user_diskio.o
                0x00000000080025d8                USER_status
 .text.USER_read
                0x00000000080025f8       0x2e FATFS/Target/user_diskio.o
                0x00000000080025f8                USER_read
 .text.USER_write
                0x0000000008002626       0x2e FATFS/Target/user_diskio.o
                0x0000000008002626                USER_write
 .text.USER_ioctl
                0x0000000008002654       0x2e FATFS/Target/user_diskio.o
                0x0000000008002654                USER_ioctl
 *fill*         0x0000000008002682        0x2 
 .text.SPI_Timer_On
                0x0000000008002684       0x28 FATFS/Target/user_diskio_spi.o
                0x0000000008002684                SPI_Timer_On
 .text.SPI_Timer_Status
                0x00000000080026ac       0x2c FATFS/Target/user_diskio_spi.o
                0x00000000080026ac                SPI_Timer_Status
 .text.xchg_spi
                0x00000000080026d8       0x30 FATFS/Target/user_diskio_spi.o
 .text.rcvr_spi_multi
                0x0000000008002708       0x36 FATFS/Target/user_diskio_spi.o
 .text.xmit_spi_multi
                0x000000000800273e       0x34 FATFS/Target/user_diskio_spi.o
 .text.wait_ready
                0x0000000008002772       0x50 FATFS/Target/user_diskio_spi.o
 *fill*         0x00000000080027c2        0x2 
 .text.despiselect
                0x00000000080027c4       0x20 FATFS/Target/user_diskio_spi.o
 .text.spiselect
                0x00000000080027e4       0x38 FATFS/Target/user_diskio_spi.o
 .text.rcvr_datablock
                0x000000000800281c       0x5e FATFS/Target/user_diskio_spi.o
 .text.xmit_datablock
                0x000000000800287a       0x74 FATFS/Target/user_diskio_spi.o
 .text.send_cmd
                0x00000000080028ee      0x11e FATFS/Target/user_diskio_spi.o
 .text.USER_SPI_initialize
                0x0000000008002a0c      0x218 FATFS/Target/user_diskio_spi.o
                0x0000000008002a0c                USER_SPI_initialize
 .text.USER_SPI_status
                0x0000000008002c24       0x2c FATFS/Target/user_diskio_spi.o
                0x0000000008002c24                USER_SPI_status
 .text.USER_SPI_read
                0x0000000008002c50       0xd8 FATFS/Target/user_diskio_spi.o
                0x0000000008002c50                USER_SPI_read
 .text.USER_SPI_write
                0x0000000008002d28      0x100 FATFS/Target/user_diskio_spi.o
                0x0000000008002d28                USER_SPI_write
 .text.USER_SPI_ioctl
                0x0000000008002e28      0x328 FATFS/Target/user_diskio_spi.o
                0x0000000008002e28                USER_SPI_ioctl
 .text.disk_status
                0x0000000008003150       0x44 Middlewares/Third_Party/FatFs/src/diskio.o
                0x0000000008003150                disk_status
 .text.disk_initialize
                0x0000000008003194       0x64 Middlewares/Third_Party/FatFs/src/diskio.o
                0x0000000008003194                disk_initialize
 .text.disk_read
                0x00000000080031f8       0x50 Middlewares/Third_Party/FatFs/src/diskio.o
                0x00000000080031f8                disk_read
 .text.disk_write
                0x0000000008003248       0x50 Middlewares/Third_Party/FatFs/src/diskio.o
                0x0000000008003248                disk_write
 .text.disk_ioctl
                0x0000000008003298       0x50 Middlewares/Third_Party/FatFs/src/diskio.o
                0x0000000008003298                disk_ioctl
 .text.mem_cpy  0x00000000080032e8       0x38 Middlewares/Third_Party/FatFs/src/ff.o
 .text.mem_set  0x0000000008003320       0x30 Middlewares/Third_Party/FatFs/src/ff.o
 .text.mem_cmp  0x0000000008003350       0x4a Middlewares/Third_Party/FatFs/src/ff.o
 .text.chk_chr  0x000000000800339a       0x32 Middlewares/Third_Party/FatFs/src/ff.o
 .text.chk_lock
                0x00000000080033cc       0xdc Middlewares/Third_Party/FatFs/src/ff.o
 .text.enq_lock
                0x00000000080034a8       0x40 Middlewares/Third_Party/FatFs/src/ff.o
 .text.inc_lock
                0x00000000080034e8      0x170 Middlewares/Third_Party/FatFs/src/ff.o
 .text.dec_lock
                0x0000000008003658       0xac Middlewares/Third_Party/FatFs/src/ff.o
 .text.clear_lock
                0x0000000008003704       0x4c Middlewares/Third_Party/FatFs/src/ff.o
 .text.sync_window
                0x0000000008003750       0xb0 Middlewares/Third_Party/FatFs/src/ff.o
 .text.move_window
                0x0000000008003800       0x78 Middlewares/Third_Party/FatFs/src/ff.o
 .text.sync_fs  0x0000000008003878      0x1a8 Middlewares/Third_Party/FatFs/src/ff.o
 .text.clust2sect
                0x0000000008003a20       0x48 Middlewares/Third_Party/FatFs/src/ff.o
                0x0000000008003a20                clust2sect
 .text.get_fat  0x0000000008003a68      0x17e Middlewares/Third_Party/FatFs/src/ff.o
                0x0000000008003a68                get_fat
 .text.put_fat  0x0000000008003be6      0x258 Middlewares/Third_Party/FatFs/src/ff.o
                0x0000000008003be6                put_fat
 *fill*         0x0000000008003e3e        0x2 
 .text.remove_chain
                0x0000000008003e40       0xe0 Middlewares/Third_Party/FatFs/src/ff.o
 .text.create_chain
                0x0000000008003f20      0x16c Middlewares/Third_Party/FatFs/src/ff.o
 .text.clmt_clust
                0x000000000800408c       0x74 Middlewares/Third_Party/FatFs/src/ff.o
 .text.dir_sdi  0x0000000008004100      0x160 Middlewares/Third_Party/FatFs/src/ff.o
 .text.dir_next
                0x0000000008004260      0x234 Middlewares/Third_Party/FatFs/src/ff.o
 .text.dir_alloc
                0x0000000008004494       0xbc Middlewares/Third_Party/FatFs/src/ff.o
 .text.ld_clust
                0x0000000008004550       0x5a Middlewares/Third_Party/FatFs/src/ff.o
 .text.st_clust
                0x00000000080045aa       0x4a Middlewares/Third_Party/FatFs/src/ff.o
 .text.dir_find
                0x00000000080045f4       0xca Middlewares/Third_Party/FatFs/src/ff.o
 .text.dir_register
                0x00000000080046be       0x90 Middlewares/Third_Party/FatFs/src/ff.o
 *fill*         0x000000000800474e        0x2 
 .text.create_name
                0x0000000008004750      0x20c Middlewares/Third_Party/FatFs/src/ff.o
 .text.follow_path
                0x000000000800495c      0x118 Middlewares/Third_Party/FatFs/src/ff.o
 .text.get_ldnumber
                0x0000000008004a74       0x84 Middlewares/Third_Party/FatFs/src/ff.o
 .text.check_fs
                0x0000000008004af8       0xdc Middlewares/Third_Party/FatFs/src/ff.o
 .text.find_volume
                0x0000000008004bd4      0x63c Middlewares/Third_Party/FatFs/src/ff.o
 .text.validate
                0x0000000008005210       0x7c Middlewares/Third_Party/FatFs/src/ff.o
 .text.f_mount  0x000000000800528c       0xa0 Middlewares/Third_Party/FatFs/src/ff.o
                0x000000000800528c                f_mount
 .text.f_open   0x000000000800532c      0x570 Middlewares/Third_Party/FatFs/src/ff.o
                0x000000000800532c                f_open
 .text.f_write  0x000000000800589c      0x3d8 Middlewares/Third_Party/FatFs/src/ff.o
                0x000000000800589c                f_write
 .text.f_sync   0x0000000008005c74      0x1ac Middlewares/Third_Party/FatFs/src/ff.o
                0x0000000008005c74                f_sync
 .text.f_close  0x0000000008005e20       0x6e Middlewares/Third_Party/FatFs/src/ff.o
                0x0000000008005e20                f_close
 *fill*         0x0000000008005e8e        0x2 
 .text.f_lseek  0x0000000008005e90      0x558 Middlewares/Third_Party/FatFs/src/ff.o
                0x0000000008005e90                f_lseek
 .text.FATFS_LinkDriverEx
                0x00000000080063e8       0xac Middlewares/Third_Party/FatFs/src/ff_gen_drv.o
                0x00000000080063e8                FATFS_LinkDriverEx
 .text.FATFS_LinkDriver
                0x0000000008006494       0x20 Middlewares/Third_Party/FatFs/src/ff_gen_drv.o
                0x0000000008006494                FATFS_LinkDriver
 .text.__errno  0x00000000080064b4        0xc c:/st/stm32cubeide_1.4.0/stm32cubeide/plugins/com.st.stm32cube.ide.mcu.externaltools.gnu-tools-for-stm32.7-2018-q2-update.win32_1.4.0.202007081208/tools/bin/../lib/gcc/arm-none-eabi/7.3.1/../../../../arm-none-eabi/lib/thumb/v6-m\libc_nano.a(lib_a-errno.o)
                0x00000000080064b4                __errno
 .text._fclose_r
                0x00000000080064c0       0xb0 c:/st/stm32cubeide_1.4.0/stm32cubeide/plugins/com.st.stm32cube.ide.mcu.externaltools.gnu-tools-for-stm32.7-2018-q2-update.win32_1.4.0.202007081208/tools/bin/../lib/gcc/arm-none-eabi/7.3.1/../../../../arm-none-eabi/lib/thumb/v6-m\libc_nano.a(lib_a-fclose.o)
                0x00000000080064c0                _fclose_r
 .text.fclose   0x0000000008006570       0x14 c:/st/stm32cubeide_1.4.0/stm32cubeide/plugins/com.st.stm32cube.ide.mcu.externaltools.gnu-tools-for-stm32.7-2018-q2-update.win32_1.4.0.202007081208/tools/bin/../lib/gcc/arm-none-eabi/7.3.1/../../../../arm-none-eabi/lib/thumb/v6-m\libc_nano.a(lib_a-fclose.o)
                0x0000000008006570                fclose
 .text.__sflush_r
                0x0000000008006584      0x114 c:/st/stm32cubeide_1.4.0/stm32cubeide/plugins/com.st.stm32cube.ide.mcu.externaltools.gnu-tools-for-stm32.7-2018-q2-update.win32_1.4.0.202007081208/tools/bin/../lib/gcc/arm-none-eabi/7.3.1/../../../../arm-none-eabi/lib/thumb/v6-m\libc_nano.a(lib_a-fflush.o)
                0x0000000008006584                __sflush_r
 .text._fflush_r
                0x0000000008006698       0x58 c:/st/stm32cubeide_1.4.0/stm32cubeide/plugins/com.st.stm32cube.ide.mcu.externaltools.gnu-tools-for-stm32.7-2018-q2-update.win32_1.4.0.202007081208/tools/bin/../lib/gcc/arm-none-eabi/7.3.1/../../../../arm-none-eabi/lib/thumb/v6-m\libc_nano.a(lib_a-fflush.o)
                0x0000000008006698                _fflush_r
 .text.std      0x00000000080066f0       0x48 c:/st/stm32cubeide_1.4.0/stm32cubeide/plugins/com.st.stm32cube.ide.mcu.externaltools.gnu-tools-for-stm32.7-2018-q2-update.win32_1.4.0.202007081208/tools/bin/../lib/gcc/arm-none-eabi/7.3.1/../../../../arm-none-eabi/lib/thumb/v6-m\libc_nano.a(lib_a-findfp.o)
 .text._cleanup_r
                0x0000000008006738       0x10 c:/st/stm32cubeide_1.4.0/stm32cubeide/plugins/com.st.stm32cube.ide.mcu.externaltools.gnu-tools-for-stm32.7-2018-q2-update.win32_1.4.0.202007081208/tools/bin/../lib/gcc/arm-none-eabi/7.3.1/../../../../arm-none-eabi/lib/thumb/v6-m\libc_nano.a(lib_a-findfp.o)
                0x0000000008006738                _cleanup_r
 .text.__sfmoreglue
                0x0000000008006748       0x2c c:/st/stm32cubeide_1.4.0/stm32cubeide/plugins/com.st.stm32cube.ide.mcu.externaltools.gnu-tools-for-stm32.7-2018-q2-update.win32_1.4.0.202007081208/tools/bin/../lib/gcc/arm-none-eabi/7.3.1/../../../../arm-none-eabi/lib/thumb/v6-m\libc_nano.a(lib_a-findfp.o)
                0x0000000008006748                __sfmoreglue
 .text.__sinit  0x0000000008006774       0x68 c:/st/stm32cubeide_1.4.0/stm32cubeide/plugins/com.st.stm32cube.ide.mcu.externaltools.gnu-tools-for-stm32.7-2018-q2-update.win32_1.4.0.202007081208/tools/bin/../lib/gcc/arm-none-eabi/7.3.1/../../../../arm-none-eabi/lib/thumb/v6-m\libc_nano.a(lib_a-findfp.o)
                0x0000000008006774                __sinit
 .text.__sfp    0x00000000080067dc       0x7c c:/st/stm32cubeide_1.4.0/stm32cubeide/plugins/com.st.stm32cube.ide.mcu.externaltools.gnu-tools-for-stm32.7-2018-q2-update.win32_1.4.0.202007081208/tools/bin/../lib/gcc/arm-none-eabi/7.3.1/../../../../arm-none-eabi/lib/thumb/v6-m\libc_nano.a(lib_a-findfp.o)
                0x00000000080067dc                __sfp
 .text.__sfp_lock_acquire
                0x0000000008006858        0x2 c:/st/stm32cubeide_1.4.0/stm32cubeide/plugins/com.st.stm32cube.ide.mcu.externaltools.gnu-tools-for-stm32.7-2018-q2-update.win32_1.4.0.202007081208/tools/bin/../lib/gcc/arm-none-eabi/7.3.1/../../../../arm-none-eabi/lib/thumb/v6-m\libc_nano.a(lib_a-findfp.o)
                0x0000000008006858                __sfp_lock_acquire
 .text.__sfp_lock_release
                0x000000000800685a        0x2 c:/st/stm32cubeide_1.4.0/stm32cubeide/plugins/com.st.stm32cube.ide.mcu.externaltools.gnu-tools-for-stm32.7-2018-q2-update.win32_1.4.0.202007081208/tools/bin/../lib/gcc/arm-none-eabi/7.3.1/../../../../arm-none-eabi/lib/thumb/v6-m\libc_nano.a(lib_a-findfp.o)
                0x000000000800685a                __sfp_lock_release
 .text._fopen_r
                0x000000000800685c       0x7c c:/st/stm32cubeide_1.4.0/stm32cubeide/plugins/com.st.stm32cube.ide.mcu.externaltools.gnu-tools-for-stm32.7-2018-q2-update.win32_1.4.0.202007081208/tools/bin/../lib/gcc/arm-none-eabi/7.3.1/../../../../arm-none-eabi/lib/thumb/v6-m\libc_nano.a(lib_a-fopen.o)
                0x000000000800685c                _fopen_r
 .text.fopen    0x00000000080068d8       0x14 c:/st/stm32cubeide_1.4.0/stm32cubeide/plugins/com.st.stm32cube.ide.mcu.externaltools.gnu-tools-for-stm32.7-2018-q2-update.win32_1.4.0.202007081208/tools/bin/../lib/gcc/arm-none-eabi/7.3.1/../../../../arm-none-eabi/lib/thumb/v6-m\libc_nano.a(lib_a-fopen.o)
                0x00000000080068d8                fopen
 .text._fseek_r
                0x00000000080068ec        0x8 c:/st/stm32cubeide_1.4.0/stm32cubeide/plugins/com.st.stm32cube.ide.mcu.externaltools.gnu-tools-for-stm32.7-2018-q2-update.win32_1.4.0.202007081208/tools/bin/../lib/gcc/arm-none-eabi/7.3.1/../../../../arm-none-eabi/lib/thumb/v6-m\libc_nano.a(lib_a-fseek.o)
                0x00000000080068ec                _fseek_r
 .text.fseek    0x00000000080068f4       0x18 c:/st/stm32cubeide_1.4.0/stm32cubeide/plugins/com.st.stm32cube.ide.mcu.externaltools.gnu-tools-for-stm32.7-2018-q2-update.win32_1.4.0.202007081208/tools/bin/../lib/gcc/arm-none-eabi/7.3.1/../../../../arm-none-eabi/lib/thumb/v6-m\libc_nano.a(lib_a-fseek.o)
                0x00000000080068f4                fseek
 .text._fseeko_r
                0x000000000800690c      0x12c c:/st/stm32cubeide_1.4.0/stm32cubeide/plugins/com.st.stm32cube.ide.mcu.externaltools.gnu-tools-for-stm32.7-2018-q2-update.win32_1.4.0.202007081208/tools/bin/../lib/gcc/arm-none-eabi/7.3.1/../../../../arm-none-eabi/lib/thumb/v6-m\libc_nano.a(lib_a-fseeko.o)
                0x000000000800690c                _fseeko_r
 .text.ftell    0x0000000008006a38       0x14 c:/st/stm32cubeide_1.4.0/stm32cubeide/plugins/com.st.stm32cube.ide.mcu.externaltools.gnu-tools-for-stm32.7-2018-q2-update.win32_1.4.0.202007081208/tools/bin/../lib/gcc/arm-none-eabi/7.3.1/../../../../arm-none-eabi/lib/thumb/v6-m\libc_nano.a(lib_a-ftell.o)
                0x0000000008006a38                ftell
 .text._ftello_r
                0x0000000008006a4c       0xb0 c:/st/stm32cubeide_1.4.0/stm32cubeide/plugins/com.st.stm32cube.ide.mcu.externaltools.gnu-tools-for-stm32.7-2018-q2-update.win32_1.4.0.202007081208/tools/bin/../lib/gcc/arm-none-eabi/7.3.1/../../../../arm-none-eabi/lib/thumb/v6-m\libc_nano.a(lib_a-ftello.o)
                0x0000000008006a4c                _ftello_r
 .text._fwalk_reent
                0x0000000008006afc       0x42 c:/st/stm32cubeide_1.4.0/stm32cubeide/plugins/com.st.stm32cube.ide.mcu.externaltools.gnu-tools-for-stm32.7-2018-q2-update.win32_1.4.0.202007081208/tools/bin/../lib/gcc/arm-none-eabi/7.3.1/../../../../arm-none-eabi/lib/thumb/v6-m\libc_nano.a(lib_a-fwalk.o)
                0x0000000008006afc                _fwalk_reent
 *fill*         0x0000000008006b3e        0x2 
 .text.__libc_init_array
                0x0000000008006b40       0x48 c:/st/stm32cubeide_1.4.0/stm32cubeide/plugins/com.st.stm32cube.ide.mcu.externaltools.gnu-tools-for-stm32.7-2018-q2-update.win32_1.4.0.202007081208/tools/bin/../lib/gcc/arm-none-eabi/7.3.1/../../../../arm-none-eabi/lib/thumb/v6-m\libc_nano.a(lib_a-init.o)
                0x0000000008006b40                __libc_init_array
 .text.__swhatbuf_r
                0x0000000008006b88       0x50 c:/st/stm32cubeide_1.4.0/stm32cubeide/plugins/com.st.stm32cube.ide.mcu.externaltools.gnu-tools-for-stm32.7-2018-q2-update.win32_1.4.0.202007081208/tools/bin/../lib/gcc/arm-none-eabi/7.3.1/../../../../arm-none-eabi/lib/thumb/v6-m\libc_nano.a(lib_a-makebuf.o)
                0x0000000008006b88                __swhatbuf_r
 .text.__smakebuf_r
                0x0000000008006bd8       0x88 c:/st/stm32cubeide_1.4.0/stm32cubeide/plugins/com.st.stm32cube.ide.mcu.externaltools.gnu-tools-for-stm32.7-2018-q2-update.win32_1.4.0.202007081208/tools/bin/../lib/gcc/arm-none-eabi/7.3.1/../../../../arm-none-eabi/lib/thumb/v6-m\libc_nano.a(lib_a-makebuf.o)
                0x0000000008006bd8                __smakebuf_r
 .text.memcpy   0x0000000008006c60       0x12 c:/st/stm32cubeide_1.4.0/stm32cubeide/plugins/com.st.stm32cube.ide.mcu.externaltools.gnu-tools-for-stm32.7-2018-q2-update.win32_1.4.0.202007081208/tools/bin/../lib/gcc/arm-none-eabi/7.3.1/../../../../arm-none-eabi/lib/thumb/v6-m\libc_nano.a(lib_a-memcpy-stub.o)
                0x0000000008006c60                memcpy
 .text.memset   0x0000000008006c72       0x10 c:/st/stm32cubeide_1.4.0/stm32cubeide/plugins/com.st.stm32cube.ide.mcu.externaltools.gnu-tools-for-stm32.7-2018-q2-update.win32_1.4.0.202007081208/tools/bin/../lib/gcc/arm-none-eabi/7.3.1/../../../../arm-none-eabi/lib/thumb/v6-m\libc_nano.a(lib_a-memset.o)
                0x0000000008006c72                memset
 *fill*         0x0000000008006c82        0x2 
 .text._free_r  0x0000000008006c84       0x94 c:/st/stm32cubeide_1.4.0/stm32cubeide/plugins/com.st.stm32cube.ide.mcu.externaltools.gnu-tools-for-stm32.7-2018-q2-update.win32_1.4.0.202007081208/tools/bin/../lib/gcc/arm-none-eabi/7.3.1/../../../../arm-none-eabi/lib/thumb/v6-m\libc_nano.a(lib_a-nano-freer.o)
                0x0000000008006c84                _free_r
 .text._malloc_r
                0x0000000008006d18       0xbc c:/st/stm32cubeide_1.4.0/stm32cubeide/plugins/com.st.stm32cube.ide.mcu.externaltools.gnu-tools-for-stm32.7-2018-q2-update.win32_1.4.0.202007081208/tools/bin/../lib/gcc/arm-none-eabi/7.3.1/../../../../arm-none-eabi/lib/thumb/v6-m\libc_nano.a(lib_a-nano-mallocr.o)
                0x0000000008006d18                _malloc_r
 .text._open_r  0x0000000008006dd4       0x28 c:/st/stm32cubeide_1.4.0/stm32cubeide/plugins/com.st.stm32cube.ide.mcu.externaltools.gnu-tools-for-stm32.7-2018-q2-update.win32_1.4.0.202007081208/tools/bin/../lib/gcc/arm-none-eabi/7.3.1/../../../../arm-none-eabi/lib/thumb/v6-m\libc_nano.a(lib_a-openr.o)
                0x0000000008006dd4                _open_r
 .text.printf   0x0000000008006dfc       0x34 c:/st/stm32cubeide_1.4.0/stm32cubeide/plugins/com.st.stm32cube.ide.mcu.externaltools.gnu-tools-for-stm32.7-2018-q2-update.win32_1.4.0.202007081208/tools/bin/../lib/gcc/arm-none-eabi/7.3.1/../../../../arm-none-eabi/lib/thumb/v6-m\libc_nano.a(lib_a-printf.o)
                0x0000000008006dfc                iprintf
                0x0000000008006dfc                printf
 .text._sbrk_r  0x0000000008006e30       0x24 c:/st/stm32cubeide_1.4.0/stm32cubeide/plugins/com.st.stm32cube.ide.mcu.externaltools.gnu-tools-for-stm32.7-2018-q2-update.win32_1.4.0.202007081208/tools/bin/../lib/gcc/arm-none-eabi/7.3.1/../../../../arm-none-eabi/lib/thumb/v6-m\libc_nano.a(lib_a-sbrkr.o)
                0x0000000008006e30                _sbrk_r
 .text.__sread  0x0000000008006e54       0x28 c:/st/stm32cubeide_1.4.0/stm32cubeide/plugins/com.st.stm32cube.ide.mcu.externaltools.gnu-tools-for-stm32.7-2018-q2-update.win32_1.4.0.202007081208/tools/bin/../lib/gcc/arm-none-eabi/7.3.1/../../../../arm-none-eabi/lib/thumb/v6-m\libc_nano.a(lib_a-stdio.o)
                0x0000000008006e54                __sread
 .text.__swrite
                0x0000000008006e7c       0x38 c:/st/stm32cubeide_1.4.0/stm32cubeide/plugins/com.st.stm32cube.ide.mcu.externaltools.gnu-tools-for-stm32.7-2018-q2-update.win32_1.4.0.202007081208/tools/bin/../lib/gcc/arm-none-eabi/7.3.1/../../../../arm-none-eabi/lib/thumb/v6-m\libc_nano.a(lib_a-stdio.o)
                0x0000000008006e7c                __swrite
 .text.__sseek  0x0000000008006eb4       0x2c c:/st/stm32cubeide_1.4.0/stm32cubeide/plugins/com.st.stm32cube.ide.mcu.externaltools.gnu-tools-for-stm32.7-2018-q2-update.win32_1.4.0.202007081208/tools/bin/../lib/gcc/arm-none-eabi/7.3.1/../../../../arm-none-eabi/lib/thumb/v6-m\libc_nano.a(lib_a-stdio.o)
                0x0000000008006eb4                __sseek
 .text.__sclose
                0x0000000008006ee0        0xc c:/st/stm32cubeide_1.4.0/stm32cubeide/plugins/com.st.stm32cube.ide.mcu.externaltools.gnu-tools-for-stm32.7-2018-q2-update.win32_1.4.0.202007081208/tools/bin/../lib/gcc/arm-none-eabi/7.3.1/../../../../arm-none-eabi/lib/thumb/v6-m\libc_nano.a(lib_a-stdio.o)
                0x0000000008006ee0                __sclose
 .text._write_r
                0x0000000008006eec       0x28 c:/st/stm32cubeide_1.4.0/stm32cubeide/plugins/com.st.stm32cube.ide.mcu.externaltools.gnu-tools-for-stm32.7-2018-q2-update.win32_1.4.0.202007081208/tools/bin/../lib/gcc/arm-none-eabi/7.3.1/../../../../arm-none-eabi/lib/thumb/v6-m\libc_nano.a(lib_a-writer.o)
                0x0000000008006eec                _write_r
 .text._close_r
                0x0000000008006f14       0x24 c:/st/stm32cubeide_1.4.0/stm32cubeide/plugins/com.st.stm32cube.ide.mcu.externaltools.gnu-tools-for-stm32.7-2018-q2-update.win32_1.4.0.202007081208/tools/bin/../lib/gcc/arm-none-eabi/7.3.1/../../../../arm-none-eabi/lib/thumb/v6-m\libc_nano.a(lib_a-closer.o)
                0x0000000008006f14                _close_r
 .text.__sflags
                0x0000000008006f38       0x72 c:/st/stm32cubeide_1.4.0/stm32cubeide/plugins/com.st.stm32cube.ide.mcu.externaltools.gnu-tools-for-stm32.7-2018-q2-update.win32_1.4.0.202007081208/tools/bin/../lib/gcc/arm-none-eabi/7.3.1/../../../../arm-none-eabi/lib/thumb/v6-m\libc_nano.a(lib_a-flags.o)
                0x0000000008006f38                __sflags
 *fill*         0x0000000008006faa        0x2 
 .text._fstat_r
                0x0000000008006fac       0x24 c:/st/stm32cubeide_1.4.0/stm32cubeide/plugins/com.st.stm32cube.ide.mcu.externaltools.gnu-tools-for-stm32.7-2018-q2-update.win32_1.4.0.202007081208/tools/bin/../lib/gcc/arm-none-eabi/7.3.1/../../../../arm-none-eabi/lib/thumb/v6-m\libc_nano.a(lib_a-fstatr.o)
                0x0000000008006fac                _fstat_r
 .text._isatty_r
                0x0000000008006fd0       0x24 c:/st/stm32cubeide_1.4.0/stm32cubeide/plugins/com.st.stm32cube.ide.mcu.externaltools.gnu-tools-for-stm32.7-2018-q2-update.win32_1.4.0.202007081208/tools/bin/../lib/gcc/arm-none-eabi/7.3.1/../../../../arm-none-eabi/lib/thumb/v6-m\libc_nano.a(lib_a-isattyr.o)
                0x0000000008006fd0                _isatty_r
 .text._lseek_r
                0x0000000008006ff4       0x28 c:/st/stm32cubeide_1.4.0/stm32cubeide/plugins/com.st.stm32cube.ide.mcu.externaltools.gnu-tools-for-stm32.7-2018-q2-update.win32_1.4.0.202007081208/tools/bin/../lib/gcc/arm-none-eabi/7.3.1/../../../../arm-none-eabi/lib/thumb/v6-m\libc_nano.a(lib_a-lseekr.o)
                0x0000000008006ff4                _lseek_r
 .text.__malloc_lock
                0x000000000800701c        0x2 c:/st/stm32cubeide_1.4.0/stm32cubeide/plugins/com.st.stm32cube.ide.mcu.externaltools.gnu-tools-for-stm32.7-2018-q2-update.win32_1.4.0.202007081208/tools/bin/../lib/gcc/arm-none-eabi/7.3.1/../../../../arm-none-eabi/lib/thumb/v6-m\libc_nano.a(lib_a-mlock.o)
                0x000000000800701c                __malloc_lock
 .text.__malloc_unlock
                0x000000000800701e        0x2 c:/st/stm32cubeide_1.4.0/stm32cubeide/plugins/com.st.stm32cube.ide.mcu.externaltools.gnu-tools-for-stm32.7-2018-q2-update.win32_1.4.0.202007081208/tools/bin/../lib/gcc/arm-none-eabi/7.3.1/../../../../arm-none-eabi/lib/thumb/v6-m\libc_nano.a(lib_a-mlock.o)
                0x000000000800701e                __malloc_unlock
 .text.__sfputc_r
                0x0000000008007020       0x2a c:/st/stm32cubeide_1.4.0/stm32cubeide/plugins/com.st.stm32cube.ide.mcu.externaltools.gnu-tools-for-stm32.7-2018-q2-update.win32_1.4.0.202007081208/tools/bin/../lib/gcc/arm-none-eabi/7.3.1/../../../../arm-none-eabi/lib/thumb/v6-m\libc_nano.a(lib_a-nano-vfprintf.o)
 .text.__sfputs_r
                0x000000000800704a       0x24 c:/st/stm32cubeide_1.4.0/stm32cubeide/plugins/com.st.stm32cube.ide.mcu.externaltools.gnu-tools-for-stm32.7-2018-q2-update.win32_1.4.0.202007081208/tools/bin/../lib/gcc/arm-none-eabi/7.3.1/../../../../arm-none-eabi/lib/thumb/v6-m\libc_nano.a(lib_a-nano-vfprintf.o)
                0x000000000800704a                __sfputs_r
 *fill*         0x000000000800706e        0x2 
 .text._vfprintf_r
                0x0000000008007070      0x22c c:/st/stm32cubeide_1.4.0/stm32cubeide/plugins/com.st.stm32cube.ide.mcu.externaltools.gnu-tools-for-stm32.7-2018-q2-update.win32_1.4.0.202007081208/tools/bin/../lib/gcc/arm-none-eabi/7.3.1/../../../../arm-none-eabi/lib/thumb/v6-m\libc_nano.a(lib_a-nano-vfprintf.o)
                0x0000000008007070                _vfprintf_r
                0x0000000008007070                _vfiprintf_r
 .text._printf_common
                0x000000000800729c       0xda c:/st/stm32cubeide_1.4.0/stm32cubeide/plugins/com.st.stm32cube.ide.mcu.externaltools.gnu-tools-for-stm32.7-2018-q2-update.win32_1.4.0.202007081208/tools/bin/../lib/gcc/arm-none-eabi/7.3.1/../../../../arm-none-eabi/lib/thumb/v6-m\libc_nano.a(lib_a-nano-vfprintf_i.o)
                0x000000000800729c                _printf_common
 *fill*         0x0000000008007376        0x2 
 .text._printf_i
                0x0000000008007378      0x210 c:/st/stm32cubeide_1.4.0/stm32cubeide/plugins/com.st.stm32cube.ide.mcu.externaltools.gnu-tools-for-stm32.7-2018-q2-update.win32_1.4.0.202007081208/tools/bin/../lib/gcc/arm-none-eabi/7.3.1/../../../../arm-none-eabi/lib/thumb/v6-m\libc_nano.a(lib_a-nano-vfprintf_i.o)
                0x0000000008007378                _printf_i
 .text._read_r  0x0000000008007588       0x28 c:/st/stm32cubeide_1.4.0/stm32cubeide/plugins/com.st.stm32cube.ide.mcu.externaltools.gnu-tools-for-stm32.7-2018-q2-update.win32_1.4.0.202007081208/tools/bin/../lib/gcc/arm-none-eabi/7.3.1/../../../../arm-none-eabi/lib/thumb/v6-m\libc_nano.a(lib_a-readr.o)
                0x0000000008007588                _read_r
 .text.__swbuf_r
                0x00000000080075b0       0xac c:/st/stm32cubeide_1.4.0/stm32cubeide/plugins/com.st.stm32cube.ide.mcu.externaltools.gnu-tools-for-stm32.7-2018-q2-update.win32_1.4.0.202007081208/tools/bin/../lib/gcc/arm-none-eabi/7.3.1/../../../../arm-none-eabi/lib/thumb/v6-m\libc_nano.a(lib_a-wbuf.o)
                0x00000000080075b0                __swbuf_r
 .text.__swsetup_r
                0x000000000800765c       0xec c:/st/stm32cubeide_1.4.0/stm32cubeide/plugins/com.st.stm32cube.ide.mcu.externaltools.gnu-tools-for-stm32.7-2018-q2-update.win32_1.4.0.202007081208/tools/bin/../lib/gcc/arm-none-eabi/7.3.1/../../../../arm-none-eabi/lib/thumb/v6-m\libc_nano.a(lib_a-wsetup.o)
                0x000000000800765c                __swsetup_r
 .text.memchr   0x0000000008007748       0x16 c:/st/stm32cubeide_1.4.0/stm32cubeide/plugins/com.st.stm32cube.ide.mcu.externaltools.gnu-tools-for-stm32.7-2018-q2-update.win32_1.4.0.202007081208/tools/bin/../lib/gcc/arm-none-eabi/7.3.1/../../../../arm-none-eabi/lib/thumb/v6-m\libc_nano.a(lib_a-memchr-stub.o)
                0x0000000008007748                memchr
 *(.glue_7)
 .glue_7        0x000000000800775e        0x0 linker stubs
 *(.glue_7t)
 .glue_7t       0x000000000800775e        0x0 linker stubs
 *(.eh_frame)
 *fill*         0x000000000800775e        0x2 
 .eh_frame      0x0000000008007760        0x0 c:/st/stm32cubeide_1.4.0/stm32cubeide/plugins/com.st.stm32cube.ide.mcu.externaltools.gnu-tools-for-stm32.7-2018-q2-update.win32_1.4.0.202007081208/tools/bin/../lib/gcc/arm-none-eabi/7.3.1/thumb/v6-m/crtbegin.o
 *(.init)
 .init          0x0000000008007760        0x4 c:/st/stm32cubeide_1.4.0/stm32cubeide/plugins/com.st.stm32cube.ide.mcu.externaltools.gnu-tools-for-stm32.7-2018-q2-update.win32_1.4.0.202007081208/tools/bin/../lib/gcc/arm-none-eabi/7.3.1/thumb/v6-m/crti.o
                0x0000000008007760                _init
 .init          0x0000000008007764        0x8 c:/st/stm32cubeide_1.4.0/stm32cubeide/plugins/com.st.stm32cube.ide.mcu.externaltools.gnu-tools-for-stm32.7-2018-q2-update.win32_1.4.0.202007081208/tools/bin/../lib/gcc/arm-none-eabi/7.3.1/thumb/v6-m/crtn.o
 *(.fini)
 .fini          0x000000000800776c        0x4 c:/st/stm32cubeide_1.4.0/stm32cubeide/plugins/com.st.stm32cube.ide.mcu.externaltools.gnu-tools-for-stm32.7-2018-q2-update.win32_1.4.0.202007081208/tools/bin/../lib/gcc/arm-none-eabi/7.3.1/thumb/v6-m/crti.o
                0x000000000800776c                _fini
 .fini          0x0000000008007770        0x8 c:/st/stm32cubeide_1.4.0/stm32cubeide/plugins/com.st.stm32cube.ide.mcu.externaltools.gnu-tools-for-stm32.7-2018-q2-update.win32_1.4.0.202007081208/tools/bin/../lib/gcc/arm-none-eabi/7.3.1/thumb/v6-m/crtn.o
                0x0000000008007778                . = ALIGN (0x4)
                0x0000000008007778                _etext = .

.vfp11_veneer   0x0000000008007778        0x0
 .vfp11_veneer  0x0000000008007778        0x0 linker stubs

.v4_bx          0x0000000008007778        0x0
 .v4_bx         0x0000000008007778        0x0 linker stubs

.iplt           0x0000000008007778        0x0
 .iplt          0x0000000008007778        0x0 c:/st/stm32cubeide_1.4.0/stm32cubeide/plugins/com.st.stm32cube.ide.mcu.externaltools.gnu-tools-for-stm32.7-2018-q2-update.win32_1.4.0.202007081208/tools/bin/../lib/gcc/arm-none-eabi/7.3.1/thumb/v6-m/crtbegin.o

.rodata         0x0000000008007778      0x1d8
                0x0000000008007778                . = ALIGN (0x4)
 *(.rodata)
 .rodata        0x0000000008007778       0x4a Core/Src/main.o
 *fill*         0x00000000080077c2        0x2 
 .rodata        0x00000000080077c4       0x20 Drivers/STM32F0xx_HAL_Driver/Src/stm32f0xx_hal_rcc.o
 .rodata        0x00000000080077e4       0x44 Middlewares/Third_Party/FatFs/src/ff.o
 *(.rodata*)
 .rodata.AHBPrescTable
                0x0000000008007828       0x10 Core/Src/system_stm32f0xx.o
                0x0000000008007828                AHBPrescTable
 .rodata.ExCvt  0x0000000008007838       0x80 Middlewares/Third_Party/FatFs/src/ff.o
 .rodata.__sf_fake_stderr
                0x00000000080078b8       0x20 c:/st/stm32cubeide_1.4.0/stm32cubeide/plugins/com.st.stm32cube.ide.mcu.externaltools.gnu-tools-for-stm32.7-2018-q2-update.win32_1.4.0.202007081208/tools/bin/../lib/gcc/arm-none-eabi/7.3.1/../../../../arm-none-eabi/lib/thumb/v6-m\libc_nano.a(lib_a-findfp.o)
                0x00000000080078b8                __sf_fake_stderr
 .rodata.__sf_fake_stdin
                0x00000000080078d8       0x20 c:/st/stm32cubeide_1.4.0/stm32cubeide/plugins/com.st.stm32cube.ide.mcu.externaltools.gnu-tools-for-stm32.7-2018-q2-update.win32_1.4.0.202007081208/tools/bin/../lib/gcc/arm-none-eabi/7.3.1/../../../../arm-none-eabi/lib/thumb/v6-m\libc_nano.a(lib_a-findfp.o)
                0x00000000080078d8                __sf_fake_stdin
 .rodata.__sf_fake_stdout
                0x00000000080078f8       0x20 c:/st/stm32cubeide_1.4.0/stm32cubeide/plugins/com.st.stm32cube.ide.mcu.externaltools.gnu-tools-for-stm32.7-2018-q2-update.win32_1.4.0.202007081208/tools/bin/../lib/gcc/arm-none-eabi/7.3.1/../../../../arm-none-eabi/lib/thumb/v6-m\libc_nano.a(lib_a-findfp.o)
                0x00000000080078f8                __sf_fake_stdout
 .rodata._global_impure_ptr
                0x0000000008007918        0x4 c:/st/stm32cubeide_1.4.0/stm32cubeide/plugins/com.st.stm32cube.ide.mcu.externaltools.gnu-tools-for-stm32.7-2018-q2-update.win32_1.4.0.202007081208/tools/bin/../lib/gcc/arm-none-eabi/7.3.1/../../../../arm-none-eabi/lib/thumb/v6-m\libc_nano.a(lib_a-impure.o)
                0x0000000008007918                _global_impure_ptr
 .rodata._vfprintf_r.str1.1
                0x000000000800791c       0x11 c:/st/stm32cubeide_1.4.0/stm32cubeide/plugins/com.st.stm32cube.ide.mcu.externaltools.gnu-tools-for-stm32.7-2018-q2-update.win32_1.4.0.202007081208/tools/bin/../lib/gcc/arm-none-eabi/7.3.1/../../../../arm-none-eabi/lib/thumb/v6-m\libc_nano.a(lib_a-nano-vfprintf.o)
 .rodata._printf_i.str1.1
                0x000000000800792d       0x22 c:/st/stm32cubeide_1.4.0/stm32cubeide/plugins/com.st.stm32cube.ide.mcu.externaltools.gnu-tools-for-stm32.7-2018-q2-update.win32_1.4.0.202007081208/tools/bin/../lib/gcc/arm-none-eabi/7.3.1/../../../../arm-none-eabi/lib/thumb/v6-m\libc_nano.a(lib_a-nano-vfprintf_i.o)
                0x0000000008007950                . = ALIGN (0x4)
 *fill*         0x000000000800794f        0x1 

.rel.dyn        0x0000000008007950        0x0
 .rel.iplt      0x0000000008007950        0x0 c:/st/stm32cubeide_1.4.0/stm32cubeide/plugins/com.st.stm32cube.ide.mcu.externaltools.gnu-tools-for-stm32.7-2018-q2-update.win32_1.4.0.202007081208/tools/bin/../lib/gcc/arm-none-eabi/7.3.1/thumb/v6-m/crtbegin.o

.ARM.extab      0x0000000008007950        0x0
                0x0000000008007950                . = ALIGN (0x4)
 *(.ARM.extab* .gnu.linkonce.armextab.*)
                0x0000000008007950                . = ALIGN (0x4)

.ARM            0x0000000008007950        0x0
                0x0000000008007950                . = ALIGN (0x4)
                0x0000000008007950                __exidx_start = .
 *(.ARM.exidx*)
                0x0000000008007950                __exidx_end = .
                0x0000000008007950                . = ALIGN (0x4)

.preinit_array  0x0000000008007950        0x0
                0x0000000008007950                . = ALIGN (0x4)
                0x0000000008007950                PROVIDE (__preinit_array_start = .)
 *(.preinit_array*)
                0x0000000008007950                PROVIDE (__preinit_array_end = .)
                0x0000000008007950                . = ALIGN (0x4)

.init_array     0x0000000008007950        0x4
                0x0000000008007950                . = ALIGN (0x4)
                0x0000000008007950                PROVIDE (__init_array_start = .)
 *(SORT_BY_NAME(.init_array.*))
 *(.init_array*)
 .init_array    0x0000000008007950        0x4 c:/st/stm32cubeide_1.4.0/stm32cubeide/plugins/com.st.stm32cube.ide.mcu.externaltools.gnu-tools-for-stm32.7-2018-q2-update.win32_1.4.0.202007081208/tools/bin/../lib/gcc/arm-none-eabi/7.3.1/thumb/v6-m/crtbegin.o
                0x0000000008007954                PROVIDE (__init_array_end = .)
                0x0000000008007954                . = ALIGN (0x4)

.fini_array     0x0000000008007954        0x4
                0x0000000008007954                . = ALIGN (0x4)
                [!provide]                        PROVIDE (__fini_array_start = .)
 *(SORT_BY_NAME(.fini_array.*))
 *(.fini_array*)
 .fini_array    0x0000000008007954        0x4 c:/st/stm32cubeide_1.4.0/stm32cubeide/plugins/com.st.stm32cube.ide.mcu.externaltools.gnu-tools-for-stm32.7-2018-q2-update.win32_1.4.0.202007081208/tools/bin/../lib/gcc/arm-none-eabi/7.3.1/thumb/v6-m/crtbegin.o
                [!provide]                        PROVIDE (__fini_array_end = .)
                0x0000000008007958                . = ALIGN (0x4)
                0x0000000008007958                _sidata = LOADADDR (.data)

.data           0x0000000020000000       0x88 load address 0x0000000008007958
                0x0000000020000000                . = ALIGN (0x4)
                0x0000000020000000                _sdata = .
 *(.data)
 *(.data*)
 .data.SystemCoreClock
                0x0000000020000000        0x4 Core/Src/system_stm32f0xx.o
                0x0000000020000000                SystemCoreClock
 .data.uwTickPrio
                0x0000000020000004        0x4 Drivers/STM32F0xx_HAL_Driver/Src/stm32f0xx_hal.o
                0x0000000020000004                uwTickPrio
 .data.uwTickFreq
                0x0000000020000008        0x1 Drivers/STM32F0xx_HAL_Driver/Src/stm32f0xx_hal.o
                0x0000000020000008                uwTickFreq
 *fill*         0x0000000020000009        0x3 
 .data.USER_Driver
                0x000000002000000c       0x14 FATFS/Target/user_diskio.o
                0x000000002000000c                USER_Driver
 .data.Stat     0x0000000020000020        0x1 FATFS/Target/user_diskio_spi.o
 *fill*         0x0000000020000021        0x3 
 .data._impure_ptr
                0x0000000020000024        0x4 c:/st/stm32cubeide_1.4.0/stm32cubeide/plugins/com.st.stm32cube.ide.mcu.externaltools.gnu-tools-for-stm32.7-2018-q2-update.win32_1.4.0.202007081208/tools/bin/../lib/gcc/arm-none-eabi/7.3.1/../../../../arm-none-eabi/lib/thumb/v6-m\libc_nano.a(lib_a-impure.o)
                0x0000000020000024                _impure_ptr
 .data.impure_data
                0x0000000020000028       0x60 c:/st/stm32cubeide_1.4.0/stm32cubeide/plugins/com.st.stm32cube.ide.mcu.externaltools.gnu-tools-for-stm32.7-2018-q2-update.win32_1.4.0.202007081208/tools/bin/../lib/gcc/arm-none-eabi/7.3.1/../../../../arm-none-eabi/lib/thumb/v6-m\libc_nano.a(lib_a-impure.o)
                0x0000000020000088                . = ALIGN (0x4)
                0x0000000020000088                _edata = .

.igot.plt       0x0000000020000088        0x0 load address 0x00000000080079e0
 .igot.plt      0x0000000020000088        0x0 c:/st/stm32cubeide_1.4.0/stm32cubeide/plugins/com.st.stm32cube.ide.mcu.externaltools.gnu-tools-for-stm32.7-2018-q2-update.win32_1.4.0.202007081208/tools/bin/../lib/gcc/arm-none-eabi/7.3.1/thumb/v6-m/crtbegin.o
                0x0000000020000088                . = ALIGN (0x4)

.bss            0x0000000020000088      0x534 load address 0x00000000080079e0
                0x0000000020000088                _sbss = .
                0x0000000020000088                __bss_start__ = _sbss
 *(.bss)
 .bss           0x0000000020000088       0x1c c:/st/stm32cubeide_1.4.0/stm32cubeide/plugins/com.st.stm32cube.ide.mcu.externaltools.gnu-tools-for-stm32.7-2018-q2-update.win32_1.4.0.202007081208/tools/bin/../lib/gcc/arm-none-eabi/7.3.1/thumb/v6-m/crtbegin.o
 *(.bss*)
 .bss.accum     0x00000000200000a4        0x4 Core/Src/main.o
                0x00000000200000a4                accum
 .bss.__sbrk_heap_end
                0x00000000200000a8        0x4 Core/Src/sysmem.o
 .bss.CardType  0x00000000200000ac        0x1 FATFS/Target/user_diskio_spi.o
 *fill*         0x00000000200000ad        0x3 
 .bss.FatFs     0x00000000200000b0        0x4 Middlewares/Third_Party/FatFs/src/ff.o
 .bss.Fsid      0x00000000200000b4        0x2 Middlewares/Third_Party/FatFs/src/ff.o
 *fill*         0x00000000200000b6        0x2 
 .bss.Files     0x00000000200000b8       0x18 Middlewares/Third_Party/FatFs/src/ff.o
 .bss.disk      0x00000000200000d0        0xc Middlewares/Third_Party/FatFs/src/ff_gen_drv.o
                0x00000000200000d0                disk
 .bss.__malloc_free_list
                0x00000000200000dc        0x4 c:/st/stm32cubeide_1.4.0/stm32cubeide/plugins/com.st.stm32cube.ide.mcu.externaltools.gnu-tools-for-stm32.7-2018-q2-update.win32_1.4.0.202007081208/tools/bin/../lib/gcc/arm-none-eabi/7.3.1/../../../../arm-none-eabi/lib/thumb/v6-m\libc_nano.a(lib_a-nano-mallocr.o)
                0x00000000200000dc                __malloc_free_list
 .bss.__malloc_sbrk_start
                0x00000000200000e0        0x4 c:/st/stm32cubeide_1.4.0/stm32cubeide/plugins/com.st.stm32cube.ide.mcu.externaltools.gnu-tools-for-stm32.7-2018-q2-update.win32_1.4.0.202007081208/tools/bin/../lib/gcc/arm-none-eabi/7.3.1/../../../../arm-none-eabi/lib/thumb/v6-m\libc_nano.a(lib_a-nano-mallocr.o)
                0x00000000200000e0                __malloc_sbrk_start
 *(COMMON)
 COMMON         0x00000000200000e4       0x64 Core/Src/main.o
                0x00000000200000e4                hspi1
 COMMON         0x0000000020000148        0x4 Drivers/STM32F0xx_HAL_Driver/Src/stm32f0xx_hal.o
                0x0000000020000148                uwTick
 COMMON         0x000000002000014c      0x464 FATFS/App/fatfs.o
                0x000000002000014c                USERPath
                0x0000000020000150                retUSER
                0x0000000020000154                USERFile
                0x0000000020000380                USERFatFS
 COMMON         0x00000000200005b0        0x8 FATFS/Target/user_diskio_spi.o
                0x00000000200005b0                spiTimerTickStart
                0x00000000200005b4                spiTimerTickDelay
 COMMON         0x00000000200005b8        0x4 c:/st/stm32cubeide_1.4.0/stm32cubeide/plugins/com.st.stm32cube.ide.mcu.externaltools.gnu-tools-for-stm32.7-2018-q2-update.win32_1.4.0.202007081208/tools/bin/../lib/gcc/arm-none-eabi/7.3.1/../../../../arm-none-eabi/lib/thumb/v6-m\libc_nano.a(lib_a-reent.o)
                0x00000000200005b8                errno
                0x00000000200005bc                . = ALIGN (0x4)
                0x00000000200005bc                _ebss = .
                0x00000000200005bc                __bss_end__ = _ebss

._user_heap_stack
                0x00000000200005bc      0x604 load address 0x00000000080079e0
                0x00000000200005c0                . = ALIGN (0x8)
 *fill*         0x00000000200005bc        0x4 
                [!provide]                        PROVIDE (end = .)
                0x00000000200005c0                PROVIDE (_end = .)
                0x00000000200007c0                . = (. + _Min_Heap_Size)
 *fill*         0x00000000200005c0      0x200 
                0x0000000020000bc0                . = (. + _Min_Stack_Size)
 *fill*         0x00000000200007c0      0x400 
                0x0000000020000bc0                . = ALIGN (0x8)

/DISCARD/
 libc.a(*)
 libm.a(*)
 libgcc.a(*)

.ARM.attributes
                0x0000000000000000       0x28
 *(.ARM.attributes)
 .ARM.attributes
                0x0000000000000000       0x1e c:/st/stm32cubeide_1.4.0/stm32cubeide/plugins/com.st.stm32cube.ide.mcu.externaltools.gnu-tools-for-stm32.7-2018-q2-update.win32_1.4.0.202007081208/tools/bin/../lib/gcc/arm-none-eabi/7.3.1/thumb/v6-m/crti.o
 .ARM.attributes
                0x000000000000001e       0x2c c:/st/stm32cubeide_1.4.0/stm32cubeide/plugins/com.st.stm32cube.ide.mcu.externaltools.gnu-tools-for-stm32.7-2018-q2-update.win32_1.4.0.202007081208/tools/bin/../lib/gcc/arm-none-eabi/7.3.1/thumb/v6-m/crtbegin.o
 .ARM.attributes
                0x000000000000004a       0x31 Core/Src/main.o
 .ARM.attributes
                0x000000000000007b       0x31 Core/Src/stm32f0xx_hal_msp.o
 .ARM.attributes
                0x00000000000000ac       0x31 Core/Src/stm32f0xx_it.o
 .ARM.attributes
                0x00000000000000dd       0x31 Core/Src/syscalls.o
 .ARM.attributes
                0x000000000000010e       0x31 Core/Src/sysmem.o
 .ARM.attributes
                0x000000000000013f       0x31 Core/Src/system_stm32f0xx.o
 .ARM.attributes
                0x0000000000000170       0x21 Core/Startup/startup_stm32f042k6ux.o
 .ARM.attributes
                0x0000000000000191       0x31 Drivers/STM32F0xx_HAL_Driver/Src/stm32f0xx_hal.o
 .ARM.attributes
                0x00000000000001c2       0x31 Drivers/STM32F0xx_HAL_Driver/Src/stm32f0xx_hal_cortex.o
 .ARM.attributes
                0x00000000000001f3       0x31 Drivers/STM32F0xx_HAL_Driver/Src/stm32f0xx_hal_gpio.o
 .ARM.attributes
                0x0000000000000224       0x31 Drivers/STM32F0xx_HAL_Driver/Src/stm32f0xx_hal_rcc.o
 .ARM.attributes
                0x0000000000000255       0x31 Drivers/STM32F0xx_HAL_Driver/Src/stm32f0xx_hal_spi.o
 .ARM.attributes
                0x0000000000000286       0x31 FATFS/App/fatfs.o
 .ARM.attributes
                0x00000000000002b7       0x31 FATFS/Target/user_diskio.o
 .ARM.attributes
                0x00000000000002e8       0x31 FATFS/Target/user_diskio_spi.o
 .ARM.attributes
                0x0000000000000319       0x31 Middlewares/Third_Party/FatFs/src/diskio.o
 .ARM.attributes
                0x000000000000034a       0x31 Middlewares/Third_Party/FatFs/src/ff.o
 .ARM.attributes
                0x000000000000037b       0x31 Middlewares/Third_Party/FatFs/src/ff_gen_drv.o
 .ARM.attributes
                0x00000000000003ac       0x2c c:/st/stm32cubeide_1.4.0/stm32cubeide/plugins/com.st.stm32cube.ide.mcu.externaltools.gnu-tools-for-stm32.7-2018-q2-update.win32_1.4.0.202007081208/tools/bin/../lib/gcc/arm-none-eabi/7.3.1/../../../../arm-none-eabi/lib/thumb/v6-m\libc_nano.a(lib_a-errno.o)
 .ARM.attributes
                0x00000000000003d8       0x2c c:/st/stm32cubeide_1.4.0/stm32cubeide/plugins/com.st.stm32cube.ide.mcu.externaltools.gnu-tools-for-stm32.7-2018-q2-update.win32_1.4.0.202007081208/tools/bin/../lib/gcc/arm-none-eabi/7.3.1/../../../../arm-none-eabi/lib/thumb/v6-m\libc_nano.a(lib_a-fclose.o)
 .ARM.attributes
                0x0000000000000404       0x2c c:/st/stm32cubeide_1.4.0/stm32cubeide/plugins/com.st.stm32cube.ide.mcu.externaltools.gnu-tools-for-stm32.7-2018-q2-update.win32_1.4.0.202007081208/tools/bin/../lib/gcc/arm-none-eabi/7.3.1/../../../../arm-none-eabi/lib/thumb/v6-m\libc_nano.a(lib_a-fflush.o)
 .ARM.attributes
                0x0000000000000430       0x2c c:/st/stm32cubeide_1.4.0/stm32cubeide/plugins/com.st.stm32cube.ide.mcu.externaltools.gnu-tools-for-stm32.7-2018-q2-update.win32_1.4.0.202007081208/tools/bin/../lib/gcc/arm-none-eabi/7.3.1/../../../../arm-none-eabi/lib/thumb/v6-m\libc_nano.a(lib_a-findfp.o)
 .ARM.attributes
                0x000000000000045c       0x2c c:/st/stm32cubeide_1.4.0/stm32cubeide/plugins/com.st.stm32cube.ide.mcu.externaltools.gnu-tools-for-stm32.7-2018-q2-update.win32_1.4.0.202007081208/tools/bin/../lib/gcc/arm-none-eabi/7.3.1/../../../../arm-none-eabi/lib/thumb/v6-m\libc_nano.a(lib_a-fopen.o)
 .ARM.attributes
                0x0000000000000488       0x2c c:/st/stm32cubeide_1.4.0/stm32cubeide/plugins/com.st.stm32cube.ide.mcu.externaltools.gnu-tools-for-stm32.7-2018-q2-update.win32_1.4.0.202007081208/tools/bin/../lib/gcc/arm-none-eabi/7.3.1/../../../../arm-none-eabi/lib/thumb/v6-m\libc_nano.a(lib_a-fseek.o)
 .ARM.attributes
                0x00000000000004b4       0x2c c:/st/stm32cubeide_1.4.0/stm32cubeide/plugins/com.st.stm32cube.ide.mcu.externaltools.gnu-tools-for-stm32.7-2018-q2-update.win32_1.4.0.202007081208/tools/bin/../lib/gcc/arm-none-eabi/7.3.1/../../../../arm-none-eabi/lib/thumb/v6-m\libc_nano.a(lib_a-fseeko.o)
 .ARM.attributes
                0x00000000000004e0       0x2c c:/st/stm32cubeide_1.4.0/stm32cubeide/plugins/com.st.stm32cube.ide.mcu.externaltools.gnu-tools-for-stm32.7-2018-q2-update.win32_1.4.0.202007081208/tools/bin/../lib/gcc/arm-none-eabi/7.3.1/../../../../arm-none-eabi/lib/thumb/v6-m\libc_nano.a(lib_a-ftell.o)
 .ARM.attributes
                0x000000000000050c       0x2c c:/st/stm32cubeide_1.4.0/stm32cubeide/plugins/com.st.stm32cube.ide.mcu.externaltools.gnu-tools-for-stm32.7-2018-q2-update.win32_1.4.0.202007081208/tools/bin/../lib/gcc/arm-none-eabi/7.3.1/../../../../arm-none-eabi/lib/thumb/v6-m\libc_nano.a(lib_a-ftello.o)
 .ARM.attributes
                0x0000000000000538       0x2c c:/st/stm32cubeide_1.4.0/stm32cubeide/plugins/com.st.stm32cube.ide.mcu.externaltools.gnu-tools-for-stm32.7-2018-q2-update.win32_1.4.0.202007081208/tools/bin/../lib/gcc/arm-none-eabi/7.3.1/../../../../arm-none-eabi/lib/thumb/v6-m\libc_nano.a(lib_a-fwalk.o)
 .ARM.attributes
                0x0000000000000564       0x2c c:/st/stm32cubeide_1.4.0/stm32cubeide/plugins/com.st.stm32cube.ide.mcu.externaltools.gnu-tools-for-stm32.7-2018-q2-update.win32_1.4.0.202007081208/tools/bin/../lib/gcc/arm-none-eabi/7.3.1/../../../../arm-none-eabi/lib/thumb/v6-m\libc_nano.a(lib_a-impure.o)
 .ARM.attributes
                0x0000000000000590       0x2c c:/st/stm32cubeide_1.4.0/stm32cubeide/plugins/com.st.stm32cube.ide.mcu.externaltools.gnu-tools-for-stm32.7-2018-q2-update.win32_1.4.0.202007081208/tools/bin/../lib/gcc/arm-none-eabi/7.3.1/../../../../arm-none-eabi/lib/thumb/v6-m\libc_nano.a(lib_a-init.o)
 .ARM.attributes
                0x00000000000005bc       0x2c c:/st/stm32cubeide_1.4.0/stm32cubeide/plugins/com.st.stm32cube.ide.mcu.externaltools.gnu-tools-for-stm32.7-2018-q2-update.win32_1.4.0.202007081208/tools/bin/../lib/gcc/arm-none-eabi/7.3.1/../../../../arm-none-eabi/lib/thumb/v6-m\libc_nano.a(lib_a-makebuf.o)
 .ARM.attributes
                0x00000000000005e8       0x2c c:/st/stm32cubeide_1.4.0/stm32cubeide/plugins/com.st.stm32cube.ide.mcu.externaltools.gnu-tools-for-stm32.7-2018-q2-update.win32_1.4.0.202007081208/tools/bin/../lib/gcc/arm-none-eabi/7.3.1/../../../../arm-none-eabi/lib/thumb/v6-m\libc_nano.a(lib_a-memcpy-stub.o)
 .ARM.attributes
                0x0000000000000614       0x2c c:/st/stm32cubeide_1.4.0/stm32cubeide/plugins/com.st.stm32cube.ide.mcu.externaltools.gnu-tools-for-stm32.7-2018-q2-update.win32_1.4.0.202007081208/tools/bin/../lib/gcc/arm-none-eabi/7.3.1/../../../../arm-none-eabi/lib/thumb/v6-m\libc_nano.a(lib_a-memset.o)
 .ARM.attributes
                0x0000000000000640       0x2c c:/st/stm32cubeide_1.4.0/stm32cubeide/plugins/com.st.stm32cube.ide.mcu.externaltools.gnu-tools-for-stm32.7-2018-q2-update.win32_1.4.0.202007081208/tools/bin/../lib/gcc/arm-none-eabi/7.3.1/../../../../arm-none-eabi/lib/thumb/v6-m\libc_nano.a(lib_a-nano-freer.o)
 .ARM.attributes
                0x000000000000066c       0x2c c:/st/stm32cubeide_1.4.0/stm32cubeide/plugins/com.st.stm32cube.ide.mcu.externaltools.gnu-tools-for-stm32.7-2018-q2-update.win32_1.4.0.202007081208/tools/bin/../lib/gcc/arm-none-eabi/7.3.1/../../../../arm-none-eabi/lib/thumb/v6-m\libc_nano.a(lib_a-nano-mallocr.o)
 .ARM.attributes
                0x0000000000000698       0x2c c:/st/stm32cubeide_1.4.0/stm32cubeide/plugins/com.st.stm32cube.ide.mcu.externaltools.gnu-tools-for-stm32.7-2018-q2-update.win32_1.4.0.202007081208/tools/bin/../lib/gcc/arm-none-eabi/7.3.1/../../../../arm-none-eabi/lib/thumb/v6-m\libc_nano.a(lib_a-openr.o)
 .ARM.attributes
                0x00000000000006c4       0x2c c:/st/stm32cubeide_1.4.0/stm32cubeide/plugins/com.st.stm32cube.ide.mcu.externaltools.gnu-tools-for-stm32.7-2018-q2-update.win32_1.4.0.202007081208/tools/bin/../lib/gcc/arm-none-eabi/7.3.1/../../../../arm-none-eabi/lib/thumb/v6-m\libc_nano.a(lib_a-printf.o)
 .ARM.attributes
                0x00000000000006f0       0x2c c:/st/stm32cubeide_1.4.0/stm32cubeide/plugins/com.st.stm32cube.ide.mcu.externaltools.gnu-tools-for-stm32.7-2018-q2-update.win32_1.4.0.202007081208/tools/bin/../lib/gcc/arm-none-eabi/7.3.1/../../../../arm-none-eabi/lib/thumb/v6-m\libc_nano.a(lib_a-reent.o)
 .ARM.attributes
                0x000000000000071c       0x2c c:/st/stm32cubeide_1.4.0/stm32cubeide/plugins/com.st.stm32cube.ide.mcu.externaltools.gnu-tools-for-stm32.7-2018-q2-update.win32_1.4.0.202007081208/tools/bin/../lib/gcc/arm-none-eabi/7.3.1/../../../../arm-none-eabi/lib/thumb/v6-m\libc_nano.a(lib_a-sbrkr.o)
 .ARM.attributes
                0x0000000000000748       0x2c c:/st/stm32cubeide_1.4.0/stm32cubeide/plugins/com.st.stm32cube.ide.mcu.externaltools.gnu-tools-for-stm32.7-2018-q2-update.win32_1.4.0.202007081208/tools/bin/../lib/gcc/arm-none-eabi/7.3.1/../../../../arm-none-eabi/lib/thumb/v6-m\libc_nano.a(lib_a-stdio.o)
 .ARM.attributes
                0x0000000000000774       0x1c c:/st/stm32cubeide_1.4.0/stm32cubeide/plugins/com.st.stm32cube.ide.mcu.externaltools.gnu-tools-for-stm32.7-2018-q2-update.win32_1.4.0.202007081208/tools/bin/../lib/gcc/arm-none-eabi/7.3.1/../../../../arm-none-eabi/lib/thumb/v6-m\libc_nano.a(lib_a-strlen.o)
 .ARM.attributes
                0x0000000000000790       0x2c c:/st/stm32cubeide_1.4.0/stm32cubeide/plugins/com.st.stm32cube.ide.mcu.externaltools.gnu-tools-for-stm32.7-2018-q2-update.win32_1.4.0.202007081208/tools/bin/../lib/gcc/arm-none-eabi/7.3.1/../../../../arm-none-eabi/lib/thumb/v6-m\libc_nano.a(lib_a-writer.o)
 .ARM.attributes
                0x00000000000007bc       0x2c c:/st/stm32cubeide_1.4.0/stm32cubeide/plugins/com.st.stm32cube.ide.mcu.externaltools.gnu-tools-for-stm32.7-2018-q2-update.win32_1.4.0.202007081208/tools/bin/../lib/gcc/arm-none-eabi/7.3.1/../../../../arm-none-eabi/lib/thumb/v6-m\libc_nano.a(lib_a-closer.o)
 .ARM.attributes
                0x00000000000007e8       0x2c c:/st/stm32cubeide_1.4.0/stm32cubeide/plugins/com.st.stm32cube.ide.mcu.externaltools.gnu-tools-for-stm32.7-2018-q2-update.win32_1.4.0.202007081208/tools/bin/../lib/gcc/arm-none-eabi/7.3.1/../../../../arm-none-eabi/lib/thumb/v6-m\libc_nano.a(lib_a-flags.o)
 .ARM.attributes
                0x0000000000000814       0x2c c:/st/stm32cubeide_1.4.0/stm32cubeide/plugins/com.st.stm32cube.ide.mcu.externaltools.gnu-tools-for-stm32.7-2018-q2-update.win32_1.4.0.202007081208/tools/bin/../lib/gcc/arm-none-eabi/7.3.1/../../../../arm-none-eabi/lib/thumb/v6-m\libc_nano.a(lib_a-fstatr.o)
 .ARM.attributes
                0x0000000000000840       0x2c c:/st/stm32cubeide_1.4.0/stm32cubeide/plugins/com.st.stm32cube.ide.mcu.externaltools.gnu-tools-for-stm32.7-2018-q2-update.win32_1.4.0.202007081208/tools/bin/../lib/gcc/arm-none-eabi/7.3.1/../../../../arm-none-eabi/lib/thumb/v6-m\libc_nano.a(lib_a-isattyr.o)
 .ARM.attributes
                0x000000000000086c       0x2c c:/st/stm32cubeide_1.4.0/stm32cubeide/plugins/com.st.stm32cube.ide.mcu.externaltools.gnu-tools-for-stm32.7-2018-q2-update.win32_1.4.0.202007081208/tools/bin/../lib/gcc/arm-none-eabi/7.3.1/../../../../arm-none-eabi/lib/thumb/v6-m\libc_nano.a(lib_a-lseekr.o)
 .ARM.attributes
                0x0000000000000898       0x2c c:/st/stm32cubeide_1.4.0/stm32cubeide/plugins/com.st.stm32cube.ide.mcu.externaltools.gnu-tools-for-stm32.7-2018-q2-update.win32_1.4.0.202007081208/tools/bin/../lib/gcc/arm-none-eabi/7.3.1/../../../../arm-none-eabi/lib/thumb/v6-m\libc_nano.a(lib_a-mlock.o)
 .ARM.attributes
                0x00000000000008c4       0x2c c:/st/stm32cubeide_1.4.0/stm32cubeide/plugins/com.st.stm32cube.ide.mcu.externaltools.gnu-tools-for-stm32.7-2018-q2-update.win32_1.4.0.202007081208/tools/bin/../lib/gcc/arm-none-eabi/7.3.1/../../../../arm-none-eabi/lib/thumb/v6-m\libc_nano.a(lib_a-nano-vfprintf.o)
 .ARM.attributes
                0x00000000000008f0       0x2c c:/st/stm32cubeide_1.4.0/stm32cubeide/plugins/com.st.stm32cube.ide.mcu.externaltools.gnu-tools-for-stm32.7-2018-q2-update.win32_1.4.0.202007081208/tools/bin/../lib/gcc/arm-none-eabi/7.3.1/../../../../arm-none-eabi/lib/thumb/v6-m\libc_nano.a(lib_a-nano-vfprintf_i.o)
 .ARM.attributes
                0x000000000000091c       0x2c c:/st/stm32cubeide_1.4.0/stm32cubeide/plugins/com.st.stm32cube.ide.mcu.externaltools.gnu-tools-for-stm32.7-2018-q2-update.win32_1.4.0.202007081208/tools/bin/../lib/gcc/arm-none-eabi/7.3.1/../../../../arm-none-eabi/lib/thumb/v6-m\libc_nano.a(lib_a-readr.o)
 .ARM.attributes
                0x0000000000000948       0x2c c:/st/stm32cubeide_1.4.0/stm32cubeide/plugins/com.st.stm32cube.ide.mcu.externaltools.gnu-tools-for-stm32.7-2018-q2-update.win32_1.4.0.202007081208/tools/bin/../lib/gcc/arm-none-eabi/7.3.1/../../../../arm-none-eabi/lib/thumb/v6-m\libc_nano.a(lib_a-wbuf.o)
 .ARM.attributes
                0x0000000000000974       0x2c c:/st/stm32cubeide_1.4.0/stm32cubeide/plugins/com.st.stm32cube.ide.mcu.externaltools.gnu-tools-for-stm32.7-2018-q2-update.win32_1.4.0.202007081208/tools/bin/../lib/gcc/arm-none-eabi/7.3.1/../../../../arm-none-eabi/lib/thumb/v6-m\libc_nano.a(lib_a-wsetup.o)
 .ARM.attributes
                0x00000000000009a0       0x2c c:/st/stm32cubeide_1.4.0/stm32cubeide/plugins/com.st.stm32cube.ide.mcu.externaltools.gnu-tools-for-stm32.7-2018-q2-update.win32_1.4.0.202007081208/tools/bin/../lib/gcc/arm-none-eabi/7.3.1/../../../../arm-none-eabi/lib/thumb/v6-m\libc_nano.a(lib_a-memchr-stub.o)
 .ARM.attributes
                0x00000000000009cc       0x1e c:/st/stm32cubeide_1.4.0/stm32cubeide/plugins/com.st.stm32cube.ide.mcu.externaltools.gnu-tools-for-stm32.7-2018-q2-update.win32_1.4.0.202007081208/tools/bin/../lib/gcc/arm-none-eabi/7.3.1/thumb/v6-m\libgcc.a(_udivsi3.o)
 .ARM.attributes
                0x00000000000009ea       0x1e c:/st/stm32cubeide_1.4.0/stm32cubeide/plugins/com.st.stm32cube.ide.mcu.externaltools.gnu-tools-for-stm32.7-2018-q2-update.win32_1.4.0.202007081208/tools/bin/../lib/gcc/arm-none-eabi/7.3.1/thumb/v6-m\libgcc.a(_dvmd_tls.o)
 .ARM.attributes
                0x0000000000000a08       0x1e c:/st/stm32cubeide_1.4.0/stm32cubeide/plugins/com.st.stm32cube.ide.mcu.externaltools.gnu-tools-for-stm32.7-2018-q2-update.win32_1.4.0.202007081208/tools/bin/../lib/gcc/arm-none-eabi/7.3.1/thumb/v6-m/crtn.o
OUTPUT(TSAR2.0.elf elf32-littlearm)

.debug_info     0x0000000000000000     0xb8f8
 .debug_info    0x0000000000000000     0x1953 Core/Src/main.o
 .debug_info    0x0000000000001953      0x898 Core/Src/stm32f0xx_hal_msp.o
 .debug_info    0x00000000000021eb      0x1a2 Core/Src/stm32f0xx_it.o
 .debug_info    0x000000000000238d      0xebd Core/Src/syscalls.o
 .debug_info    0x000000000000324a      0x985 Core/Src/sysmem.o
 .debug_info    0x0000000000003bcf      0x29e Core/Src/system_stm32f0xx.o
 .debug_info    0x0000000000003e6d       0x22 Core/Startup/startup_stm32f042k6ux.o
 .debug_info    0x0000000000003e8f      0x69d Drivers/STM32F0xx_HAL_Driver/Src/stm32f0xx_hal.o
 .debug_info    0x000000000000452c      0x76e Drivers/STM32F0xx_HAL_Driver/Src/stm32f0xx_hal_cortex.o
 .debug_info    0x0000000000004c9a      0x689 Drivers/STM32F0xx_HAL_Driver/Src/stm32f0xx_hal_gpio.o
 .debug_info    0x0000000000005323      0x82d Drivers/STM32F0xx_HAL_Driver/Src/stm32f0xx_hal_rcc.o
 .debug_info    0x0000000000005b50     0x164e Drivers/STM32F0xx_HAL_Driver/Src/stm32f0xx_hal_spi.o
 .debug_info    0x000000000000719e      0x572 FATFS/App/fatfs.o
 .debug_info    0x0000000000007710      0xbfa FATFS/Target/user_diskio.o
 .debug_info    0x000000000000830a      0xbf5 FATFS/Target/user_diskio_spi.o
 .debug_info    0x0000000000008eff      0x49f Middlewares/Third_Party/FatFs/src/diskio.o
 .debug_info    0x000000000000939e     0x211d Middlewares/Third_Party/FatFs/src/ff.o
 .debug_info    0x000000000000b4bb      0x43d Middlewares/Third_Party/FatFs/src/ff_gen_drv.o

.debug_abbrev   0x0000000000000000     0x20b2
 .debug_abbrev  0x0000000000000000      0x331 Core/Src/main.o
 .debug_abbrev  0x0000000000000331      0x18c Core/Src/stm32f0xx_hal_msp.o
 .debug_abbrev  0x00000000000004bd       0xc6 Core/Src/stm32f0xx_it.o
 .debug_abbrev  0x0000000000000583      0x261 Core/Src/syscalls.o
 .debug_abbrev  0x00000000000007e4      0x19b Core/Src/sysmem.o
 .debug_abbrev  0x000000000000097f      0x12b Core/Src/system_stm32f0xx.o
 .debug_abbrev  0x0000000000000aaa       0x12 Core/Startup/startup_stm32f042k6ux.o
 .debug_abbrev  0x0000000000000abc      0x1f2 Drivers/STM32F0xx_HAL_Driver/Src/stm32f0xx_hal.o
 .debug_abbrev  0x0000000000000cae      0x273 Drivers/STM32F0xx_HAL_Driver/Src/stm32f0xx_hal_cortex.o
 .debug_abbrev  0x0000000000000f21      0x1c0 Drivers/STM32F0xx_HAL_Driver/Src/stm32f0xx_hal_gpio.o
 .debug_abbrev  0x00000000000010e1      0x20f Drivers/STM32F0xx_HAL_Driver/Src/stm32f0xx_hal_rcc.o
 .debug_abbrev  0x00000000000012f0      0x228 Drivers/STM32F0xx_HAL_Driver/Src/stm32f0xx_hal_spi.o
 .debug_abbrev  0x0000000000001518      0x17d FATFS/App/fatfs.o
 .debug_abbrev  0x0000000000001695      0x1f1 FATFS/Target/user_diskio.o
 .debug_abbrev  0x0000000000001886      0x29c FATFS/Target/user_diskio_spi.o
 .debug_abbrev  0x0000000000001b22      0x16f Middlewares/Third_Party/FatFs/src/diskio.o
 .debug_abbrev  0x0000000000001c91      0x285 Middlewares/Third_Party/FatFs/src/ff.o
 .debug_abbrev  0x0000000000001f16      0x19c Middlewares/Third_Party/FatFs/src/ff_gen_drv.o

.debug_aranges  0x0000000000000000      0x9d0
 .debug_aranges
                0x0000000000000000       0x98 Core/Src/main.o
 .debug_aranges
                0x0000000000000098       0x30 Core/Src/stm32f0xx_hal_msp.o
 .debug_aranges
                0x00000000000000c8       0x40 Core/Src/stm32f0xx_it.o
 .debug_aranges
                0x0000000000000108       0xa8 Core/Src/syscalls.o
 .debug_aranges
                0x00000000000001b0       0x20 Core/Src/sysmem.o
 .debug_aranges
                0x00000000000001d0       0x28 Core/Src/system_stm32f0xx.o
 .debug_aranges
                0x00000000000001f8       0x28 Core/Startup/startup_stm32f042k6ux.o
 .debug_aranges
                0x0000000000000220       0xd0 Drivers/STM32F0xx_HAL_Driver/Src/stm32f0xx_hal.o
 .debug_aranges
                0x00000000000002f0       0xc0 Drivers/STM32F0xx_HAL_Driver/Src/stm32f0xx_hal_cortex.o
 .debug_aranges
                0x00000000000003b0       0x58 Drivers/STM32F0xx_HAL_Driver/Src/stm32f0xx_hal_gpio.o
 .debug_aranges
                0x0000000000000408       0x80 Drivers/STM32F0xx_HAL_Driver/Src/stm32f0xx_hal_rcc.o
 .debug_aranges
                0x0000000000000488      0x1d8 Drivers/STM32F0xx_HAL_Driver/Src/stm32f0xx_hal_spi.o
 .debug_aranges
                0x0000000000000660       0x28 FATFS/App/fatfs.o
 .debug_aranges
                0x0000000000000688       0x40 FATFS/Target/user_diskio.o
 .debug_aranges
                0x00000000000006c8       0x98 FATFS/Target/user_diskio_spi.o
 .debug_aranges
                0x0000000000000760       0x48 Middlewares/Third_Party/FatFs/src/diskio.o
 .debug_aranges
                0x00000000000007a8      0x1e8 Middlewares/Third_Party/FatFs/src/ff.o
 .debug_aranges
                0x0000000000000990       0x40 Middlewares/Third_Party/FatFs/src/ff_gen_drv.o

.debug_ranges   0x0000000000000000      0x8b8
 .debug_ranges  0x0000000000000000       0x88 Core/Src/main.o
 .debug_ranges  0x0000000000000088       0x20 Core/Src/stm32f0xx_hal_msp.o
 .debug_ranges  0x00000000000000a8       0x30 Core/Src/stm32f0xx_it.o
 .debug_ranges  0x00000000000000d8       0x98 Core/Src/syscalls.o
 .debug_ranges  0x0000000000000170       0x10 Core/Src/sysmem.o
 .debug_ranges  0x0000000000000180       0x18 Core/Src/system_stm32f0xx.o
 .debug_ranges  0x0000000000000198       0x20 Core/Startup/startup_stm32f042k6ux.o
 .debug_ranges  0x00000000000001b8       0xc0 Drivers/STM32F0xx_HAL_Driver/Src/stm32f0xx_hal.o
 .debug_ranges  0x0000000000000278       0xb0 Drivers/STM32F0xx_HAL_Driver/Src/stm32f0xx_hal_cortex.o
 .debug_ranges  0x0000000000000328       0x48 Drivers/STM32F0xx_HAL_Driver/Src/stm32f0xx_hal_gpio.o
 .debug_ranges  0x0000000000000370       0x70 Drivers/STM32F0xx_HAL_Driver/Src/stm32f0xx_hal_rcc.o
 .debug_ranges  0x00000000000003e0      0x1c8 Drivers/STM32F0xx_HAL_Driver/Src/stm32f0xx_hal_spi.o
 .debug_ranges  0x00000000000005a8       0x18 FATFS/App/fatfs.o
 .debug_ranges  0x00000000000005c0       0x30 FATFS/Target/user_diskio.o
 .debug_ranges  0x00000000000005f0       0x88 FATFS/Target/user_diskio_spi.o
 .debug_ranges  0x0000000000000678       0x38 Middlewares/Third_Party/FatFs/src/diskio.o
 .debug_ranges  0x00000000000006b0      0x1d8 Middlewares/Third_Party/FatFs/src/ff.o
 .debug_ranges  0x0000000000000888       0x30 Middlewares/Third_Party/FatFs/src/ff_gen_drv.o

.debug_macro    0x0000000000000000    0x1a5b2
 .debug_macro   0x0000000000000000      0x3df Core/Src/main.o
 .debug_macro   0x00000000000003df      0xa48 Core/Src/main.o
 .debug_macro   0x0000000000000e27      0x12d Core/Src/main.o
 .debug_macro   0x0000000000000f54       0x2e Core/Src/main.o
 .debug_macro   0x0000000000000f82       0x22 Core/Src/main.o
 .debug_macro   0x0000000000000fa4       0x22 Core/Src/main.o
 .debug_macro   0x0000000000000fc6       0x8e Core/Src/main.o
 .debug_macro   0x0000000000001054       0x51 Core/Src/main.o
 .debug_macro   0x00000000000010a5       0xef Core/Src/main.o
 .debug_macro   0x0000000000001194       0x6a Core/Src/main.o
 .debug_macro   0x00000000000011fe      0x1df Core/Src/main.o
 .debug_macro   0x00000000000013dd       0x1c Core/Src/main.o
 .debug_macro   0x00000000000013f9       0x22 Core/Src/main.o
 .debug_macro   0x000000000000141b       0xb5 Core/Src/main.o
 .debug_macro   0x00000000000014d0      0x391 Core/Src/main.o
 .debug_macro   0x0000000000001861     0xf1e6 Core/Src/main.o
 .debug_macro   0x0000000000010a47       0x3c Core/Src/main.o
 .debug_macro   0x0000000000010a83     0x3461 Core/Src/main.o
 .debug_macro   0x0000000000013ee4      0x174 Core/Src/main.o
 .debug_macro   0x0000000000014058       0x55 Core/Src/main.o
 .debug_macro   0x00000000000140ad      0x946 Core/Src/main.o
 .debug_macro   0x00000000000149f3      0x46b Core/Src/main.o
 .debug_macro   0x0000000000014e5e      0x12f Core/Src/main.o
 .debug_macro   0x0000000000014f8d      0x130 Core/Src/main.o
 .debug_macro   0x00000000000150bd      0x199 Core/Src/main.o
 .debug_macro   0x0000000000015256      0x1ed Core/Src/main.o
 .debug_macro   0x0000000000015443       0x34 Core/Src/main.o
 .debug_macro   0x0000000000015477       0x43 Core/Src/main.o
 .debug_macro   0x00000000000154ba       0x28 Core/Src/main.o
 .debug_macro   0x00000000000154e2       0xb0 Core/Src/main.o
 .debug_macro   0x0000000000015592      0x182 Core/Src/main.o
 .debug_macro   0x0000000000015714      0x22c Core/Src/main.o
 .debug_macro   0x0000000000015940       0x60 Core/Src/main.o
 .debug_macro   0x00000000000159a0       0xa5 Core/Src/main.o
 .debug_macro   0x0000000000015a45       0x4c Core/Src/main.o
 .debug_macro   0x0000000000015a91      0x15b Core/Src/main.o
 .debug_macro   0x0000000000015bec      0x2fe Core/Src/main.o
 .debug_macro   0x0000000000015eea      0x12e Core/Src/main.o
 .debug_macro   0x0000000000016018       0xb2 Core/Src/main.o
 .debug_macro   0x00000000000160ca       0xde Core/Src/main.o
 .debug_macro   0x00000000000161a8       0xf5 Core/Src/main.o
 .debug_macro   0x000000000001629d       0x8e Core/Src/main.o
 .debug_macro   0x000000000001632b       0x46 Core/Src/main.o
 .debug_macro   0x0000000000016371       0x18 Core/Src/main.o
 .debug_macro   0x0000000000016389       0x3c Core/Src/main.o
 .debug_macro   0x00000000000163c5       0x34 Core/Src/main.o
 .debug_macro   0x00000000000163f9       0x52 Core/Src/main.o
 .debug_macro   0x000000000001644b       0x1f Core/Src/main.o
 .debug_macro   0x000000000001646a       0x43 Core/Src/main.o
 .debug_macro   0x00000000000164ad       0x20 Core/Src/main.o
 .debug_macro   0x00000000000164cd      0x1a3 Core/Src/main.o
 .debug_macro   0x0000000000016670      0x32a Core/Src/main.o
 .debug_macro   0x000000000001699a       0x10 Core/Src/main.o
 .debug_macro   0x00000000000169aa       0x35 Core/Src/main.o
 .debug_macro   0x00000000000169df       0x20 Core/Src/main.o
 .debug_macro   0x00000000000169ff       0x16 Core/Src/main.o
 .debug_macro   0x0000000000016a15       0x10 Core/Src/main.o
 .debug_macro   0x0000000000016a25       0x1c Core/Src/main.o
 .debug_macro   0x0000000000016a41       0x52 Core/Src/main.o
 .debug_macro   0x0000000000016a93       0x40 Core/Src/main.o
 .debug_macro   0x0000000000016ad3       0x10 Core/Src/main.o
 .debug_macro   0x0000000000016ae3       0x40 Core/Src/main.o
 .debug_macro   0x0000000000016b23       0xd7 Core/Src/main.o
 .debug_macro   0x0000000000016bfa       0x1c Core/Src/main.o
 .debug_macro   0x0000000000016c16       0x3d Core/Src/main.o
 .debug_macro   0x0000000000016c53      0x51a Core/Src/main.o
 .debug_macro   0x000000000001716d       0x16 Core/Src/main.o
 .debug_macro   0x0000000000017183       0x16 Core/Src/main.o
 .debug_macro   0x0000000000017199       0x29 Core/Src/main.o
 .debug_macro   0x00000000000171c2       0x1c Core/Src/main.o
 .debug_macro   0x00000000000171de       0x10 Core/Src/main.o
 .debug_macro   0x00000000000171ee       0x10 Core/Src/main.o
 .debug_macro   0x00000000000171fe       0x16 Core/Src/main.o
 .debug_macro   0x0000000000017214      0x130 Core/Src/main.o
 .debug_macro   0x0000000000017344      0x1be Core/Src/stm32f0xx_hal_msp.o
 .debug_macro   0x0000000000017502      0x1c8 Core/Src/stm32f0xx_it.o
 .debug_macro   0x00000000000176ca      0x243 Core/Src/syscalls.o
 .debug_macro   0x000000000001790d       0x40 Core/Src/syscalls.o
 .debug_macro   0x000000000001794d       0x94 Core/Src/syscalls.o
 .debug_macro   0x00000000000179e1       0x57 Core/Src/syscalls.o
 .debug_macro   0x0000000000017a38      0x330 Core/Src/syscalls.o
 .debug_macro   0x0000000000017d68       0x10 Core/Src/syscalls.o
 .debug_macro   0x0000000000017d78       0x10 Core/Src/syscalls.o
 .debug_macro   0x0000000000017d88       0x10 Core/Src/syscalls.o
 .debug_macro   0x0000000000017d98       0x35 Core/Src/syscalls.o
 .debug_macro   0x0000000000017dcd      0x122 Core/Src/syscalls.o
 .debug_macro   0x0000000000017eef       0x10 Core/Src/syscalls.o
 .debug_macro   0x0000000000017eff      0x241 Core/Src/syscalls.o
 .debug_macro   0x0000000000018140      0x145 Core/Src/syscalls.o
 .debug_macro   0x0000000000018285      0x189 Core/Src/syscalls.o
 .debug_macro   0x000000000001840e       0x16 Core/Src/syscalls.o
 .debug_macro   0x0000000000018424       0x88 Core/Src/syscalls.o
 .debug_macro   0x00000000000184ac       0xee Core/Src/sysmem.o
 .debug_macro   0x000000000001859a      0x23b Core/Src/sysmem.o
 .debug_macro   0x00000000000187d5      0x1af Core/Src/system_stm32f0xx.o
 .debug_macro   0x0000000000018984      0x1d3 Drivers/STM32F0xx_HAL_Driver/Src/stm32f0xx_hal.o
 .debug_macro   0x0000000000018b57      0x1af Drivers/STM32F0xx_HAL_Driver/Src/stm32f0xx_hal_cortex.o
 .debug_macro   0x0000000000018d06      0x1e7 Drivers/STM32F0xx_HAL_Driver/Src/stm32f0xx_hal_gpio.o
 .debug_macro   0x0000000000018eed      0x1c1 Drivers/STM32F0xx_HAL_Driver/Src/stm32f0xx_hal_rcc.o
 .debug_macro   0x00000000000190ae      0x1b7 Drivers/STM32F0xx_HAL_Driver/Src/stm32f0xx_hal_spi.o
 .debug_macro   0x0000000000019265      0x211 FATFS/App/fatfs.o
 .debug_macro   0x0000000000019476       0xd8 FATFS/App/fatfs.o
 .debug_macro   0x000000000001954e      0x2cb FATFS/Target/user_diskio.o
 .debug_macro   0x0000000000019819       0x16 FATFS/Target/user_diskio.o
 .debug_macro   0x000000000001982f       0x7c FATFS/Target/user_diskio.o
 .debug_macro   0x00000000000198ab       0xaf FATFS/Target/user_diskio.o
 .debug_macro   0x000000000001995a       0x4f FATFS/Target/user_diskio.o
 .debug_macro   0x00000000000199a9      0x2b8 FATFS/Target/user_diskio_spi.o
 .debug_macro   0x0000000000019c61       0xb8 FATFS/Target/user_diskio_spi.o
 .debug_macro   0x0000000000019d19      0x1fe Middlewares/Third_Party/FatFs/src/diskio.o
 .debug_macro   0x0000000000019f17      0x445 Middlewares/Third_Party/FatFs/src/ff.o
 .debug_macro   0x000000000001a35c       0x58 Middlewares/Third_Party/FatFs/src/ff.o
 .debug_macro   0x000000000001a3b4      0x1fe Middlewares/Third_Party/FatFs/src/ff_gen_drv.o

.debug_line     0x0000000000000000     0xa29f
 .debug_line    0x0000000000000000      0xbc1 Core/Src/main.o
 .debug_line    0x0000000000000bc1      0x6d9 Core/Src/stm32f0xx_hal_msp.o
 .debug_line    0x000000000000129a      0x6fe Core/Src/stm32f0xx_it.o
 .debug_line    0x0000000000001998      0x73e Core/Src/syscalls.o
 .debug_line    0x00000000000020d6      0x4c7 Core/Src/sysmem.o
 .debug_line    0x000000000000259d      0x6cd Core/Src/system_stm32f0xx.o
 .debug_line    0x0000000000002c6a       0x9b Core/Startup/startup_stm32f042k6ux.o
 .debug_line    0x0000000000002d05      0x860 Drivers/STM32F0xx_HAL_Driver/Src/stm32f0xx_hal.o
 .debug_line    0x0000000000003565      0x878 Drivers/STM32F0xx_HAL_Driver/Src/stm32f0xx_hal_cortex.o
 .debug_line    0x0000000000003ddd      0x810 Drivers/STM32F0xx_HAL_Driver/Src/stm32f0xx_hal_gpio.o
 .debug_line    0x00000000000045ed      0x94d Drivers/STM32F0xx_HAL_Driver/Src/stm32f0xx_hal_rcc.o
 .debug_line    0x0000000000004f3a     0x1126 Drivers/STM32F0xx_HAL_Driver/Src/stm32f0xx_hal_spi.o
 .debug_line    0x0000000000006060      0x73c FATFS/App/fatfs.o
 .debug_line    0x000000000000679c      0x8ba FATFS/Target/user_diskio.o
 .debug_line    0x0000000000007056      0xa74 FATFS/Target/user_diskio_spi.o
 .debug_line    0x0000000000007aca      0x76a Middlewares/Third_Party/FatFs/src/diskio.o
 .debug_line    0x0000000000008234     0x1907 Middlewares/Third_Party/FatFs/src/ff.o
 .debug_line    0x0000000000009b3b      0x764 Middlewares/Third_Party/FatFs/src/ff_gen_drv.o

.debug_str      0x0000000000000000    0x8a72f
 .debug_str     0x0000000000000000    0x8721e Core/Src/main.o
                                      0x875e9 (size before relaxing)
 .debug_str     0x000000000008721e       0x53 Core/Src/stm32f0xx_hal_msp.o
                                      0x81835 (size before relaxing)
 .debug_str     0x0000000000087271       0x76 Core/Src/stm32f0xx_it.o
                                      0x813b4 (size before relaxing)
 .debug_str     0x00000000000872e7     0x10d8 Core/Src/syscalls.o
                                       0x87ee (size before relaxing)
 .debug_str     0x00000000000883bf       0x6b Core/Src/sysmem.o
                                       0x5ebc (size before relaxing)
 .debug_str     0x000000000008842a       0x5f Core/Src/system_stm32f0xx.o
                                      0x81021 (size before relaxing)
 .debug_str     0x0000000000088489       0x36 Core/Startup/startup_stm32f042k6ux.o
                                         0x72 (size before relaxing)
 .debug_str     0x00000000000884bf      0x43f Drivers/STM32F0xx_HAL_Driver/Src/stm32f0xx_hal.o
                                      0x81547 (size before relaxing)
 .debug_str     0x00000000000888fe      0x204 Drivers/STM32F0xx_HAL_Driver/Src/stm32f0xx_hal_cortex.o
                                      0x813ff (size before relaxing)
 .debug_str     0x0000000000088b02      0x213 Drivers/STM32F0xx_HAL_Driver/Src/stm32f0xx_hal_gpio.o
                                      0x812bd (size before relaxing)
 .debug_str     0x0000000000088d15      0x240 Drivers/STM32F0xx_HAL_Driver/Src/stm32f0xx_hal_rcc.o
                                      0x81436 (size before relaxing)
 .debug_str     0x0000000000088f55      0x57d Drivers/STM32F0xx_HAL_Driver/Src/stm32f0xx_hal_spi.o
                                      0x81960 (size before relaxing)
 .debug_str     0x00000000000894d2       0x2f FATFS/App/fatfs.o
                                      0x81c86 (size before relaxing)
 .debug_str     0x0000000000089501       0x7f FATFS/Target/user_diskio.o
                                      0x84b58 (size before relaxing)
 .debug_str     0x0000000000089580      0x393 FATFS/Target/user_diskio_spi.o
                                      0x82304 (size before relaxing)
 .debug_str     0x0000000000089913       0x52 Middlewares/Third_Party/FatFs/src/diskio.o
                                      0x81bc3 (size before relaxing)
 .debug_str     0x0000000000089965      0xd28 Middlewares/Third_Party/FatFs/src/ff.o
                                      0x829b0 (size before relaxing)
 .debug_str     0x000000000008a68d       0xa2 Middlewares/Third_Party/FatFs/src/ff_gen_drv.o
                                      0x81c14 (size before relaxing)

.comment        0x0000000000000000       0x7b
 .comment       0x0000000000000000       0x7b Core/Src/main.o
                                         0x7c (size before relaxing)
 .comment       0x000000000000007b       0x7c Core/Src/stm32f0xx_hal_msp.o
 .comment       0x000000000000007b       0x7c Core/Src/stm32f0xx_it.o
 .comment       0x000000000000007b       0x7c Core/Src/syscalls.o
 .comment       0x000000000000007b       0x7c Core/Src/sysmem.o
 .comment       0x000000000000007b       0x7c Core/Src/system_stm32f0xx.o
 .comment       0x000000000000007b       0x7c Drivers/STM32F0xx_HAL_Driver/Src/stm32f0xx_hal.o
 .comment       0x000000000000007b       0x7c Drivers/STM32F0xx_HAL_Driver/Src/stm32f0xx_hal_cortex.o
 .comment       0x000000000000007b       0x7c Drivers/STM32F0xx_HAL_Driver/Src/stm32f0xx_hal_gpio.o
 .comment       0x000000000000007b       0x7c Drivers/STM32F0xx_HAL_Driver/Src/stm32f0xx_hal_rcc.o
 .comment       0x000000000000007b       0x7c Drivers/STM32F0xx_HAL_Driver/Src/stm32f0xx_hal_spi.o
 .comment       0x000000000000007b       0x7c FATFS/App/fatfs.o
 .comment       0x000000000000007b       0x7c FATFS/Target/user_diskio.o
 .comment       0x000000000000007b       0x7c FATFS/Target/user_diskio_spi.o
 .comment       0x000000000000007b       0x7c Middlewares/Third_Party/FatFs/src/diskio.o
 .comment       0x000000000000007b       0x7c Middlewares/Third_Party/FatFs/src/ff.o
 .comment       0x000000000000007b       0x7c Middlewares/Third_Party/FatFs/src/ff_gen_drv.o

.debug_frame    0x0000000000000000     0x2aa4
 .debug_frame   0x0000000000000000      0x1fc Core/Src/main.o
 .debug_frame   0x00000000000001fc       0x70 Core/Src/stm32f0xx_hal_msp.o
 .debug_frame   0x000000000000026c       0x9c Core/Src/stm32f0xx_it.o
 .debug_frame   0x0000000000000308      0x244 Core/Src/syscalls.o
 .debug_frame   0x000000000000054c       0x30 Core/Src/sysmem.o