Archive member included to satisfy reference by file (symbol)

c:/st/stm32cubeide_1.0.1/stm32cubeide/plugins/com.st.stm32cube.ide.mcu.externaltools.gnu-tools-for-stm32.7-2018-q2-update.win32_1.0.0.201904181610/tools/bin/../lib/gcc/arm-none-eabi/7.3.1/../../../../arm-none-eabi/lib/thumb/v6-m\libc_nano.a(lib_a-errno.o)
                              Src/syscalls.o (__errno)
c:/st/stm32cubeide_1.0.1/stm32cubeide/plugins/com.st.stm32cube.ide.mcu.externaltools.gnu-tools-for-stm32.7-2018-q2-update.win32_1.0.0.201904181610/tools/bin/../lib/gcc/arm-none-eabi/7.3.1/../../../../arm-none-eabi/lib/thumb/v6-m\libc_nano.a(lib_a-exit.o)
                              c:/st/stm32cubeide_1.0.1/stm32cubeide/plugins/com.st.stm32cube.ide.mcu.externaltools.gnu-tools-for-stm32.7-2018-q2-update.win32_1.0.0.201904181610/tools/bin/../lib/gcc/arm-none-eabi/7.3.1/../../../../arm-none-eabi/lib/thumb/v6-m/crt0.o (exit)
c:/st/stm32cubeide_1.0.1/stm32cubeide/plugins/com.st.stm32cube.ide.mcu.externaltools.gnu-tools-for-stm32.7-2018-q2-update.win32_1.0.0.201904181610/tools/bin/../lib/gcc/arm-none-eabi/7.3.1/../../../../arm-none-eabi/lib/thumb/v6-m\libc_nano.a(lib_a-impure.o)
                              c:/st/stm32cubeide_1.0.1/stm32cubeide/plugins/com.st.stm32cube.ide.mcu.externaltools.gnu-tools-for-stm32.7-2018-q2-update.win32_1.0.0.201904181610/tools/bin/../lib/gcc/arm-none-eabi/7.3.1/../../../../arm-none-eabi/lib/thumb/v6-m\libc_nano.a(lib_a-exit.o) (_global_impure_ptr)
c:/st/stm32cubeide_1.0.1/stm32cubeide/plugins/com.st.stm32cube.ide.mcu.externaltools.gnu-tools-for-stm32.7-2018-q2-update.win32_1.0.0.201904181610/tools/bin/../lib/gcc/arm-none-eabi/7.3.1/../../../../arm-none-eabi/lib/thumb/v6-m\libc_nano.a(lib_a-init.o)
                              c:/st/stm32cubeide_1.0.1/stm32cubeide/plugins/com.st.stm32cube.ide.mcu.externaltools.gnu-tools-for-stm32.7-2018-q2-update.win32_1.0.0.201904181610/tools/bin/../lib/gcc/arm-none-eabi/7.3.1/../../../../arm-none-eabi/lib/thumb/v6-m/crt0.o (__libc_init_array)
c:/st/stm32cubeide_1.0.1/stm32cubeide/plugins/com.st.stm32cube.ide.mcu.externaltools.gnu-tools-for-stm32.7-2018-q2-update.win32_1.0.0.201904181610/tools/bin/../lib/gcc/arm-none-eabi/7.3.1/../../../../arm-none-eabi/lib/thumb/v6-m\libc_nano.a(lib_a-memset.o)
                              c:/st/stm32cubeide_1.0.1/stm32cubeide/plugins/com.st.stm32cube.ide.mcu.externaltools.gnu-tools-for-stm32.7-2018-q2-update.win32_1.0.0.201904181610/tools/bin/../lib/gcc/arm-none-eabi/7.3.1/../../../../arm-none-eabi/lib/thumb/v6-m/crt0.o (memset)
c:/st/stm32cubeide_1.0.1/stm32cubeide/plugins/com.st.stm32cube.ide.mcu.externaltools.gnu-tools-for-stm32.7-2018-q2-update.win32_1.0.0.201904181610/tools/bin/../lib/gcc/arm-none-eabi/7.3.1/thumb/v6-m\libgcc.a(_udivsi3.o)
                              Drivers/STM32G0xx_HAL_Driver/Src/stm32g0xx_hal.o (__aeabi_uidiv)
c:/st/stm32cubeide_1.0.1/stm32cubeide/plugins/com.st.stm32cube.ide.mcu.externaltools.gnu-tools-for-stm32.7-2018-q2-update.win32_1.0.0.201904181610/tools/bin/../lib/gcc/arm-none-eabi/7.3.1/thumb/v6-m\libgcc.a(_dvmd_tls.o)
                              c:/st/stm32cubeide_1.0.1/stm32cubeide/plugins/com.st.stm32cube.ide.mcu.externaltools.gnu-tools-for-stm32.7-2018-q2-update.win32_1.0.0.201904181610/tools/bin/../lib/gcc/arm-none-eabi/7.3.1/thumb/v6-m\libgcc.a(_udivsi3.o) (__aeabi_idiv0)

Allocating common symbols
Common symbol       size              file

uwTick              0x4               Drivers/STM32G0xx_HAL_Driver/Src/stm32g0xx_hal.o
hadc1               0x64              Src/main.o
hlptim1             0x38              Src/main.o

Discarded input sections

 .text          0x0000000000000000        0x0 c:/st/stm32cubeide_1.0.1/stm32cubeide/plugins/com.st.stm32cube.ide.mcu.externaltools.gnu-tools-for-stm32.7-2018-q2-update.win32_1.0.0.201904181610/tools/bin/../lib/gcc/arm-none-eabi/7.3.1/thumb/v6-m/crti.o
 .data          0x0000000000000000        0x0 c:/st/stm32cubeide_1.0.1/stm32cubeide/plugins/com.st.stm32cube.ide.mcu.externaltools.gnu-tools-for-stm32.7-2018-q2-update.win32_1.0.0.201904181610/tools/bin/../lib/gcc/arm-none-eabi/7.3.1/thumb/v6-m/crti.o
 .bss           0x0000000000000000        0x0 c:/st/stm32cubeide_1.0.1/stm32cubeide/plugins/com.st.stm32cube.ide.mcu.externaltools.gnu-tools-for-stm32.7-2018-q2-update.win32_1.0.0.201904181610/tools/bin/../lib/gcc/arm-none-eabi/7.3.1/thumb/v6-m/crti.o
 .data          0x0000000000000000        0x4 c:/st/stm32cubeide_1.0.1/stm32cubeide/plugins/com.st.stm32cube.ide.mcu.externaltools.gnu-tools-for-stm32.7-2018-q2-update.win32_1.0.0.201904181610/tools/bin/../lib/gcc/arm-none-eabi/7.3.1/thumb/v6-m/crtbegin.o
 .text          0x0000000000000000       0x78 c:/st/stm32cubeide_1.0.1/stm32cubeide/plugins/com.st.stm32cube.ide.mcu.externaltools.gnu-tools-for-stm32.7-2018-q2-update.win32_1.0.0.201904181610/tools/bin/../lib/gcc/arm-none-eabi/7.3.1/../../../../arm-none-eabi/lib/thumb/v6-m/crt0.o
[...]
Memory Configuration

Name             Origin             Length             Attributes
RAM              0x0000000020000000 0x0000000000009000 xrw
FLASH            0x0000000008000000 0x0000000000010000 xr
*default*        0x0000000000000000 0xffffffffffffffff

Linker script and memory map

LOAD c:/st/stm32cubeide_1.0.1/stm32cubeide/plugins/com.st.stm32cube.ide.mcu.externaltools.gnu-tools-for-stm32.7-2018-q2-update.win32_1.0.0.201904181610/tools/bin/../lib/gcc/arm-none-eabi/7.3.1/thumb/v6-m/crti.o
LOAD c:/st/stm32cubeide_1.0.1/stm32cubeide/plugins/com.st.stm32cube.ide.mcu.externaltools.gnu-tools-for-stm32.7-2018-q2-update.win32_1.0.0.201904181610/tools/bin/../lib/gcc/arm-none-eabi/7.3.1/thumb/v6-m/crtbegin.o
LOAD c:/st/stm32cubeide_1.0.1/stm32cubeide/plugins/com.st.stm32cube.ide.mcu.externaltools.gnu-tools-for-stm32.7-2018-q2-update.win32_1.0.0.201904181610/tools/bin/../lib/gcc/arm-none-eabi/7.3.1/../../../../arm-none-eabi/lib/thumb/v6-m/crt0.o
LOAD Drivers/STM32G0xx_HAL_Driver/Src/stm32g0xx_hal.o
LOAD Drivers/STM32G0xx_HAL_Driver/Src/stm32g0xx_hal_adc.o
LOAD Drivers/STM32G0xx_HAL_Driver/Src/stm32g0xx_hal_adc_ex.o
LOAD Drivers/STM32G0xx_HAL_Driver/Src/stm32g0xx_hal_cortex.o
LOAD Drivers/STM32G0xx_HAL_Driver/Src/stm32g0xx_hal_dma.o
LOAD Drivers/STM32G0xx_HAL_Driver/Src/stm32g0xx_hal_dma_ex.o
LOAD Drivers/STM32G0xx_HAL_Driver/Src/stm32g0xx_hal_exti.o
LOAD Drivers/STM32G0xx_HAL_Driver/Src/stm32g0xx_hal_flash.o
LOAD Drivers/STM32G0xx_HAL_Driver/Src/stm32g0xx_hal_flash_ex.o
LOAD Drivers/STM32G0xx_HAL_Driver/Src/stm32g0xx_hal_gpio.o
LOAD Drivers/STM32G0xx_HAL_Driver/Src/stm32g0xx_hal_lptim.o
LOAD Drivers/STM32G0xx_HAL_Driver/Src/stm32g0xx_hal_pwr.o
LOAD Drivers/STM32G0xx_HAL_Driver/Src/stm32g0xx_hal_pwr_ex.o
LOAD Drivers/STM32G0xx_HAL_Driver/Src/stm32g0xx_hal_rcc.o
LOAD Drivers/STM32G0xx_HAL_Driver/Src/stm32g0xx_hal_rcc_ex.o
LOAD Drivers/STM32G0xx_HAL_Driver/Src/stm32g0xx_hal_tim.o
LOAD Drivers/STM32G0xx_HAL_Driver/Src/stm32g0xx_hal_tim_ex.o
LOAD Drivers/STM32G0xx_HAL_Driver/Src/stm32g0xx_ll_adc.o
LOAD Drivers/STM32G0xx_HAL_Driver/Src/stm32g0xx_ll_rcc.o
LOAD Src/main.o
LOAD Src/stm32g0xx_hal_msp.o
LOAD Src/stm32g0xx_it.o
LOAD Src/syscalls.o
LOAD Src/sysmem.o
LOAD Src/system_stm32g0xx.o
LOAD Startup/startup_stm32g071r8tx.o
START GROUP
LOAD c:/st/stm32cubeide_1.0.1/stm32cubeide/plugins/com.st.stm32cube.ide.mcu.externaltools.gnu-tools-for-stm32.7-2018-q2-update.win32_1.0.0.201904181610/tools/bin/../lib/gcc/arm-none-eabi/7.3.1/../../../../arm-none-eabi/lib/thumb/v6-m\libc_nano.a
LOAD c:/st/stm32cubeide_1.0.1/stm32cubeide/plugins/com.st.stm32cube.ide.mcu.externaltools.gnu-tools-for-stm32.7-2018-q2-update.win32_1.0.0.201904181610/tools/bin/../lib/gcc/arm-none-eabi/7.3.1/../../../../arm-none-eabi/lib/thumb/v6-m\libm.a
END GROUP
START GROUP
LOAD c:/st/stm32cubeide_1.0.1/stm32cubeide/plugins/com.st.stm32cube.ide.mcu.externaltools.gnu-tools-for-stm32.7-2018-q2-update.win32_1.0.0.201904181610/tools/bin/../lib/gcc/arm-none-eabi/7.3.1/thumb/v6-m\libgcc.a
LOAD c:/st/stm32cubeide_1.0.1/stm32cubeide/plugins/com.st.stm32cube.ide.mcu.externaltools.gnu-tools-for-stm32.7-2018-q2-update.win32_1.0.0.201904181610/tools/bin/../lib/gcc/arm-none-eabi/7.3.1/../../../../arm-none-eabi/lib/thumb/v6-m\libc_nano.a
END GROUP
START GROUP
LOAD c:/st/stm32cubeide_1.0.1/stm32cubeide/plugins/com.st.stm32cube.ide.mcu.externaltools.gnu-tools-for-stm32.7-2018-q2-update.win32_1.0.0.201904181610/tools/bin/../lib/gcc/arm-none-eabi/7.3.1/thumb/v6-m\libgcc.a
LOAD c:/st/stm32cubeide_1.0.1/stm32cubeide/plugins/com.st.stm32cube.ide.mcu.externaltools.gnu-tools-for-stm32.7-2018-q2-update.win32_1.0.0.201904181610/tools/bin/../lib/gcc/arm-none-eabi/7.3.1/../../../../arm-none-eabi/lib/thumb/v6-m\libc_nano.a
LOAD c:/st/stm32cubeide_1.0.1/stm32cubeide/plugins/com.st.stm32cube.ide.mcu.externaltools.gnu-tools-for-stm32.7-2018-q2-update.win32_1.0.0.201904181610/tools/bin/../lib/gcc/arm-none-eabi/7.3.1/../../../../arm-none-eabi/lib/thumb/v6-m\libnosys.a
END GROUP
START GROUP
LOAD c:/st/stm32cubeide_1.0.1/stm32cubeide/plugins/com.st.stm32cube.ide.mcu.externaltools.gnu-tools-for-stm32.7-2018-q2-update.win32_1.0.0.201904181610/tools/bin/../lib/gcc/arm-none-eabi/7.3.1/thumb/v6-m\libgcc.a
LOAD c:/st/stm32cubeide_1.0.1/stm32cubeide/plugins/com.st.stm32cube.ide.mcu.externaltools.gnu-tools-for-stm32.7-2018-q2-update.win32_1.0.0.201904181610/tools/bin/../lib/gcc/arm-none-eabi/7.3.1/../../../../arm-none-eabi/lib/thumb/v6-m\libc_nano.a
LOAD c:/st/stm32cubeide_1.0.1/stm32cubeide/plugins/com.st.stm32cube.ide.mcu.externaltools.gnu-tools-for-stm32.7-2018-q2-update.win32_1.0.0.201904181610/tools/bin/../lib/gcc/arm-none-eabi/7.3.1/../../../../arm-none-eabi/lib/thumb/v6-m\libnosys.a
END GROUP
LOAD c:/st/stm32cubeide_1.0.1/stm32cubeide/plugins/com.st.stm32cube.ide.mcu.externaltools.gnu-tools-for-stm32.7-2018-q2-update.win32_1.0.0.201904181610/tools/bin/../lib/gcc/arm-none-eabi/7.3.1/thumb/v6-m/crtend.o
LOAD c:/st/stm32cubeide_1.0.1/stm32cubeide/plugins/com.st.stm32cube.ide.mcu.externaltools.gnu-tools-for-stm32.7-2018-q2-update.win32_1.0.0.201904181610/tools/bin/../lib/gcc/arm-none-eabi/7.3.1/thumb/v6-m/crtn.o
                0x0000000020009000                _estack = (ORIGIN (RAM) + LENGTH (RAM))
                0x0000000000000200                _Min_Heap_Size = 0x200
                0x0000000000000400                _Min_Stack_Size = 0x400

.isr_vector     0x0000000008000000       0xbc
                0x0000000008000000                . = ALIGN (0x4)
 *(.isr_vector)
 .isr_vector    0x0000000008000000       0xbc Startup/startup_stm32g071r8tx.o
                0x0000000008000000                g_pfnVectors
                0x00000000080000bc                . = ALIGN (0x4)

.text           0x00000000080000bc     0x2da0
                0x00000000080000bc                . = ALIGN (0x4)
 *(.text)
 .text          0x00000000080000bc       0x48 c:/st/stm32cubeide_1.0.1/stm32cubeide/plugins/com.st.stm32cube.ide.mcu.externaltools.gnu-tools-for-stm32.7-2018-q2-update.win32_1.0.0.201904181610/tools/bin/../lib/gcc/arm-none-eabi/7.3.1/thumb/v6-m/crtbegin.o
 .text          0x0000000008000104      0x114 c:/st/stm32cubeide_1.0.1/stm32cubeide/plugins/com.st.stm32cube.ide.mcu.externaltools.gnu-tools-for-stm32.7-2018-q2-update.win32_1.0.0.201904181610/tools/bin/../lib/gcc/arm-none-eabi/7.3.1/thumb/v6-m\libgcc.a(_udivsi3.o)
                0x0000000008000104                __aeabi_uidiv
                0x0000000008000104                __udivsi3
                0x0000000008000210                __aeabi_uidivmod
 .text          0x0000000008000218        0x4 c:/st/stm32cubeide_1.0.1/stm32cubeide/plugins/com.st.stm32cube.ide.mcu.externaltools.gnu-tools-for-stm32.7-2018-q2-update.win32_1.0.0.201904181610/tools/bin/../lib/gcc/arm-none-eabi/7.3.1/thumb/v6-m\libgcc.a(_dvmd_tls.o)
                0x0000000008000218                __aeabi_idiv0
                0x0000000008000218                __aeabi_ldiv0
 *(.text*)
 .text.HAL_Init
                0x000000000800021c       0x40 Drivers/STM32G0xx_HAL_Driver/Src/stm32g0xx_hal.o
                0x000000000800021c                HAL_Init
 .text.HAL_InitTick
                0x000000000800025c       0x94 Drivers/STM32G0xx_HAL_Driver/Src/stm32g0xx_hal.o
                0x000000000800025c                HAL_InitTick
 .text.HAL_IncTick
                0x00000000080002f0       0x20 Drivers/STM32G0xx_HAL_Driver/Src/stm32g0xx_hal.o
                0x00000000080002f0                HAL_IncTick
 .text.HAL_GetTick
                0x0000000008000310       0x14 Drivers/STM32G0xx_HAL_Driver/Src/stm32g0xx_hal.o
                0x0000000008000310                HAL_GetTick
 .text.LL_ADC_SetCommonPathInternalCh
                0x0000000008000324       0x28 Drivers/STM32G0xx_HAL_Driver/Src/stm32g0xx_hal_adc.o
 .text.LL_ADC_GetCommonPathInternalCh
                0x000000000800034c       0x1a Drivers/STM32G0xx_HAL_Driver/Src/stm32g0xx_hal_adc.o
 .text.LL_ADC_SetSamplingTimeCommonChannels
                0x0000000008000366       0x3a Drivers/STM32G0xx_HAL_Driver/Src/stm32g0xx_hal_adc.o
 .text.LL_ADC_REG_SetSequencerRanks
                0x00000000080003a0       0x40 Drivers/STM32G0xx_HAL_Driver/Src/stm32g0xx_hal_adc.o
 .text.LL_ADC_REG_SetSequencerChAdd
                0x00000000080003e0       0x22 Drivers/STM32G0xx_HAL_Driver/Src/stm32g0xx_hal_adc.o
 .text.LL_ADC_REG_SetSequencerChRem
                0x0000000008000402       0x24 Drivers/STM32G0xx_HAL_Driver/Src/stm32g0xx_hal_adc.o
 *fill*         0x0000000008000426        0x2 
 .text.LL_ADC_SetChannelSamplingTime
                0x0000000008000428       0x38 Drivers/STM32G0xx_HAL_Driver/Src/stm32g0xx_hal_adc.o
 .text.LL_ADC_SetAnalogWDMonitChannels
                0x0000000008000460       0x58 Drivers/STM32G0xx_HAL_Driver/Src/stm32g0xx_hal_adc.o
 .text.LL_ADC_ConfigAnalogWDThresholds
                0x00000000080004b8       0x4c Drivers/STM32G0xx_HAL_Driver/Src/stm32g0xx_hal_adc.o
 .text.LL_ADC_EnableInternalRegulator
                0x0000000008000504       0x28 Drivers/STM32G0xx_HAL_Driver/Src/stm32g0xx_hal_adc.o
 .text.LL_ADC_IsInternalRegulatorEnabled
                0x000000000800052c       0x28 Drivers/STM32G0xx_HAL_Driver/Src/stm32g0xx_hal_adc.o
 .text.LL_ADC_IsEnabled
                0x0000000008000554       0x22 Drivers/STM32G0xx_HAL_Driver/Src/stm32g0xx_hal_adc.o
 .text.LL_ADC_REG_IsConversionOngoing
                0x0000000008000576       0x22 Drivers/STM32G0xx_HAL_Driver/Src/stm32g0xx_hal_adc.o
 .text.LL_ADC_ClearFlag_AWD1
                0x0000000008000598       0x16 Drivers/STM32G0xx_HAL_Driver/Src/stm32g0xx_hal_adc.o
 .text.LL_ADC_ClearFlag_AWD2
                0x00000000080005ae       0x18 Drivers/STM32G0xx_HAL_Driver/Src/stm32g0xx_hal_adc.o
 .text.LL_ADC_ClearFlag_AWD3
                0x00000000080005c6       0x18 Drivers/STM32G0xx_HAL_Driver/Src/stm32g0xx_hal_adc.o
 .text.LL_ADC_EnableIT_AWD1
                0x00000000080005de       0x1c Drivers/STM32G0xx_HAL_Driver/Src/stm32g0xx_hal_adc.o
 .text.LL_ADC_EnableIT_AWD2
                0x00000000080005fa       0x1e Drivers/STM32G0xx_HAL_Driver/Src/stm32g0xx_hal_adc.o
 .text.LL_ADC_EnableIT_AWD3
                0x0000000008000618       0x1e Drivers/STM32G0xx_HAL_Driver/Src/stm32g0xx_hal_adc.o
 .text.LL_ADC_DisableIT_AWD1
                0x0000000008000636       0x1e Drivers/STM32G0xx_HAL_Driver/Src/stm32g0xx_hal_adc.o
 .text.LL_ADC_DisableIT_AWD2
                0x0000000008000654       0x20 Drivers/STM32G0xx_HAL_Driver/Src/stm32g0xx_hal_adc.o
 .text.LL_ADC_DisableIT_AWD3
                0x0000000008000674       0x20 Drivers/STM32G0xx_HAL_Driver/Src/stm32g0xx_hal_adc.o
 .text.HAL_ADC_Init
                0x0000000008000694      0x3ac Drivers/STM32G0xx_HAL_Driver/Src/stm32g0xx_hal_adc.o
                0x0000000008000694                HAL_ADC_Init
 .text.HAL_ADC_ConfigChannel
                0x0000000008000a40      0x3a8 Drivers/STM32G0xx_HAL_Driver/Src/stm32g0xx_hal_adc.o
                0x0000000008000a40                HAL_ADC_ConfigChannel
 .text.HAL_ADC_AnalogWDGConfig
                0x0000000008000de8      0x510 Drivers/STM32G0xx_HAL_Driver/Src/stm32g0xx_hal_adc.o
                0x0000000008000de8                HAL_ADC_AnalogWDGConfig
 .text.__NVIC_SetPriority
                0x00000000080012f8       0xdc Drivers/STM32G0xx_HAL_Driver/Src/stm32g0xx_hal_cortex.o
 .text.SysTick_Config
                0x00000000080013d4       0x48 Drivers/STM32G0xx_HAL_Driver/Src/stm32g0xx_hal_cortex.o
 .text.HAL_NVIC_SetPriority
                0x000000000800141c       0x2a Drivers/STM32G0xx_HAL_Driver/Src/stm32g0xx_hal_cortex.o
                0x000000000800141c                HAL_NVIC_SetPriority
 .text.HAL_SYSTICK_Config
                0x0000000008001446       0x1a Drivers/STM32G0xx_HAL_Driver/Src/stm32g0xx_hal_cortex.o
                0x0000000008001446                HAL_SYSTICK_Config
 .text.HAL_GPIO_Init
                0x0000000008001460      0x2c8 Drivers/STM32G0xx_HAL_Driver/Src/stm32g0xx_hal_gpio.o
                0x0000000008001460                HAL_GPIO_Init
 .text.HAL_GPIO_WritePin
                0x0000000008001728       0x3a Drivers/STM32G0xx_HAL_Driver/Src/stm32g0xx_hal_gpio.o
                0x0000000008001728                HAL_GPIO_WritePin
 *fill*         0x0000000008001762        0x2 
 .text.HAL_LPTIM_Init
                0x0000000008001764      0x12c Drivers/STM32G0xx_HAL_Driver/Src/stm32g0xx_hal_lptim.o
                0x0000000008001764                HAL_LPTIM_Init
 .text.HAL_PWREx_ControlVoltageScaling
                0x0000000008001890       0x80 Drivers/STM32G0xx_HAL_Driver/Src/stm32g0xx_hal_pwr_ex.o
                0x0000000008001890                HAL_PWREx_ControlVoltageScaling
 .text.HAL_RCC_OscConfig
                0x0000000008001910      0x640 Drivers/STM32G0xx_HAL_Driver/Src/stm32g0xx_hal_rcc.o
                0x0000000008001910                HAL_RCC_OscConfig
 .text.HAL_RCC_ClockConfig
                0x0000000008001f50      0x210 Drivers/STM32G0xx_HAL_Driver/Src/stm32g0xx_hal_rcc.o
                0x0000000008001f50                HAL_RCC_ClockConfig
 .text.HAL_RCC_GetSysClockFreq
                0x0000000008002160      0x100 Drivers/STM32G0xx_HAL_Driver/Src/stm32g0xx_hal_rcc.o
                0x0000000008002160                HAL_RCC_GetSysClockFreq
 .text.HAL_RCCEx_PeriphCLKConfig
                0x0000000008002260      0x370 Drivers/STM32G0xx_HAL_Driver/Src/stm32g0xx_hal_rcc_ex.o
                0x0000000008002260                HAL_RCCEx_PeriphCLKConfig
 .text.main     0x00000000080025d0       0x1a Src/main.o
                0x00000000080025d0                main
 .text.SystemClock_Config
                0x00000000080025ea       0xe6 Src/main.o
                0x00000000080025ea                SystemClock_Config
 .text.MX_ADC1_Init
                0x00000000080026d0      0x124 Src/main.o
 .text.MX_LPTIM1_Init
                0x00000000080027f4       0x6c Src/main.o
 .text.MX_GPIO_Init
                0x0000000008002860      0x314 Src/main.o
 .text.Error_Handler
                0x0000000008002b74        0xa Src/main.o
                0x0000000008002b74                Error_Handler
 *fill*         0x0000000008002b7e        0x2 
 .text.LL_SYSCFG_DisableDBATT
                0x0000000008002b80       0x20 Src/stm32g0xx_hal_msp.o
 .text.HAL_MspInit
                0x0000000008002ba0       0x50 Src/stm32g0xx_hal_msp.o
                0x0000000008002ba0                HAL_MspInit
 .text.HAL_ADC_MspInit
                0x0000000008002bf0       0xc4 Src/stm32g0xx_hal_msp.o
                0x0000000008002bf0                HAL_ADC_MspInit
 .text.HAL_LPTIM_MspInit
                0x0000000008002cb4       0x98 Src/stm32g0xx_hal_msp.o
                0x0000000008002cb4                HAL_LPTIM_MspInit
 .text.NMI_Handler
                0x0000000008002d4c        0xa Src/stm32g0xx_it.o
                0x0000000008002d4c                NMI_Handler
 .text.HardFault_Handler
                0x0000000008002d56        0x6 Src/stm32g0xx_it.o
                0x0000000008002d56                HardFault_Handler
 .text.SVC_Handler
                0x0000000008002d5c        0xa Src/stm32g0xx_it.o
                0x0000000008002d5c                SVC_Handler
 .text.PendSV_Handler
                0x0000000008002d66        0xa Src/stm32g0xx_it.o
                0x0000000008002d66                PendSV_Handler
 .text.SysTick_Handler
                0x0000000008002d70        0xe Src/stm32g0xx_it.o
                0x0000000008002d70                SysTick_Handler
 *fill*         0x0000000008002d7e        0x2 
 .text.SystemInit
                0x0000000008002d80       0x18 Src/system_stm32g0xx.o
                0x0000000008002d80                SystemInit
 .text.Reset_Handler
                0x0000000008002d98       0x50 Startup/startup_stm32g071r8tx.o
                0x0000000008002d98                Reset_Handler
 .text.Default_Handler
                0x0000000008002de8        0x2 Startup/startup_stm32g071r8tx.o
                0x0000000008002de8                USART3_4_LPUART1_IRQHandler
                0x0000000008002de8                TIM1_CC_IRQHandler
                0x0000000008002de8                ADC1_COMP_IRQHandler
                0x0000000008002de8                PVD_IRQHandler
                0x0000000008002de8                I2C1_IRQHandler
                0x0000000008002de8                TIM7_LPTIM2_IRQHandler
                0x0000000008002de8                RTC_TAMP_IRQHandler
                0x0000000008002de8                SPI1_IRQHandler
                0x0000000008002de8                EXTI2_3_IRQHandler
                0x0000000008002de8                I2C2_IRQHandler
                0x0000000008002de8                TIM17_IRQHandler
                0x0000000008002de8                TIM16_IRQHandler
                0x0000000008002de8                TIM3_IRQHandler
                0x0000000008002de8                EXTI4_15_IRQHandler
                0x0000000008002de8                RCC_IRQHandler
                0x0000000008002de8                DMA1_Channel1_IRQHandler
                0x0000000008002de8                Default_Handler
                0x0000000008002de8                CEC_IRQHandler
                0x0000000008002de8                TIM14_IRQHandler
                0x0000000008002de8                TIM15_IRQHandler
                0x0000000008002de8                EXTI0_1_IRQHandler
                0x0000000008002de8                SPI2_IRQHandler
                0x0000000008002de8                TIM6_DAC_LPTIM1_IRQHandler
                0x0000000008002de8                WWDG_IRQHandler
                0x0000000008002de8                TIM2_IRQHandler
                0x0000000008002de8                DMA1_Ch4_7_DMAMUX1_OVR_IRQHandler
                0x0000000008002de8                DMA1_Channel2_3_IRQHandler
                0x0000000008002de8                UCPD1_2_IRQHandler
                0x0000000008002de8                USART2_IRQHandler
                0x0000000008002de8                FLASH_IRQHandler
                0x0000000008002de8                USART1_IRQHandler
                0x0000000008002de8                TIM1_BRK_UP_TRG_COM_IRQHandler
 *fill*         0x0000000008002dea        0x2 
 .text.__libc_init_array
                0x0000000008002dec       0x48 c:/st/stm32cubeide_1.0.1/stm32cubeide/plugins/com.st.stm32cube.ide.mcu.externaltools.gnu-tools-for-stm32.7-2018-q2-update.win32_1.0.0.201904181610/tools/bin/../lib/gcc/arm-none-eabi/7.3.1/../../../../arm-none-eabi/lib/thumb/v6-m\libc_nano.a(lib_a-init.o)
                0x0000000008002dec                __libc_init_array
 .text.memset   0x0000000008002e34       0x10 c:/st/stm32cubeide_1.0.1/stm32cubeide/plugins/com.st.stm32cube.ide.mcu.externaltools.gnu-tools-for-stm32.7-2018-q2-update.win32_1.0.0.201904181610/tools/bin/../lib/gcc/arm-none-eabi/7.3.1/../../../../arm-none-eabi/lib/thumb/v6-m\libc_nano.a(lib_a-memset.o)
                0x0000000008002e34                memset
 *(.glue_7)
 .glue_7        0x0000000008002e44        0x0 linker stubs
 *(.glue_7t)
 .glue_7t       0x0000000008002e44        0x0 linker stubs
 *(.eh_frame)
 .eh_frame      0x0000000008002e44        0x0 c:/st/stm32cubeide_1.0.1/stm32cubeide/plugins/com.st.stm32cube.ide.mcu.externaltools.gnu-tools-for-stm32.7-2018-q2-update.win32_1.0.0.201904181610/tools/bin/../lib/gcc/arm-none-eabi/7.3.1/thumb/v6-m/crtbegin.o
 *(.init)
 .init          0x0000000008002e44        0x4 c:/st/stm32cubeide_1.0.1/stm32cubeide/plugins/com.st.stm32cube.ide.mcu.externaltools.gnu-tools-for-stm32.7-2018-q2-update.win32_1.0.0.201904181610/tools/bin/../lib/gcc/arm-none-eabi/7.3.1/thumb/v6-m/crti.o
                0x0000000008002e44                _init
 .init          0x0000000008002e48        0x8 c:/st/stm32cubeide_1.0.1/stm32cubeide/plugins/com.st.stm32cube.ide.mcu.externaltools.gnu-tools-for-stm32.7-2018-q2-update.win32_1.0.0.201904181610/tools/bin/../lib/gcc/arm-none-eabi/7.3.1/thumb/v6-m/crtn.o
 *(.fini)
 .fini          0x0000000008002e50        0x4 c:/st/stm32cubeide_1.0.1/stm32cubeide/plugins/com.st.stm32cube.ide.mcu.externaltools.gnu-tools-for-stm32.7-2018-q2-update.win32_1.0.0.201904181610/tools/bin/../lib/gcc/arm-none-eabi/7.3.1/thumb/v6-m/crti.o
                0x0000000008002e50                _fini
 .fini          0x0000000008002e54        0x8 c:/st/stm32cubeide_1.0.1/stm32cubeide/plugins/com.st.stm32cube.ide.mcu.externaltools.gnu-tools-for-stm32.7-2018-q2-update.win32_1.0.0.201904181610/tools/bin/../lib/gcc/arm-none-eabi/7.3.1/thumb/v6-m/crtn.o
                0x0000000008002e5c                . = ALIGN (0x4)
                0x0000000008002e5c                _etext = .

.vfp11_veneer   0x0000000008002e5c        0x0
 .vfp11_veneer  0x0000000008002e5c        0x0 linker stubs

.v4_bx          0x0000000008002e5c        0x0
 .v4_bx         0x0000000008002e5c        0x0 linker stubs

.iplt           0x0000000008002e5c        0x0
 .iplt          0x0000000008002e5c        0x0 c:/st/stm32cubeide_1.0.1/stm32cubeide/plugins/com.st.stm32cube.ide.mcu.externaltools.gnu-tools-for-stm32.7-2018-q2-update.win32_1.0.0.201904181610/tools/bin/../lib/gcc/arm-none-eabi/7.3.1/thumb/v6-m/crtbegin.o

.rodata         0x0000000008002e5c       0x40
                0x0000000008002e5c                . = ALIGN (0x4)
 *(.rodata)
 *(.rodata*)
 .rodata.AHBPrescTable
                0x0000000008002e5c       0x40 Src/system_stm32g0xx.o
                0x0000000008002e5c                AHBPrescTable
                0x0000000008002e9c                . = ALIGN (0x4)

.rel.dyn        0x0000000008002e9c        0x0
 .rel.iplt      0x0000000008002e9c        0x0 c:/st/stm32cubeide_1.0.1/stm32cubeide/plugins/com.st.stm32cube.ide.mcu.externaltools.gnu-tools-for-stm32.7-2018-q2-update.win32_1.0.0.201904181610/tools/bin/../lib/gcc/arm-none-eabi/7.3.1/thumb/v6-m/crtbegin.o

.ARM.extab      0x0000000008002e9c        0x0
                0x0000000008002e9c                . = ALIGN (0x4)
 *(.ARM.extab* .gnu.linkonce.armextab.*)
                0x0000000008002e9c                . = ALIGN (0x4)

.ARM            0x0000000008002e9c        0x0
                0x0000000008002e9c                . = ALIGN (0x4)
                0x0000000008002e9c                __exidx_start = .
 *(.ARM.exidx*)
                0x0000000008002e9c                __exidx_end = .
                0x0000000008002e9c                . = ALIGN (0x4)

.preinit_array  0x0000000008002e9c        0x0
                0x0000000008002e9c                . = ALIGN (0x4)
                0x0000000008002e9c                PROVIDE (__preinit_array_start = .)
 *(.preinit_array*)
                0x0000000008002e9c                PROVIDE (__preinit_array_end = .)
                0x0000000008002e9c                . = ALIGN (0x4)

.init_array     0x0000000008002e9c        0x4
                0x0000000008002e9c                . = ALIGN (0x4)
                0x0000000008002e9c                PROVIDE (__init_array_start = .)
 *(SORT_BY_NAME(.init_array.*))
 *(.init_array*)
 .init_array    0x0000000008002e9c        0x4 c:/st/stm32cubeide_1.0.1/stm32cubeide/plugins/com.st.stm32cube.ide.mcu.externaltools.gnu-tools-for-stm32.7-2018-q2-update.win32_1.0.0.201904181610/tools/bin/../lib/gcc/arm-none-eabi/7.3.1/thumb/v6-m/crtbegin.o
                0x0000000008002ea0                PROVIDE (__init_array_end = .)
                0x0000000008002ea0                . = ALIGN (0x4)

.fini_array     0x0000000008002ea0        0x4
                0x0000000008002ea0                . = ALIGN (0x4)
                [!provide]                        PROVIDE (__fini_array_start = .)
 *(SORT_BY_NAME(.fini_array.*))
 *(.fini_array*)
 .fini_array    0x0000000008002ea0        0x4 c:/st/stm32cubeide_1.0.1/stm32cubeide/plugins/com.st.stm32cube.ide.mcu.externaltools.gnu-tools-for-stm32.7-2018-q2-update.win32_1.0.0.201904181610/tools/bin/../lib/gcc/arm-none-eabi/7.3.1/thumb/v6-m/crtbegin.o
                [!provide]                        PROVIDE (__fini_array_end = .)
                0x0000000008002ea4                . = ALIGN (0x4)
                0x0000000008002ea4                _sidata = LOADADDR (.data)

.data           0x0000000020000000        0xc load address 0x0000000008002ea4
                0x0000000020000000                . = ALIGN (0x4)
                0x0000000020000000                _sdata = .
 *(.data)
 *(.data*)
 .data.uwTickPrio
                0x0000000020000000        0x4 Drivers/STM32G0xx_HAL_Driver/Src/stm32g0xx_hal.o
                0x0000000020000000                uwTickPrio
 .data.uwTickFreq
                0x0000000020000004        0x4 Drivers/STM32G0xx_HAL_Driver/Src/stm32g0xx_hal.o
                0x0000000020000004                uwTickFreq
 .data.SystemCoreClock
                0x0000000020000008        0x4 Src/system_stm32g0xx.o
                0x0000000020000008                SystemCoreClock
                0x000000002000000c                . = ALIGN (0x4)
                0x000000002000000c                _edata = .

.igot.plt       0x000000002000000c        0x0 load address 0x0000000008002eb0
 .igot.plt      0x000000002000000c        0x0 c:/st/stm32cubeide_1.0.1/stm32cubeide/plugins/com.st.stm32cube.ide.mcu.externaltools.gnu-tools-for-stm32.7-2018-q2-update.win32_1.0.0.201904181610/tools/bin/../lib/gcc/arm-none-eabi/7.3.1/thumb/v6-m/crtbegin.o
                0x000000002000000c                . = ALIGN (0x4)

.bss            0x000000002000000c       0xbc load address 0x0000000008002eb0
                0x000000002000000c                _sbss = .
                0x000000002000000c                __bss_start__ = _sbss
 *(.bss)
 .bss           0x000000002000000c       0x1c c:/st/stm32cubeide_1.0.1/stm32cubeide/plugins/com.st.stm32cube.ide.mcu.externaltools.gnu-tools-for-stm32.7-2018-q2-update.win32_1.0.0.201904181610/tools/bin/../lib/gcc/arm-none-eabi/7.3.1/thumb/v6-m/crtbegin.o
 *(.bss*)
 *(COMMON)
 COMMON         0x0000000020000028        0x4 Drivers/STM32G0xx_HAL_Driver/Src/stm32g0xx_hal.o
                0x0000000020000028                uwTick
 COMMON         0x000000002000002c       0x9c Src/main.o
                0x000000002000002c                hadc1
                0x0000000020000090                hlptim1
                0x00000000200000c8                . = ALIGN (0x4)
                0x00000000200000c8                _ebss = .
                0x00000000200000c8                __bss_end__ = _ebss

._user_heap_stack
                0x00000000200000c8      0x600 load address 0x0000000008002eb0
                0x00000000200000c8                . = ALIGN (0x8)
                0x00000000200000c8                PROVIDE (end = .)
                [!provide]                        PROVIDE (_end = .)
                0x00000000200002c8                . = (. + _Min_Heap_Size)
 *fill*         0x00000000200000c8      0x200 
                0x00000000200006c8                . = (. + _Min_Stack_Size)
 *fill*         0x00000000200002c8      0x400 
                0x00000000200006c8                . = ALIGN (0x8)

/DISCARD/
 libc.a(*)
 libm.a(*)
 libgcc.a(*)

.ARM.attributes
                0x0000000000000000       0x28
 *(.ARM.attributes)
 .ARM.attributes
                0x0000000000000000       0x1e c:/st/stm32cubeide_1.0.1/stm32cubeide/plugins/com.st.stm32cube.ide.mcu.externaltools.gnu-tools-for-stm32.7-2018-q2-update.win32_1.0.0.201904181610/tools/bin/../lib/gcc/arm-none-eabi/7.3.1/thumb/v6-m/crti.o
 .ARM.attributes
                0x000000000000001e       0x2c c:/st/stm32cubeide_1.0.1/stm32cubeide/plugins/com.st.stm32cube.ide.mcu.externaltools.gnu-tools-for-stm32.7-2018-q2-update.win32_1.0.0.201904181610/tools/bin/../lib/gcc/arm-none-eabi/7.3.1/thumb/v6-m/crtbegin.o
 .ARM.attributes
                0x000000000000004a       0x32 Drivers/STM32G0xx_HAL_Driver/Src/stm32g0xx_hal.o
 .ARM.attributes
                0x000000000000007c       0x32 Drivers/STM32G0xx_HAL_Driver/Src/stm32g0xx_hal_adc.o
 .ARM.attributes
                0x00000000000000ae       0x32 Drivers/STM32G0xx_HAL_Driver/Src/stm32g0xx_hal_cortex.o
 .ARM.attributes
                0x00000000000000e0       0x32 Drivers/STM32G0xx_HAL_Driver/Src/stm32g0xx_hal_gpio.o
 .ARM.attributes
                0x0000000000000112       0x32 Drivers/STM32G0xx_HAL_Driver/Src/stm32g0xx_hal_lptim.o
 .ARM.attributes
                0x0000000000000144       0x32 Drivers/STM32G0xx_HAL_Driver/Src/stm32g0xx_hal_pwr_ex.o
 .ARM.attributes
                0x0000000000000176       0x32 Drivers/STM32G0xx_HAL_Driver/Src/stm32g0xx_hal_rcc.o
 .ARM.attributes
                0x00000000000001a8       0x32 Drivers/STM32G0xx_HAL_Driver/Src/stm32g0xx_hal_rcc_ex.o
 .ARM.attributes
                0x00000000000001da       0x32 Src/main.o
 .ARM.attributes
                0x000000000000020c       0x32 Src/stm32g0xx_hal_msp.o
 .ARM.attributes
                0x000000000000023e       0x32 Src/stm32g0xx_it.o
 .ARM.attributes
                0x0000000000000270       0x32 Src/system_stm32g0xx.o
 .ARM.attributes
                0x00000000000002a2       0x21 Startup/startup_stm32g071r8tx.o
 .ARM.attributes
                0x00000000000002c3       0x2c c:/st/stm32cubeide_1.0.1/stm32cubeide/plugins/com.st.stm32cube.ide.mcu.externaltools.gnu-tools-for-stm32.7-2018-q2-update.win32_1.0.0.201904181610/tools/bin/../lib/gcc/arm-none-eabi/7.3.1/../../../../arm-none-eabi/lib/thumb/v6-m\libc_nano.a(lib_a-init.o)
 .ARM.attributes
                0x00000000000002ef       0x2c c:/st/stm32cubeide_1.0.1/stm32cubeide/plugins/com.st.stm32cube.ide.mcu.externaltools.gnu-tools-for-stm32.7-2018-q2-update.win32_1.0.0.201904181610/tools/bin/../lib/gcc/arm-none-eabi/7.3.1/../../../../arm-none-eabi/lib/thumb/v6-m\libc_nano.a(lib_a-memset.o)
 .ARM.attributes
                0x000000000000031b       0x1e c:/st/stm32cubeide_1.0.1/stm32cubeide/plugins/com.st.stm32cube.ide.mcu.externaltools.gnu-tools-for-stm32.7-2018-q2-update.win32_1.0.0.201904181610/tools/bin/../lib/gcc/arm-none-eabi/7.3.1/thumb/v6-m\libgcc.a(_udivsi3.o)
 .ARM.attributes
                0x0000000000000339       0x1e c:/st/stm32cubeide_1.0.1/stm32cubeide/plugins/com.st.stm32cube.ide.mcu.externaltools.gnu-tools-for-stm32.7-2018-q2-update.win32_1.0.0.201904181610/tools/bin/../lib/gcc/arm-none-eabi/7.3.1/thumb/v6-m\libgcc.a(_dvmd_tls.o)
 .ARM.attributes
                0x0000000000000357       0x1e c:/st/stm32cubeide_1.0.1/stm32cubeide/plugins/com.st.stm32cube.ide.mcu.externaltools.gnu-tools-for-stm32.7-2018-q2-update.win32_1.0.0.201904181610/tools/bin/../lib/gcc/arm-none-eabi/7.3.1/thumb/v6-m/crtn.o
OUTPUT(Actuator-Controller.elf elf32-littlearm)

.debug_info     0x0000000000000000     0x787f
 .debug_info    0x0000000000000000      0xa11 Drivers/STM32G0xx_HAL_Driver/Src/stm32g0xx_hal.o
 .debug_info    0x0000000000000a11     0x1462 Drivers/STM32G0xx_HAL_Driver/Src/stm32g0xx_hal_adc.o
 .debug_info    0x0000000000001e73      0x971 Drivers/STM32G0xx_HAL_Driver/Src/stm32g0xx_hal_cortex.o
 .debug_info    0x00000000000027e4      0x67f Drivers/STM32G0xx_HAL_Driver/Src/stm32g0xx_hal_gpio.o
 .debug_info    0x0000000000002e63      0xbcb Drivers/STM32G0xx_HAL_Driver/Src/stm32g0xx_hal_lptim.o
 .debug_info    0x0000000000003a2e      0x64f Drivers/STM32G0xx_HAL_Driver/Src/stm32g0xx_hal_pwr_ex.o
 .debug_info    0x000000000000407d      0xab0 Drivers/STM32G0xx_HAL_Driver/Src/stm32g0xx_hal_rcc.o
 .debug_info    0x0000000000004b2d      0x815 Drivers/STM32G0xx_HAL_Driver/Src/stm32g0xx_hal_rcc_ex.o
 .debug_info    0x0000000000005342     0x10b0 Src/main.o
 .debug_info    0x00000000000063f2      0xe4f Src/stm32g0xx_hal_msp.o
 .debug_info    0x0000000000007241      0x1e8 Src/stm32g0xx_it.o
 .debug_info    0x0000000000007429      0x434 Src/system_stm32g0xx.o
 .debug_info    0x000000000000785d       0x22 Startup/startup_stm32g071r8tx.o

.debug_abbrev   0x0000000000000000     0x1614
 .debug_abbrev  0x0000000000000000      0x242 Drivers/STM32G0xx_HAL_Driver/Src/stm32g0xx_hal.o
 .debug_abbrev  0x0000000000000242      0x21b Drivers/STM32G0xx_HAL_Driver/Src/stm32g0xx_hal_adc.o
 .debug_abbrev  0x000000000000045d      0x27c Drivers/STM32G0xx_HAL_Driver/Src/stm32g0xx_hal_cortex.o
 .debug_abbrev  0x00000000000006d9      0x1b7 Drivers/STM32G0xx_HAL_Driver/Src/stm32g0xx_hal_gpio.o
 .debug_abbrev  0x0000000000000890      0x1be Drivers/STM32G0xx_HAL_Driver/Src/stm32g0xx_hal_lptim.o
 .debug_abbrev  0x0000000000000a4e      0x1f6 Drivers/STM32G0xx_HAL_Driver/Src/stm32g0xx_hal_pwr_ex.o
 .debug_abbrev  0x0000000000000c44      0x211 Drivers/STM32G0xx_HAL_Driver/Src/stm32g0xx_hal_rcc.o
 .debug_abbrev  0x0000000000000e55      0x1d4 Drivers/STM32G0xx_HAL_Driver/Src/stm32g0xx_hal_rcc_ex.o
 .debug_abbrev  0x0000000000001029      0x20a Src/main.o
 .debug_abbrev  0x0000000000001233      0x1a6 Src/stm32g0xx_hal_msp.o
 .debug_abbrev  0x00000000000013d9       0xe2 Src/stm32g0xx_it.o
 .debug_abbrev  0x00000000000014bb      0x147 Src/system_stm32g0xx.o
 .debug_abbrev  0x0000000000001602       0x12 Startup/startup_stm32g071r8tx.o

.debug_aranges  0x0000000000000000      0x848
 .debug_aranges
                0x0000000000000000      0x120 Drivers/STM32G0xx_HAL_Driver/Src/stm32g0xx_hal.o
 .debug_aranges
                0x0000000000000120      0x1e0 Drivers/STM32G0xx_HAL_Driver/Src/stm32g0xx_hal_adc.o
 .debug_aranges
                0x0000000000000300       0xd8 Drivers/STM32G0xx_HAL_Driver/Src/stm32g0xx_hal_cortex.o
 .debug_aranges
                0x00000000000003d8       0x60 Drivers/STM32G0xx_HAL_Driver/Src/stm32g0xx_hal_gpio.o
 .debug_aranges
                0x0000000000000438      0x158 Drivers/STM32G0xx_HAL_Driver/Src/stm32g0xx_hal_lptim.o
 .debug_aranges
                0x0000000000000590       0xc0 Drivers/STM32G0xx_HAL_Driver/Src/stm32g0xx_hal_pwr_ex.o
 .debug_aranges
                0x0000000000000650       0x98 Drivers/STM32G0xx_HAL_Driver/Src/stm32g0xx_hal_rcc.o
 .debug_aranges
                0x00000000000006e8       0x40 Drivers/STM32G0xx_HAL_Driver/Src/stm32g0xx_hal_rcc_ex.o
 .debug_aranges
                0x0000000000000728       0x48 Src/main.o
 .debug_aranges
                0x0000000000000770       0x48 Src/stm32g0xx_hal_msp.o
 .debug_aranges
                0x00000000000007b8       0x40 Src/stm32g0xx_it.o
 .debug_aranges
                0x00000000000007f8       0x28 Src/system_stm32g0xx.o
 .debug_aranges
                0x0000000000000820       0x28 Startup/startup_stm32g071r8tx.o

.debug_ranges   0x0000000000000000      0x780
 .debug_ranges  0x0000000000000000      0x110 Drivers/STM32G0xx_HAL_Driver/Src/stm32g0xx_hal.o
 .debug_ranges  0x0000000000000110      0x1d0 Drivers/STM32G0xx_HAL_Driver/Src/stm32g0xx_hal_adc.o
 .debug_ranges  0x00000000000002e0       0xc8 Drivers/STM32G0xx_HAL_Driver/Src/stm32g0xx_hal_cortex.o
 .debug_ranges  0x00000000000003a8       0x50 Drivers/STM32G0xx_HAL_Driver/Src/stm32g0xx_hal_gpio.o
 .debug_ranges  0x00000000000003f8      0x148 Drivers/STM32G0xx_HAL_Driver/Src/stm32g0xx_hal_lptim.o
 .debug_ranges  0x0000000000000540       0xb0 Drivers/STM32G0xx_HAL_Driver/Src/stm32g0xx_hal_pwr_ex.o
 .debug_ranges  0x00000000000005f0       0x88 Drivers/STM32G0xx_HAL_Driver/Src/stm32g0xx_hal_rcc.o
 .debug_ranges  0x0000000000000678       0x30 Drivers/STM32G0xx_HAL_Driver/Src/stm32g0xx_hal_rcc_ex.o
 .debug_ranges  0x00000000000006a8       0x38 Src/main.o
 .debug_ranges  0x00000000000006e0       0x38 Src/stm32g0xx_hal_msp.o
 .debug_ranges  0x0000000000000718       0x30 Src/stm32g0xx_it.o
 .debug_ranges  0x0000000000000748       0x18 Src/system_stm32g0xx.o
 .debug_ranges  0x0000000000000760       0x20 Startup/startup_stm32g071r8tx.o

.debug_macro    0x0000000000000000    0x16d64
 .debug_macro   0x0000000000000000      0x1ef Drivers/STM32G0xx_HAL_Driver/Src/stm32g0xx_hal.o
 .debug_macro   0x00000000000001ef      0xa48 Drivers/STM32G0xx_HAL_Driver/Src/stm32g0xx_hal.o
 .debug_macro   0x0000000000000c37      0x109 Drivers/STM32G0xx_HAL_Driver/Src/stm32g0xx_hal.o
 .debug_macro   0x0000000000000d40       0x2e Drivers/STM32G0xx_HAL_Driver/Src/stm32g0xx_hal.o
 .debug_macro   0x0000000000000d6e       0x28 Drivers/STM32G0xx_HAL_Driver/Src/stm32g0xx_hal.o
 .debug_macro   0x0000000000000d96       0x22 Drivers/STM32G0xx_HAL_Driver/Src/stm32g0xx_hal.o
 .debug_macro   0x0000000000000db8       0x8e Drivers/STM32G0xx_HAL_Driver/Src/stm32g0xx_hal.o
 .debug_macro   0x0000000000000e46       0x51 Drivers/STM32G0xx_HAL_Driver/Src/stm32g0xx_hal.o
 .debug_macro   0x0000000000000e97       0xef Drivers/STM32G0xx_HAL_Driver/Src/stm32g0xx_hal.o
 .debug_macro   0x0000000000000f86       0x6a Drivers/STM32G0xx_HAL_Driver/Src/stm32g0xx_hal.o
 .debug_macro   0x0000000000000ff0      0x1df Drivers/STM32G0xx_HAL_Driver/Src/stm32g0xx_hal.o
 .debug_macro   0x00000000000011cf       0x1c Drivers/STM32G0xx_HAL_Driver/Src/stm32g0xx_hal.o
 .debug_macro   0x00000000000011eb       0x22 Drivers/STM32G0xx_HAL_Driver/Src/stm32g0xx_hal.o
 .debug_macro   0x000000000000120d       0xb5 Drivers/STM32G0xx_HAL_Driver/Src/stm32g0xx_hal.o
 .debug_macro   0x00000000000012c2      0x4da Drivers/STM32G0xx_HAL_Driver/Src/stm32g0xx_hal.o
 .debug_macro   0x000000000000179c      0x11f Drivers/STM32G0xx_HAL_Driver/Src/stm32g0xx_hal.o
 .debug_macro   0x00000000000018bb     0xc54d Drivers/STM32G0xx_HAL_Driver/Src/stm32g0xx_hal.o
 .debug_macro   0x000000000000de08       0x3c Drivers/STM32G0xx_HAL_Driver/Src/stm32g0xx_hal.o
 .debug_macro   0x000000000000de44     0x3468 Drivers/STM32G0xx_HAL_Driver/Src/stm32g0xx_hal.o
 .debug_macro   0x00000000000112ac      0x174 Drivers/STM32G0xx_HAL_Driver/Src/stm32g0xx_hal.o
 .debug_macro   0x0000000000011420       0x5a Drivers/STM32G0xx_HAL_Driver/Src/stm32g0xx_hal.o
 .debug_macro   0x000000000001147a      0x56c Drivers/STM32G0xx_HAL_Driver/Src/stm32g0xx_hal.o
 .debug_macro   0x00000000000119e6     0x1099 Drivers/STM32G0xx_HAL_Driver/Src/stm32g0xx_hal.o
 .debug_macro   0x0000000000012a7f      0x257 Drivers/STM32G0xx_HAL_Driver/Src/stm32g0xx_hal.o
 .debug_macro   0x0000000000012cd6      0x153 Drivers/STM32G0xx_HAL_Driver/Src/stm32g0xx_hal.o
 .debug_macro   0x0000000000012e29      0x1a5 Drivers/STM32G0xx_HAL_Driver/Src/stm32g0xx_hal.o
 .debug_macro   0x0000000000012fce      0x398 Drivers/STM32G0xx_HAL_Driver/Src/stm32g0xx_hal.o
 .debug_macro   0x0000000000013366      0x1a5 Drivers/STM32G0xx_HAL_Driver/Src/stm32g0xx_hal.o
 .debug_macro   0x000000000001350b       0x43 Drivers/STM32G0xx_HAL_Driver/Src/stm32g0xx_hal.o
 .debug_macro   0x000000000001354e      0x1f1 Drivers/STM32G0xx_HAL_Driver/Src/stm32g0xx_hal.o
 .debug_macro   0x000000000001373f      0x8a1 Drivers/STM32G0xx_HAL_Driver/Src/stm32g0xx_hal.o
 .debug_macro   0x0000000000013fe0      0x5c2 Drivers/STM32G0xx_HAL_Driver/Src/stm32g0xx_hal.o
 .debug_macro   0x00000000000145a2       0x2e Drivers/STM32G0xx_HAL_Driver/Src/stm32g0xx_hal.o
 .debug_macro   0x00000000000145d0      0x1c4 Drivers/STM32G0xx_HAL_Driver/Src/stm32g0xx_hal.o
 .debug_macro   0x0000000000014794      0x36e Drivers/STM32G0xx_HAL_Driver/Src/stm32g0xx_hal.o
 .debug_macro   0x0000000000014b02       0x28 Drivers/STM32G0xx_HAL_Driver/Src/stm32g0xx_hal.o
 .debug_macro   0x0000000000014b2a       0xc1 Drivers/STM32G0xx_HAL_Driver/Src/stm32g0xx_hal.o
 .debug_macro   0x0000000000014beb      0x280 Drivers/STM32G0xx_HAL_Driver/Src/stm32g0xx_hal.o
 .debug_macro   0x0000000000014e6b      0x26f Drivers/STM32G0xx_HAL_Driver/Src/stm32g0xx_hal.o
 .debug_macro   0x00000000000150da       0xd2 Drivers/STM32G0xx_HAL_Driver/Src/stm32g0xx_hal.o
 .debug_macro   0x00000000000151ac      0x503 Drivers/STM32G0xx_HAL_Driver/Src/stm32g0xx_hal.o
 .debug_macro   0x00000000000156af      0x1ef Drivers/STM32G0xx_HAL_Driver/Src/stm32g0xx_hal_adc.o
 .debug_macro   0x000000000001589e      0x1cb Drivers/STM32G0xx_HAL_Driver/Src/stm32g0xx_hal_cortex.o
 .debug_macro   0x0000000000015a69      0x203 Drivers/STM32G0xx_HAL_Driver/Src/stm32g0xx_hal_gpio.o
 .debug_macro   0x0000000000015c6c      0x1cc Drivers/STM32G0xx_HAL_Driver/Src/stm32g0xx_hal_lptim.o
 .debug_macro   0x0000000000015e38      0x1dd Drivers/STM32G0xx_HAL_Driver/Src/stm32g0xx_hal_pwr_ex.o
 .debug_macro   0x0000000000016015      0x207 Drivers/STM32G0xx_HAL_Driver/Src/stm32g0xx_hal_rcc.o
 .debug_macro   0x000000000001621c      0x1e3 Drivers/STM32G0xx_HAL_Driver/Src/stm32g0xx_hal_rcc_ex.o
 .debug_macro   0x00000000000163ff      0x1e3 Src/main.o
 .debug_macro   0x00000000000165e2      0x141 Src/main.o
 .debug_macro   0x0000000000016723       0xa0 Src/main.o
 .debug_macro   0x00000000000167c3      0x1e3 Src/stm32g0xx_hal_msp.o
 .debug_macro   0x00000000000169a6      0x1ed Src/stm32g0xx_it.o
 .debug_macro   0x0000000000016b93      0x1d1 Src/system_stm32g0xx.o

.debug_line     0x0000000000000000     0x6fe8
 .debug_line    0x0000000000000000      0x943 Drivers/STM32G0xx_HAL_Driver/Src/stm32g0xx_hal.o
 .debug_line    0x0000000000000943     0x1117 Drivers/STM32G0xx_HAL_Driver/Src/stm32g0xx_hal_adc.o
 .debug_line    0x0000000000001a5a      0x913 Drivers/STM32G0xx_HAL_Driver/Src/stm32g0xx_hal_cortex.o
 .debug_line    0x000000000000236d      0x85b Drivers/STM32G0xx_HAL_Driver/Src/stm32g0xx_hal_gpio.o
 .debug_line    0x0000000000002bc8      0xaae Drivers/STM32G0xx_HAL_Driver/Src/stm32g0xx_hal_lptim.o
 .debug_line    0x0000000000003676      0x8a0 Drivers/STM32G0xx_HAL_Driver/Src/stm32g0xx_hal_pwr_ex.o
 .debug_line    0x0000000000003f16      0x9bc Drivers/STM32G0xx_HAL_Driver/Src/stm32g0xx_hal_rcc.o
 .debug_line    0x00000000000048d2      0x94c Drivers/STM32G0xx_HAL_Driver/Src/stm32g0xx_hal_rcc_ex.o
 .debug_line    0x000000000000521e      0x7cc Src/main.o
 .debug_line    0x00000000000059ea      0x763 Src/stm32g0xx_hal_msp.o
 .debug_line    0x000000000000614d      0x734 Src/stm32g0xx_it.o
 .debug_line    0x0000000000006881      0x6e3 Src/system_stm32g0xx.o
 .debug_line    0x0000000000006f64       0x84 Startup/startup_stm32g071r8tx.o

.debug_str      0x0000000000000000    0x9328a
 .debug_str     0x0000000000000000    0x90311 Drivers/STM32G0xx_HAL_Driver/Src/stm32g0xx_hal.o
                                      0x90b2c (size before relaxing)
 .debug_str     0x0000000000090311      0xca9 Drivers/STM32G0xx_HAL_Driver/Src/stm32g0xx_hal_adc.o
                                      0x9105c (size before relaxing)
 .debug_str     0x0000000000090fba      0x2d0 Drivers/STM32G0xx_HAL_Driver/Src/stm32g0xx_hal_cortex.o
                                      0x908a9 (size before relaxing)
 .debug_str     0x000000000009128a      0x2c4 Drivers/STM32G0xx_HAL_Driver/Src/stm32g0xx_hal_gpio.o
                                      0x90606 (size before relaxing)
 .debug_str     0x000000000009154e      0x5ac Drivers/STM32G0xx_HAL_Driver/Src/stm32g0xx_hal_lptim.o
                                      0x908f9 (size before relaxing)
 .debug_str     0x0000000000091afa      0x2d8 Drivers/STM32G0xx_HAL_Driver/Src/stm32g0xx_hal_pwr_ex.o
                                      0x90701 (size before relaxing)
 .debug_str     0x0000000000091dd2      0x498 Drivers/STM32G0xx_HAL_Driver/Src/stm32g0xx_hal_rcc.o
                                      0x909b2 (size before relaxing)
 .debug_str     0x000000000009226a      0x295 Drivers/STM32G0xx_HAL_Driver/Src/stm32g0xx_hal_rcc_ex.o
                                      0x90752 (size before relaxing)
 .debug_str     0x00000000000924ff      0xc67 Src/main.o
                                      0x91a11 (size before relaxing)
 .debug_str     0x0000000000093166       0x32 Src/stm32g0xx_hal_msp.o
                                      0x9175a (size before relaxing)
 .debug_str     0x0000000000093198       0x71 Src/stm32g0xx_it.o
                                      0x90f24 (size before relaxing)
 .debug_str     0x0000000000093209       0x50 Src/system_stm32g0xx.o
                                      0x9040b (size before relaxing)
 .debug_str     0x0000000000093259       0x31 Startup/startup_stm32g071r8tx.o
                                         0x94 (size before relaxing)

.comment        0x0000000000000000       0x7b
 .comment       0x0000000000000000       0x7b Drivers/STM32G0xx_HAL_Driver/Src/stm32g0xx_hal.o
                                         0x7c (size before relaxing)
 .comment       0x000000000000007b       0x7c Drivers/STM32G0xx_HAL_Driver/Src/stm32g0xx_hal_adc.o
 .comment       0x000000000000007b       0x7c Drivers/STM32G0xx_HAL_Driver/Src/stm32g0xx_hal_cortex.o
 .comment       0x000000000000007b       0x7c Drivers/STM32G0xx_HAL_Driver/Src/stm32g0xx_hal_gpio.o
 .comment       0x000000000000007b       0x7c Drivers/STM32G0xx_HAL_Driver/Src/stm32g0xx_hal_lptim.o
 .comment       0x000000000000007b       0x7c Drivers/STM32G0xx_HAL_Driver/Src/stm32g0xx_hal_pwr_ex.o
 .comment       0x000000000000007b       0x7c Drivers/STM32G0xx_HAL_Driver/Src/stm32g0xx_hal_rcc.o
 .comment       0x000000000000007b       0x7c Drivers/STM32G0xx_HAL_Driver/Src/stm32g0xx_hal_rcc_ex.o
 .comment       0x000000000000007b       0x7c Src/main.o
 .comment       0x000000000000007b       0x7c Src/stm32g0xx_hal_msp.o
 .comment       0x000000000000007b       0x7c Src/stm32g0xx_it.o
 .comment       0x000000000000007b       0x7c Src/system_stm32g0xx.o

.debug_frame    0x0000000000000000     0x1c70
 .debug_frame   0x0000000000000000      0x3dc Drivers/STM32G0xx_HAL_Driver/Src/stm32g0xx_hal.o
 .debug_frame   0x00000000000003dc      0x74c Drivers/STM32G0xx_HAL_Driver/Src/stm32g0xx_hal_adc.o
 .debug_frame   0x0000000000000b28      0x2fc Drivers/STM32G0xx_HAL_Driver/Src/stm32g0xx_hal_cortex.o
 .debug_frame   0x0000000000000e24      0x130 Drivers/STM32G0xx_HAL_Driver/Src/stm32g0xx_hal_gpio.o
 .debug_frame   0x0000000000000f54      0x510 Drivers/STM32G0xx_HAL_Driver/Src/stm32g0xx_hal_lptim.o
 .debug_frame   0x0000000000001464      0x280 Drivers/STM32G0xx_HAL_Driver/Src/stm32g0xx_hal_pwr_ex.o
 .debug_frame   0x00000000000016e4      0x1f4 Drivers/STM32G0xx_HAL_Driver/Src/stm32g0xx_hal_rcc.o
 .debug_frame   0x00000000000018d8       0xb0 Drivers/STM32G0xx_HAL_Driver/Src/stm32g0xx_hal_rcc_ex.o
 .debug_frame   0x0000000000001988       0xc4 Src/main.o
 .debug_frame   0x0000000000001a4c       0xd0 Src/stm32g0xx_hal_msp.o
 .debug_frame   0x0000000000001b1c       0x9c Src/stm32g0xx_it.o
 .debug_frame   0x0000000000001bb8       0x4c Src/system_stm32g0xx.o
 .debug_frame   0x0000000000001c04       0x2c c:/st/stm32cubeide_1.0.1/stm32cubeide/plugins/com.st.stm32cube.ide.mcu.externaltools.gnu-tools-for-stm32.7-2018-q2-update.win32_1.0.0.201904181610/tools/bin/../lib/gcc/arm-none-eabi/7.3.1/../../../../arm-none-eabi/lib/thumb/v6-m\libc_nano.a(lib_a-init.o)
 .debug_frame   0x0000000000001c30       0x20 c:/st/stm32cubeide_1.0.1/stm32cubeide/plugins/com.st.stm32cube.ide.mcu.externaltools.gnu-tools-for-stm32.7-2018-q2-update.win32_1.0.0.201904181610/tools/bin/../lib/gcc/arm-none-eabi/7.3.1/../../../../arm-none-eabi/lib/thumb/v6-m\libc_nano.a(lib_a-memset.o)
 .debug_frame   0x0000000000001c50       0x20 c:/st/stm32cubeide_1.0.1/stm32cubeide/plugins/com.st.stm32cube.ide.mcu.externaltools.gnu-tools-for-stm32.7-2018-q2-update.win32_1.0.0.201904181610/tools/bin/../lib/gcc/arm-none-eabi/7.3.1/thumb/v6-m\libgcc.a(_udivsi3.o)
