stm32f0xx_ll_usb.c:64:19:USB_CoreInit	24	static
stm32f0xx_ll_usb.c:84:19:USB_EnableGlobalInt	24	static
stm32f0xx_ll_usb.c:109:19:USB_DisableGlobalInt	24	static
stm32f0xx_ll_usb.c:133:19:USB_SetCurrentMode	16	static
stm32f0xx_ll_usb.c:154:19:USB_DevInit	24	static
stm32f0xx_ll_usb.c:181:19:USB_ActivateEndpoint	112	static
stm32f0xx_ll_usb.c:296:19:USB_DeactivateEndpoint	56	static
stm32f0xx_ll_usb.c:352:19:USB_EPStartXfer	288	static
stm32f0xx_ll_usb.c:562:19:USB_EPSetStall	24	static
stm32f0xx_ll_usb.c:582:19:USB_EPClearStall	32	static
stm32f0xx_ll_usb.c:613:19:USB_StopDevice	16	static
stm32f0xx_ll_usb.c:634:20:USB_SetDevAddress	16	static
stm32f0xx_ll_usb.c:650:20:USB_DevConnect	16	static
stm32f0xx_ll_usb.c:663:20:USB_DevDisconnect	16	static
stm32f0xx_ll_usb.c:676:11:USB_ReadInterrupts	24	static
stm32f0xx_ll_usb.c:689:19:USB_ActivateRemoteWakeup	16	static
stm32f0xx_ll_usb.c:701:19:USB_DeActivateRemoteWakeup	16	static
stm32f0xx_ll_usb.c:716:6:USB_WritePMA	56	static
stm32f0xx_ll_usb.c:750:6:USB_ReadPMA	48	static
