Archive member included to satisfy reference by file (symbol)

c:/st/stm32cubeide_1.0.1/stm32cubeide/plugins/com.st.stm32cube.ide.mcu.externaltools.gnu-tools-for-stm32.7-2018-q2-update.win32_1.0.0.201904181610/tools/bin/../lib/gcc/arm-none-eabi/7.3.1/../../../../arm-none-eabi/lib/thumb/v6-m\libc_nano.a(lib_a-errno.o)
                              Src/syscalls.o (__errno)
c:/st/stm32cubeide_1.0.1/stm32cubeide/plugins/com.st.stm32cube.ide.mcu.externaltools.gnu-tools-for-stm32.7-2018-q2-update.win32_1.0.0.201904181610/tools/bin/../lib/gcc/arm-none-eabi/7.3.1/../../../../arm-none-eabi/lib/thumb/v6-m\libc_nano.a(lib_a-exit.o)
                              c:/st/stm32cubeide_1.0.1/stm32cubeide/plugins/com.st.stm32cube.ide.mcu.externaltools.gnu-tools-for-stm32.7-2018-q2-update.win32_1.0.0.201904181610/tools/bin/../lib/gcc/arm-none-eabi/7.3.1/../../../../arm-none-eabi/lib/thumb/v6-m/crt0.o (exit)
c:/st/stm32cubeide_1.0.1/stm32cubeide/plugins/com.st.stm32cube.ide.mcu.externaltools.gnu-tools-for-stm32.7-2018-q2-update.win32_1.0.0.201904181610/tools/bin/../lib/gcc/arm-none-eabi/7.3.1/../../../../arm-none-eabi/lib/thumb/v6-m\libc_nano.a(lib_a-impure.o)
                              c:/st/stm32cubeide_1.0.1/stm32cubeide/plugins/com.st.stm32cube.ide.mcu.externaltools.gnu-tools-for-stm32.7-2018-q2-update.win32_1.0.0.201904181610/tools/bin/../lib/gcc/arm-none-eabi/7.3.1/../../../../arm-none-eabi/lib/thumb/v6-m\libc_nano.a(lib_a-exit.o) (_global_impure_ptr)
c:/st/stm32cubeide_1.0.1/stm32cubeide/plugins/com.st.stm32cube.ide.mcu.externaltools.gnu-tools-for-stm32.7-2018-q2-update.win32_1.0.0.201904181610/tools/bin/../lib/gcc/arm-none-eabi/7.3.1/../../../../arm-none-eabi/lib/thumb/v6-m\libc_nano.a(lib_a-init.o)
                              c:/st/stm32cubeide_1.0.1/stm32cubeide/plugins/com.st.stm32cube.ide.mcu.externaltools.gnu-tools-for-stm32.7-2018-q2-update.win32_1.0.0.201904181610/tools/bin/../lib/gcc/arm-none-eabi/7.3.1/../../../../arm-none-eabi/lib/thumb/v6-m/crt0.o (__libc_init_array)
c:/st/stm32cubeide_1.0.1/stm32cubeide/plugins/com.st.stm32cube.ide.mcu.externaltools.gnu-tools-for-stm32.7-2018-q2-update.win32_1.0.0.201904181610/tools/bin/../lib/gcc/arm-none-eabi/7.3.1/../../../../arm-none-eabi/lib/thumb/v6-m\libc_nano.a(lib_a-memcpy-stub.o)
                              Src/messages.o (memcpy)
c:/st/stm32cubeide_1.0.1/stm32cubeide/plugins/com.st.stm32cube.ide.mcu.externaltools.gnu-tools-for-stm32.7-2018-q2-update.win32_1.0.0.201904181610/tools/bin/../lib/gcc/arm-none-eabi/7.3.1/../../../../arm-none-eabi/lib/thumb/v6-m\libc_nano.a(lib_a-memset.o)
                              c:/st/stm32cubeide_1.0.1/stm32cubeide/plugins/com.st.stm32cube.ide.mcu.externaltools.gnu-tools-for-stm32.7-2018-q2-update.win32_1.0.0.201904181610/tools/bin/../lib/gcc/arm-none-eabi/7.3.1/../../../../arm-none-eabi/lib/thumb/v6-m/crt0.o (memset)
c:/st/stm32cubeide_1.0.1/stm32cubeide/plugins/com.st.stm32cube.ide.mcu.externaltools.gnu-tools-for-stm32.7-2018-q2-update.win32_1.0.0.201904181610/tools/bin/../lib/gcc/arm-none-eabi/7.3.1/../../../../arm-none-eabi/lib/thumb/v6-m\libc_nano.a(lib_a-sprintf.o)
                              Src/messages.o (sprintf)
c:/st/stm32cubeide_1.0.1/stm32cubeide/plugins/com.st.stm32cube.ide.mcu.externaltools.gnu-tools-for-stm32.7-2018-q2-update.win32_1.0.0.201904181610/tools/bin/../lib/gcc/arm-none-eabi/7.3.1/../../../../arm-none-eabi/lib/thumb/v6-m\libc_nano.a(lib_a-strcat.o)
                              Src/messages.o (strcat)
c:/st/stm32cubeide_1.0.1/stm32cubeide/plugins/com.st.stm32cube.ide.mcu.externaltools.gnu-tools-for-stm32.7-2018-q2-update.win32_1.0.0.201904181610/tools/bin/../lib/gcc/arm-none-eabi/7.3.1/../../../../arm-none-eabi/lib/thumb/v6-m\libc_nano.a(lib_a-strcpy.o)
                              Src/messages.o (strcpy)
c:/st/stm32cubeide_1.0.1/stm32cubeide/plugins/com.st.stm32cube.ide.mcu.externaltools.gnu-tools-for-stm32.7-2018-q2-update.win32_1.0.0.201904181610/tools/bin/../lib/gcc/arm-none-eabi/7.3.1/../../../../arm-none-eabi/lib/thumb/v6-m\libc_nano.a(lib_a-strlen.o)
                              Src/messages.o (strlen)
c:/st/stm32cubeide_1.0.1/stm32cubeide/plugins/com.st.stm32cube.ide.mcu.externaltools.gnu-tools-for-stm32.7-2018-q2-update.win32_1.0.0.201904181610/tools/bin/../lib/gcc/arm-none-eabi/7.3.1/../../../../arm-none-eabi/lib/thumb/v6-m\libc_nano.a(lib_a-nano-svfprintf.o)
                              c:/st/stm32cubeide_1.0.1/stm32cubeide/plugins/com.st.stm32cube.ide.mcu.externaltools.gnu-tools-for-stm32.7-2018-q2-update.win32_1.0.0.201904181610/tools/bin/../lib/gcc/arm-none-eabi/7.3.1/../../../../arm-none-eabi/lib/thumb/v6-m\libc_nano.a(lib_a-sprintf.o) (_svfprintf_r)
c:/st/stm32cubeide_1.0.1/stm32cubeide/plugins/com.st.stm32cube.ide.mcu.externaltools.gnu-tools-for-stm32.7-2018-q2-update.win32_1.0.0.201904181610/tools/bin/../lib/gcc/arm-none-eabi/7.3.1/../../../../arm-none-eabi/lib/thumb/v6-m\libc_nano.a(lib_a-nano-vfprintf_i.o)
[...]
Memory Configuration

Name             Origin             Length             Attributes
RAM              0x0000000020000000 0x0000000000009000 xrw
FLASH            0x0000000008000000 0x0000000000010000 xr
*default*        0x0000000000000000 0xffffffffffffffff

Linker script and memory map

LOAD c:/st/stm32cubeide_1.0.1/stm32cubeide/plugins/com.st.stm32cube.ide.mcu.externaltools.gnu-tools-for-stm32.7-2018-q2-update.win32_1.0.0.201904181610/tools/bin/../lib/gcc/arm-none-eabi/7.3.1/thumb/v6-m/crti.o
LOAD c:/st/stm32cubeide_1.0.1/stm32cubeide/plugins/com.st.stm32cube.ide.mcu.externaltools.gnu-tools-for-stm32.7-2018-q2-update.win32_1.0.0.201904181610/tools/bin/../lib/gcc/arm-none-eabi/7.3.1/thumb/v6-m/crtbegin.o
LOAD c:/st/stm32cubeide_1.0.1/stm32cubeide/plugins/com.st.stm32cube.ide.mcu.externaltools.gnu-tools-for-stm32.7-2018-q2-update.win32_1.0.0.201904181610/tools/bin/../lib/gcc/arm-none-eabi/7.3.1/../../../../arm-none-eabi/lib/thumb/v6-m/crt0.o
LOAD Drivers/STM32G0xx_HAL_Driver/Src/stm32g0xx_hal.o
LOAD Drivers/STM32G0xx_HAL_Driver/Src/stm32g0xx_hal_adc.o
LOAD Drivers/STM32G0xx_HAL_Driver/Src/stm32g0xx_hal_adc_ex.o
LOAD Drivers/STM32G0xx_HAL_Driver/Src/stm32g0xx_hal_cortex.o
LOAD Drivers/STM32G0xx_HAL_Driver/Src/stm32g0xx_hal_dma.o
LOAD Drivers/STM32G0xx_HAL_Driver/Src/stm32g0xx_hal_dma_ex.o
LOAD Drivers/STM32G0xx_HAL_Driver/Src/stm32g0xx_hal_exti.o
LOAD Drivers/STM32G0xx_HAL_Driver/Src/stm32g0xx_hal_flash.o
LOAD Drivers/STM32G0xx_HAL_Driver/Src/stm32g0xx_hal_flash_ex.o
LOAD Drivers/STM32G0xx_HAL_Driver/Src/stm32g0xx_hal_gpio.o
LOAD Drivers/STM32G0xx_HAL_Driver/Src/stm32g0xx_hal_pwr.o
LOAD Drivers/STM32G0xx_HAL_Driver/Src/stm32g0xx_hal_pwr_ex.o
LOAD Drivers/STM32G0xx_HAL_Driver/Src/stm32g0xx_hal_rcc.o
LOAD Drivers/STM32G0xx_HAL_Driver/Src/stm32g0xx_hal_rcc_ex.o
LOAD Drivers/STM32G0xx_HAL_Driver/Src/stm32g0xx_hal_tim.o
LOAD Drivers/STM32G0xx_HAL_Driver/Src/stm32g0xx_hal_tim_ex.o
LOAD Drivers/STM32G0xx_HAL_Driver/Src/stm32g0xx_hal_uart.o
LOAD Drivers/STM32G0xx_HAL_Driver/Src/stm32g0xx_hal_uart_ex.o
LOAD Drivers/STM32G0xx_HAL_Driver/Src/stm32g0xx_hal_wwdg.o
LOAD Drivers/STM32G0xx_HAL_Driver/Src/stm32g0xx_ll_adc.o
LOAD Drivers/STM32G0xx_HAL_Driver/Src/stm32g0xx_ll_rcc.o
LOAD Src/burn_feedback.o
LOAD Src/burn_initiated.o
LOAD Src/burn_termination_1.o
LOAD Src/burn_termination_2.o
LOAD Src/burn_termination_3.o
LOAD Src/failure.o
LOAD Src/groundstation.o
LOAD Src/ignition.o
LOAD Src/init.o
LOAD Src/lox_fill.o
LOAD Src/lox_intro.o
LOAD Src/main.o
LOAD Src/messages.o
LOAD Src/post_fire.o
LOAD Src/pre_chill.o
LOAD Src/purge.o
LOAD Src/safe_approach.o
LOAD Src/safety.o
LOAD Src/setup_ops.o
LOAD Src/site_clear.o
LOAD Src/state_machine.o
LOAD Src/stm32g0xx_hal_msp.o
LOAD Src/stm32g0xx_it.o
LOAD Src/syscalls.o
LOAD Src/sysmem.o
LOAD Src/system_stm32g0xx.o
LOAD Src/test.o
LOAD Src/utilities.o
LOAD Startup/startup_stm32g071r8tx.o
START GROUP
LOAD c:/st/stm32cubeide_1.0.1/stm32cubeide/plugins/com.st.stm32cube.ide.mcu.externaltools.gnu-tools-for-stm32.7-2018-q2-update.win32_1.0.0.201904181610/tools/bin/../lib/gcc/arm-none-eabi/7.3.1/../../../../arm-none-eabi/lib/thumb/v6-m\libc_nano.a
LOAD c:/st/stm32cubeide_1.0.1/stm32cubeide/plugins/com.st.stm32cube.ide.mcu.externaltools.gnu-tools-for-stm32.7-2018-q2-update.win32_1.0.0.201904181610/tools/bin/../lib/gcc/arm-none-eabi/7.3.1/../../../../arm-none-eabi/lib/thumb/v6-m\libm.a
END GROUP
START GROUP
LOAD c:/st/stm32cubeide_1.0.1/stm32cubeide/plugins/com.st.stm32cube.ide.mcu.externaltools.gnu-tools-for-stm32.7-2018-q2-update.win32_1.0.0.201904181610/tools/bin/../lib/gcc/arm-none-eabi/7.3.1/thumb/v6-m\libgcc.a
LOAD c:/st/stm32cubeide_1.0.1/stm32cubeide/plugins/com.st.stm32cube.ide.mcu.externaltools.gnu-tools-for-stm32.7-2018-q2-update.win32_1.0.0.201904181610/tools/bin/../lib/gcc/arm-none-eabi/7.3.1/../../../../arm-none-eabi/lib/thumb/v6-m\libc_nano.a
END GROUP
START GROUP
LOAD c:/st/stm32cubeide_1.0.1/stm32cubeide/plugins/com.st.stm32cube.ide.mcu.externaltools.gnu-tools-for-stm32.7-2018-q2-update.win32_1.0.0.201904181610/tools/bin/../lib/gcc/arm-none-eabi/7.3.1/thumb/v6-m\libgcc.a
LOAD c:/st/stm32cubeide_1.0.1/stm32cubeide/plugins/com.st.stm32cube.ide.mcu.externaltools.gnu-tools-for-stm32.7-2018-q2-update.win32_1.0.0.201904181610/tools/bin/../lib/gcc/arm-none-eabi/7.3.1/../../../../arm-none-eabi/lib/thumb/v6-m\libc_nano.a
LOAD c:/st/stm32cubeide_1.0.1/stm32cubeide/plugins/com.st.stm32cube.ide.mcu.externaltools.gnu-tools-for-stm32.7-2018-q2-update.win32_1.0.0.201904181610/tools/bin/../lib/gcc/arm-none-eabi/7.3.1/../../../../arm-none-eabi/lib/thumb/v6-m\libnosys.a
END GROUP
START GROUP
LOAD c:/st/stm32cubeide_1.0.1/stm32cubeide/plugins/com.st.stm32cube.ide.mcu.externaltools.gnu-tools-for-stm32.7-2018-q2-update.win32_1.0.0.201904181610/tools/bin/../lib/gcc/arm-none-eabi/7.3.1/thumb/v6-m\libgcc.a
LOAD c:/st/stm32cubeide_1.0.1/stm32cubeide/plugins/com.st.stm32cube.ide.mcu.externaltools.gnu-tools-for-stm32.7-2018-q2-update.win32_1.0.0.201904181610/tools/bin/../lib/gcc/arm-none-eabi/7.3.1/../../../../arm-none-eabi/lib/thumb/v6-m\libc_nano.a
LOAD c:/st/stm32cubeide_1.0.1/stm32cubeide/plugins/com.st.stm32cube.ide.mcu.externaltools.gnu-tools-for-stm32.7-2018-q2-update.win32_1.0.0.201904181610/tools/bin/../lib/gcc/arm-none-eabi/7.3.1/../../../../arm-none-eabi/lib/thumb/v6-m\libnosys.a
END GROUP
LOAD c:/st/stm32cubeide_1.0.1/stm32cubeide/plugins/com.st.stm32cube.ide.mcu.externaltools.gnu-tools-for-stm32.7-2018-q2-update.win32_1.0.0.201904181610/tools/bin/../lib/gcc/arm-none-eabi/7.3.1/thumb/v6-m/crtend.o
LOAD c:/st/stm32cubeide_1.0.1/stm32cubeide/plugins/com.st.stm32cube.ide.mcu.externaltools.gnu-tools-for-stm32.7-2018-q2-update.win32_1.0.0.201904181610/tools/bin/../lib/gcc/arm-none-eabi/7.3.1/thumb/v6-m/crtn.o
                0x0000000020009000                _estack = (ORIGIN (RAM) + LENGTH (RAM))
                0x0000000000000200                _Min_Heap_Size = 0x200
                0x0000000000000400                _Min_Stack_Size = 0x400

.isr_vector     0x0000000008000000       0xbc
                0x0000000008000000                . = ALIGN (0x4)
 *(.isr_vector)
 .isr_vector    0x0000000008000000       0xbc Startup/startup_stm32g071r8tx.o
                0x0000000008000000                g_pfnVectors
                0x00000000080000bc                . = ALIGN (0x4)

.text           0x00000000080000bc     0x55dc
                0x00000000080000bc                . = ALIGN (0x4)
 *(.text)
 .text          0x00000000080000bc       0x48 c:/st/stm32cubeide_1.0.1/stm32cubeide/plugins/com.st.stm32cube.ide.mcu.externaltools.gnu-tools-for-stm32.7-2018-q2-update.win32_1.0.0.201904181610/tools/bin/../lib/gcc/arm-none-eabi/7.3.1/thumb/v6-m/crtbegin.o
 .text          0x0000000008000104        0xe c:/st/stm32cubeide_1.0.1/stm32cubeide/plugins/com.st.stm32cube.ide.mcu.externaltools.gnu-tools-for-stm32.7-2018-q2-update.win32_1.0.0.201904181610/tools/bin/../lib/gcc/arm-none-eabi/7.3.1/../../../../arm-none-eabi/lib/thumb/v6-m\libc_nano.a(lib_a-strlen.o)
                0x0000000008000104                strlen
 *fill*         0x0000000008000112        0x2 
 .text          0x0000000008000114      0x114 c:/st/stm32cubeide_1.0.1/stm32cubeide/plugins/com.st.stm32cube.ide.mcu.externaltools.gnu-tools-for-stm32.7-2018-q2-update.win32_1.0.0.201904181610/tools/bin/../lib/gcc/arm-none-eabi/7.3.1/thumb/v6-m\libgcc.a(_udivsi3.o)
                0x0000000008000114                __aeabi_uidiv
                0x0000000008000114                __udivsi3
                0x0000000008000220                __aeabi_uidivmod
 .text          0x0000000008000228        0x4 c:/st/stm32cubeide_1.0.1/stm32cubeide/plugins/com.st.stm32cube.ide.mcu.externaltools.gnu-tools-for-stm32.7-2018-q2-update.win32_1.0.0.201904181610/tools/bin/../lib/gcc/arm-none-eabi/7.3.1/thumb/v6-m\libgcc.a(_dvmd_tls.o)
                0x0000000008000228                __aeabi_idiv0
                0x0000000008000228                __aeabi_ldiv0
 *(.text*)
 .text.HAL_Init
                0x000000000800022c       0x40 Drivers/STM32G0xx_HAL_Driver/Src/stm32g0xx_hal.o
                0x000000000800022c                HAL_Init
 .text.HAL_InitTick
                0x000000000800026c       0x94 Drivers/STM32G0xx_HAL_Driver/Src/stm32g0xx_hal.o
                0x000000000800026c                HAL_InitTick
 .text.HAL_IncTick
                0x0000000008000300       0x20 Drivers/STM32G0xx_HAL_Driver/Src/stm32g0xx_hal.o
                0x0000000008000300                HAL_IncTick
 .text.HAL_GetTick
                0x0000000008000320       0x14 Drivers/STM32G0xx_HAL_Driver/Src/stm32g0xx_hal.o
                0x0000000008000320                HAL_GetTick
 .text.LL_ADC_SetCommonPathInternalCh
                0x0000000008000334       0x28 Drivers/STM32G0xx_HAL_Driver/Src/stm32g0xx_hal_adc.o
 .text.LL_ADC_GetCommonPathInternalCh
                0x000000000800035c       0x1a Drivers/STM32G0xx_HAL_Driver/Src/stm32g0xx_hal_adc.o
 .text.LL_ADC_SetSamplingTimeCommonChannels
                0x0000000008000376       0x3a Drivers/STM32G0xx_HAL_Driver/Src/stm32g0xx_hal_adc.o
 .text.LL_ADC_REG_SetSequencerRanks
                0x00000000080003b0       0x40 Drivers/STM32G0xx_HAL_Driver/Src/stm32g0xx_hal_adc.o
 .text.LL_ADC_REG_SetSequencerChAdd
                0x00000000080003f0       0x22 Drivers/STM32G0xx_HAL_Driver/Src/stm32g0xx_hal_adc.o
 .text.LL_ADC_REG_SetSequencerChRem
                0x0000000008000412       0x24 Drivers/STM32G0xx_HAL_Driver/Src/stm32g0xx_hal_adc.o
 *fill*         0x0000000008000436        0x2 
 .text.LL_ADC_SetChannelSamplingTime
                0x0000000008000438       0x38 Drivers/STM32G0xx_HAL_Driver/Src/stm32g0xx_hal_adc.o
 .text.LL_ADC_SetAnalogWDMonitChannels
                0x0000000008000470       0x58 Drivers/STM32G0xx_HAL_Driver/Src/stm32g0xx_hal_adc.o
 .text.LL_ADC_ConfigAnalogWDThresholds
                0x00000000080004c8       0x4c Drivers/STM32G0xx_HAL_Driver/Src/stm32g0xx_hal_adc.o
 .text.LL_ADC_EnableInternalRegulator
                0x0000000008000514       0x28 Drivers/STM32G0xx_HAL_Driver/Src/stm32g0xx_hal_adc.o
 .text.LL_ADC_IsInternalRegulatorEnabled
                0x000000000800053c       0x28 Drivers/STM32G0xx_HAL_Driver/Src/stm32g0xx_hal_adc.o
 .text.LL_ADC_IsEnabled
                0x0000000008000564       0x22 Drivers/STM32G0xx_HAL_Driver/Src/stm32g0xx_hal_adc.o
 .text.LL_ADC_REG_IsConversionOngoing
                0x0000000008000586       0x22 Drivers/STM32G0xx_HAL_Driver/Src/stm32g0xx_hal_adc.o
 .text.LL_ADC_ClearFlag_AWD1
                0x00000000080005a8       0x16 Drivers/STM32G0xx_HAL_Driver/Src/stm32g0xx_hal_adc.o
 .text.LL_ADC_ClearFlag_AWD2
                0x00000000080005be       0x18 Drivers/STM32G0xx_HAL_Driver/Src/stm32g0xx_hal_adc.o
 .text.LL_ADC_ClearFlag_AWD3
                0x00000000080005d6       0x18 Drivers/STM32G0xx_HAL_Driver/Src/stm32g0xx_hal_adc.o
 .text.LL_ADC_EnableIT_AWD1
                0x00000000080005ee       0x1c Drivers/STM32G0xx_HAL_Driver/Src/stm32g0xx_hal_adc.o
 .text.LL_ADC_EnableIT_AWD2
                0x000000000800060a       0x1e Drivers/STM32G0xx_HAL_Driver/Src/stm32g0xx_hal_adc.o
 .text.LL_ADC_EnableIT_AWD3
                0x0000000008000628       0x1e Drivers/STM32G0xx_HAL_Driver/Src/stm32g0xx_hal_adc.o
 .text.LL_ADC_DisableIT_AWD1
                0x0000000008000646       0x1e Drivers/STM32G0xx_HAL_Driver/Src/stm32g0xx_hal_adc.o
 .text.LL_ADC_DisableIT_AWD2
                0x0000000008000664       0x20 Drivers/STM32G0xx_HAL_Driver/Src/stm32g0xx_hal_adc.o
 .text.LL_ADC_DisableIT_AWD3
                0x0000000008000684       0x20 Drivers/STM32G0xx_HAL_Driver/Src/stm32g0xx_hal_adc.o
 .text.HAL_ADC_Init
                0x00000000080006a4      0x3ac Drivers/STM32G0xx_HAL_Driver/Src/stm32g0xx_hal_adc.o
                0x00000000080006a4                HAL_ADC_Init
 .text.HAL_ADC_ConfigChannel
                0x0000000008000a50      0x3a8 Drivers/STM32G0xx_HAL_Driver/Src/stm32g0xx_hal_adc.o
                0x0000000008000a50                HAL_ADC_ConfigChannel
 .text.HAL_ADC_AnalogWDGConfig
                0x0000000008000df8      0x510 Drivers/STM32G0xx_HAL_Driver/Src/stm32g0xx_hal_adc.o
                0x0000000008000df8                HAL_ADC_AnalogWDGConfig
 .text.__NVIC_SetPriority
                0x0000000008001308       0xdc Drivers/STM32G0xx_HAL_Driver/Src/stm32g0xx_hal_cortex.o
 .text.SysTick_Config
                0x00000000080013e4       0x48 Drivers/STM32G0xx_HAL_Driver/Src/stm32g0xx_hal_cortex.o
 .text.HAL_NVIC_SetPriority
                0x000000000800142c       0x2a Drivers/STM32G0xx_HAL_Driver/Src/stm32g0xx_hal_cortex.o
                0x000000000800142c                HAL_NVIC_SetPriority
 .text.HAL_SYSTICK_Config
                0x0000000008001456       0x1a Drivers/STM32G0xx_HAL_Driver/Src/stm32g0xx_hal_cortex.o
                0x0000000008001456                HAL_SYSTICK_Config
 .text.HAL_GPIO_Init
                0x0000000008001470      0x2c8 Drivers/STM32G0xx_HAL_Driver/Src/stm32g0xx_hal_gpio.o
                0x0000000008001470                HAL_GPIO_Init
 .text.HAL_GPIO_ReadPin
                0x0000000008001738       0x3a Drivers/STM32G0xx_HAL_Driver/Src/stm32g0xx_hal_gpio.o
                0x0000000008001738                HAL_GPIO_ReadPin
 .text.HAL_GPIO_WritePin
                0x0000000008001772       0x3a Drivers/STM32G0xx_HAL_Driver/Src/stm32g0xx_hal_gpio.o
                0x0000000008001772                HAL_GPIO_WritePin
 .text.HAL_PWREx_ControlVoltageScaling
                0x00000000080017ac       0x80 Drivers/STM32G0xx_HAL_Driver/Src/stm32g0xx_hal_pwr_ex.o
                0x00000000080017ac                HAL_PWREx_ControlVoltageScaling
 .text.HAL_RCC_OscConfig
                0x000000000800182c      0x640 Drivers/STM32G0xx_HAL_Driver/Src/stm32g0xx_hal_rcc.o
                0x000000000800182c                HAL_RCC_OscConfig
 .text.HAL_RCC_ClockConfig
                0x0000000008001e6c      0x210 Drivers/STM32G0xx_HAL_Driver/Src/stm32g0xx_hal_rcc.o
                0x0000000008001e6c                HAL_RCC_ClockConfig
 .text.HAL_RCC_GetSysClockFreq
                0x000000000800207c      0x100 Drivers/STM32G0xx_HAL_Driver/Src/stm32g0xx_hal_rcc.o
                0x000000000800207c                HAL_RCC_GetSysClockFreq
 .text.HAL_RCCEx_PeriphCLKConfig
                0x000000000800217c      0x370 Drivers/STM32G0xx_HAL_Driver/Src/stm32g0xx_hal_rcc_ex.o
                0x000000000800217c                HAL_RCCEx_PeriphCLKConfig
 .text.HAL_UART_Transmit_IT
                0x00000000080024ec      0x134 Drivers/STM32G0xx_HAL_Driver/Src/stm32g0xx_hal_uart.o
                0x00000000080024ec                HAL_UART_Transmit_IT
 .text.UART_TxISR_8BIT
                0x0000000008002620       0x70 Drivers/STM32G0xx_HAL_Driver/Src/stm32g0xx_hal_uart.o
 .text.UART_TxISR_16BIT
                0x0000000008002690       0x7a Drivers/STM32G0xx_HAL_Driver/Src/stm32g0xx_hal_uart.o
 *fill*         0x000000000800270a        0x2 
 .text.UART_TxISR_8BIT_FIFOEN
                0x000000000800270c       0xa8 Drivers/STM32G0xx_HAL_Driver/Src/stm32g0xx_hal_uart.o
 .text.UART_TxISR_16BIT_FIFOEN
                0x00000000080027b4       0xb0 Drivers/STM32G0xx_HAL_Driver/Src/stm32g0xx_hal_uart.o
 .text.BurnFeedback
                0x0000000008002864      0x124 Src/burn_feedback.o
                0x0000000008002864                BurnFeedback
 .text.BurnInitiated
                0x0000000008002988      0x118 Src/burn_initiated.o
                0x0000000008002988                BurnInitiated
 .text.BurnTermination1
                0x0000000008002aa0      0x118 Src/burn_termination_1.o
                0x0000000008002aa0                BurnTermination1
 .text.BurnTermination2
                0x0000000008002bb8      0x12c Src/burn_termination_2.o
                0x0000000008002bb8                BurnTermination2
 .text.BurnTermination3
                0x0000000008002ce4      0x118 Src/burn_termination_3.o
                0x0000000008002ce4                BurnTermination3
 .text.Failure  0x0000000008002dfc      0x120 Src/failure.o
                0x0000000008002dfc                Failure
 .text.Groundstation
                0x0000000008002f1c      0x120 Src/groundstation.o
                0x0000000008002f1c                Groundstation
 .text.Ignition
                0x000000000800303c      0x120 Src/ignition.o
                0x000000000800303c                Ignition
 .text.SystemClock_Config
                0x000000000800315c       0xe8 Src/init.o
                0x000000000800315c                SystemClock_Config
 .text.MX_ADC1_Init
                0x0000000008003244      0x124 Src/init.o
                0x0000000008003244                MX_ADC1_Init
 .text.MX_GPIO_Init
                0x0000000008003368      0x258 Src/init.o
                0x0000000008003368                MX_GPIO_Init
 .text.Error_Handler
                0x00000000080035c0        0xa Src/init.o
                0x00000000080035c0                Error_Handler
 *fill*         0x00000000080035ca        0x2 
 .text.LoxFill  0x00000000080035cc      0x120 Src/lox_fill.o
                0x00000000080035cc                LoxFill
 .text.LoxIntro
                0x00000000080036ec      0x124 Src/lox_intro.o
                0x00000000080036ec                LoxIntro
 .text.main     0x0000000008003810       0x3c Src/main.o
                0x0000000008003810                main
 .text.Get_State_Disagree_Error_Msg
                0x000000000800384c      0x128 Src/messages.o
                0x000000000800384c                Get_State_Disagree_Error_Msg
 .text.Get_Invalid_State_Error_Msg
                0x0000000008003974       0xf4 Src/messages.o
                0x0000000008003974                Get_Invalid_State_Error_Msg
 .text.Get_Valve_State_Status_Msg
                0x0000000008003a68       0xc0 Src/messages.o
                0x0000000008003a68                Get_Valve_State_Status_Msg
 .text.PostFire
                0x0000000008003b28      0x120 Src/post_fire.o
                0x0000000008003b28                PostFire
 .text.PreChill
                0x0000000008003c48      0x120 Src/pre_chill.o
                0x0000000008003c48                PreChill
 .text.Purge    0x0000000008003d68      0x120 Src/purge.o
                0x0000000008003d68                Purge
 .text.SafeApproach
                0x0000000008003e88      0x120 Src/safe_approach.o
                0x0000000008003e88                SafeApproach
 .text.Safety   0x0000000008003fa8      0x148 Src/safety.o
                0x0000000008003fa8                Safety
 .text.SetupOps
                0x00000000080040f0       0xf0 Src/setup_ops.o
                0x00000000080040f0                SetupOps
 .text.SiteClear
                0x00000000080041e0      0x120 Src/site_clear.o
                0x00000000080041e0                SiteClear
 .text.StateMachine
                0x0000000008004300      0x340 Src/state_machine.o
                0x0000000008004300                StateMachine
 .text.LL_SYSCFG_DisableDBATT
                0x0000000008004640       0x20 Src/stm32g0xx_hal_msp.o
 .text.HAL_MspInit
                0x0000000008004660       0x50 Src/stm32g0xx_hal_msp.o
                0x0000000008004660                HAL_MspInit
 .text.HAL_ADC_MspInit
                0x00000000080046b0       0xc4 Src/stm32g0xx_hal_msp.o
                0x00000000080046b0                HAL_ADC_MspInit
 .text.NMI_Handler
                0x0000000008004774        0xa Src/stm32g0xx_it.o
                0x0000000008004774                NMI_Handler
 .text.HardFault_Handler
                0x000000000800477e        0x6 Src/stm32g0xx_it.o
                0x000000000800477e                HardFault_Handler
 .text.SVC_Handler
                0x0000000008004784        0xa Src/stm32g0xx_it.o
                0x0000000008004784                SVC_Handler
 .text.PendSV_Handler
                0x000000000800478e        0xa Src/stm32g0xx_it.o
                0x000000000800478e                PendSV_Handler
 .text.SysTick_Handler
                0x0000000008004798        0xe Src/stm32g0xx_it.o
                0x0000000008004798                SysTick_Handler
 *fill*         0x00000000080047a6        0x2 
 .text._sbrk    0x00000000080047a8       0x58 Src/sysmem.o
                0x00000000080047a8                _sbrk
 .text.SystemInit
                0x0000000008004800       0x18 Src/system_stm32g0xx.o
                0x0000000008004800                SystemInit
 .text.Test     0x0000000008004818      0x120 Src/test.o
                0x0000000008004818                Test
 .text.VerifyState
                0x0000000008004938       0x48 Src/utilities.o
                0x0000000008004938                VerifyState
 .text.StateConfiguration
                0x0000000008004980      0x108 Src/utilities.o
                0x0000000008004980                StateConfiguration
 .text.ValveStateSetter
                0x0000000008004a88      0x190 Src/utilities.o
                0x0000000008004a88                ValveStateSetter
 .text.UART_SendMessage
                0x0000000008004c18      0x174 Src/utilities.o
                0x0000000008004c18                UART_SendMessage
 .text.Reset_Handler
                0x0000000008004d8c       0x50 Startup/startup_stm32g071r8tx.o
                0x0000000008004d8c                Reset_Handler
 .text.Default_Handler
                0x0000000008004ddc        0x2 Startup/startup_stm32g071r8tx.o
                0x0000000008004ddc                USART3_4_LPUART1_IRQHandler
                0x0000000008004ddc                TIM1_CC_IRQHandler
                0x0000000008004ddc                ADC1_COMP_IRQHandler
                0x0000000008004ddc                PVD_IRQHandler
                0x0000000008004ddc                I2C1_IRQHandler
                0x0000000008004ddc                TIM7_LPTIM2_IRQHandler
                0x0000000008004ddc                RTC_TAMP_IRQHandler
                0x0000000008004ddc                SPI1_IRQHandler
                0x0000000008004ddc                EXTI2_3_IRQHandler
                0x0000000008004ddc                I2C2_IRQHandler
                0x0000000008004ddc                TIM17_IRQHandler
                0x0000000008004ddc                TIM16_IRQHandler
                0x0000000008004ddc                TIM3_IRQHandler
                0x0000000008004ddc                EXTI4_15_IRQHandler
                0x0000000008004ddc                RCC_IRQHandler
                0x0000000008004ddc                DMA1_Channel1_IRQHandler
                0x0000000008004ddc                Default_Handler
                0x0000000008004ddc                CEC_IRQHandler
                0x0000000008004ddc                TIM14_IRQHandler
                0x0000000008004ddc                TIM15_IRQHandler
                0x0000000008004ddc                EXTI0_1_IRQHandler
                0x0000000008004ddc                SPI2_IRQHandler
                0x0000000008004ddc                TIM6_DAC_LPTIM1_IRQHandler
                0x0000000008004ddc                WWDG_IRQHandler
                0x0000000008004ddc                TIM2_IRQHandler
                0x0000000008004ddc                DMA1_Ch4_7_DMAMUX1_OVR_IRQHandler
                0x0000000008004ddc                DMA1_Channel2_3_IRQHandler
                0x0000000008004ddc                UCPD1_2_IRQHandler
                0x0000000008004ddc                USART2_IRQHandler
                0x0000000008004ddc                FLASH_IRQHandler
                0x0000000008004ddc                USART1_IRQHandler
                0x0000000008004ddc                TIM1_BRK_UP_TRG_COM_IRQHandler
 *fill*         0x0000000008004dde        0x2 
 .text.__errno  0x0000000008004de0        0xc c:/st/stm32cubeide_1.0.1/stm32cubeide/plugins/com.st.stm32cube.ide.mcu.externaltools.gnu-tools-for-stm32.7-2018-q2-update.win32_1.0.0.201904181610/tools/bin/../lib/gcc/arm-none-eabi/7.3.1/../../../../arm-none-eabi/lib/thumb/v6-m\libc_nano.a(lib_a-errno.o)
                0x0000000008004de0                __errno
 .text.__libc_init_array
                0x0000000008004dec       0x48 c:/st/stm32cubeide_1.0.1/stm32cubeide/plugins/com.st.stm32cube.ide.mcu.externaltools.gnu-tools-for-stm32.7-2018-q2-update.win32_1.0.0.201904181610/tools/bin/../lib/gcc/arm-none-eabi/7.3.1/../../../../arm-none-eabi/lib/thumb/v6-m\libc_nano.a(lib_a-init.o)
                0x0000000008004dec                __libc_init_array
 .text.memcpy   0x0000000008004e34       0x12 c:/st/stm32cubeide_1.0.1/stm32cubeide/plugins/com.st.stm32cube.ide.mcu.externaltools.gnu-tools-for-stm32.7-2018-q2-update.win32_1.0.0.201904181610/tools/bin/../lib/gcc/arm-none-eabi/7.3.1/../../../../arm-none-eabi/lib/thumb/v6-m\libc_nano.a(lib_a-memcpy-stub.o)
                0x0000000008004e34                memcpy
 .text.memset   0x0000000008004e46       0x10 c:/st/stm32cubeide_1.0.1/stm32cubeide/plugins/com.st.stm32cube.ide.mcu.externaltools.gnu-tools-for-stm32.7-2018-q2-update.win32_1.0.0.201904181610/tools/bin/../lib/gcc/arm-none-eabi/7.3.1/../../../../arm-none-eabi/lib/thumb/v6-m\libc_nano.a(lib_a-memset.o)
                0x0000000008004e46                memset
 *fill*         0x0000000008004e56        0x2 
 .text.sprintf  0x0000000008004e58       0x40 c:/st/stm32cubeide_1.0.1/stm32cubeide/plugins/com.st.stm32cube.ide.mcu.externaltools.gnu-tools-for-stm32.7-2018-q2-update.win32_1.0.0.201904181610/tools/bin/../lib/gcc/arm-none-eabi/7.3.1/../../../../arm-none-eabi/lib/thumb/v6-m\libc_nano.a(lib_a-sprintf.o)
                0x0000000008004e58                siprintf
                0x0000000008004e58                sprintf
 .text.strcat   0x0000000008004e98       0x1c c:/st/stm32cubeide_1.0.1/stm32cubeide/plugins/com.st.stm32cube.ide.mcu.externaltools.gnu-tools-for-stm32.7-2018-q2-update.win32_1.0.0.201904181610/tools/bin/../lib/gcc/arm-none-eabi/7.3.1/../../../../arm-none-eabi/lib/thumb/v6-m\libc_nano.a(lib_a-strcat.o)
                0x0000000008004e98                strcat
 .text.strcpy   0x0000000008004eb4       0x10 c:/st/stm32cubeide_1.0.1/stm32cubeide/plugins/com.st.stm32cube.ide.mcu.externaltools.gnu-tools-for-stm32.7-2018-q2-update.win32_1.0.0.201904181610/tools/bin/../lib/gcc/arm-none-eabi/7.3.1/../../../../arm-none-eabi/lib/thumb/v6-m\libc_nano.a(lib_a-strcpy.o)
                0x0000000008004eb4                strcpy
 .text.__ssputs_r
                0x0000000008004ec4       0xc4 c:/st/stm32cubeide_1.0.1/stm32cubeide/plugins/com.st.stm32cube.ide.mcu.externaltools.gnu-tools-for-stm32.7-2018-q2-update.win32_1.0.0.201904181610/tools/bin/../lib/gcc/arm-none-eabi/7.3.1/../../../../arm-none-eabi/lib/thumb/v6-m\libc_nano.a(lib_a-nano-svfprintf.o)
                0x0000000008004ec4                __ssputs_r
 .text._svfprintf_r
                0x0000000008004f88      0x1fc c:/st/stm32cubeide_1.0.1/stm32cubeide/plugins/com.st.stm32cube.ide.mcu.externaltools.gnu-tools-for-stm32.7-2018-q2-update.win32_1.0.0.201904181610/tools/bin/../lib/gcc/arm-none-eabi/7.3.1/../../../../arm-none-eabi/lib/thumb/v6-m\libc_nano.a(lib_a-nano-svfprintf.o)
                0x0000000008004f88                _svfiprintf_r
                0x0000000008004f88                _svfprintf_r
 .text._printf_common
                0x0000000008005184       0xda c:/st/stm32cubeide_1.0.1/stm32cubeide/plugins/com.st.stm32cube.ide.mcu.externaltools.gnu-tools-for-stm32.7-2018-q2-update.win32_1.0.0.201904181610/tools/bin/../lib/gcc/arm-none-eabi/7.3.1/../../../../arm-none-eabi/lib/thumb/v6-m\libc_nano.a(lib_a-nano-vfprintf_i.o)
                0x0000000008005184                _printf_common
 *fill*         0x000000000800525e        0x2 
 .text._printf_i
                0x0000000008005260      0x210 c:/st/stm32cubeide_1.0.1/stm32cubeide/plugins/com.st.stm32cube.ide.mcu.externaltools.gnu-tools-for-stm32.7-2018-q2-update.win32_1.0.0.201904181610/tools/bin/../lib/gcc/arm-none-eabi/7.3.1/../../../../arm-none-eabi/lib/thumb/v6-m\libc_nano.a(lib_a-nano-vfprintf_i.o)
                0x0000000008005260                _printf_i
 .text.memchr   0x0000000008005470       0x16 c:/st/stm32cubeide_1.0.1/stm32cubeide/plugins/com.st.stm32cube.ide.mcu.externaltools.gnu-tools-for-stm32.7-2018-q2-update.win32_1.0.0.201904181610/tools/bin/../lib/gcc/arm-none-eabi/7.3.1/../../../../arm-none-eabi/lib/thumb/v6-m\libc_nano.a(lib_a-memchr-stub.o)
                0x0000000008005470                memchr
 .text.memmove  0x0000000008005486       0x26 c:/st/stm32cubeide_1.0.1/stm32cubeide/plugins/com.st.stm32cube.ide.mcu.externaltools.gnu-tools-for-stm32.7-2018-q2-update.win32_1.0.0.201904181610/tools/bin/../lib/gcc/arm-none-eabi/7.3.1/../../../../arm-none-eabi/lib/thumb/v6-m\libc_nano.a(lib_a-memmove.o)
                0x0000000008005486                memmove
 .text._free_r  0x00000000080054ac       0x94 c:/st/stm32cubeide_1.0.1/stm32cubeide/plugins/com.st.stm32cube.ide.mcu.externaltools.gnu-tools-for-stm32.7-2018-q2-update.win32_1.0.0.201904181610/tools/bin/../lib/gcc/arm-none-eabi/7.3.1/../../../../arm-none-eabi/lib/thumb/v6-m\libc_nano.a(lib_a-nano-freer.o)
                0x00000000080054ac                _free_r
 .text._malloc_r
                0x0000000008005540       0xbc c:/st/stm32cubeide_1.0.1/stm32cubeide/plugins/com.st.stm32cube.ide.mcu.externaltools.gnu-tools-for-stm32.7-2018-q2-update.win32_1.0.0.201904181610/tools/bin/../lib/gcc/arm-none-eabi/7.3.1/../../../../arm-none-eabi/lib/thumb/v6-m\libc_nano.a(lib_a-nano-mallocr.o)
                0x0000000008005540                _malloc_r
 .text._realloc_r
                0x00000000080055fc       0x4c c:/st/stm32cubeide_1.0.1/stm32cubeide/plugins/com.st.stm32cube.ide.mcu.externaltools.gnu-tools-for-stm32.7-2018-q2-update.win32_1.0.0.201904181610/tools/bin/../lib/gcc/arm-none-eabi/7.3.1/../../../../arm-none-eabi/lib/thumb/v6-m\libc_nano.a(lib_a-nano-reallocr.o)
                0x00000000080055fc                _realloc_r
 .text._sbrk_r  0x0000000008005648       0x24 c:/st/stm32cubeide_1.0.1/stm32cubeide/plugins/com.st.stm32cube.ide.mcu.externaltools.gnu-tools-for-stm32.7-2018-q2-update.win32_1.0.0.201904181610/tools/bin/../lib/gcc/arm-none-eabi/7.3.1/../../../../arm-none-eabi/lib/thumb/v6-m\libc_nano.a(lib_a-sbrkr.o)
                0x0000000008005648                _sbrk_r
 .text.__malloc_lock
                0x000000000800566c        0x2 c:/st/stm32cubeide_1.0.1/stm32cubeide/plugins/com.st.stm32cube.ide.mcu.externaltools.gnu-tools-for-stm32.7-2018-q2-update.win32_1.0.0.201904181610/tools/bin/../lib/gcc/arm-none-eabi/7.3.1/../../../../arm-none-eabi/lib/thumb/v6-m\libc_nano.a(lib_a-mlock.o)
                0x000000000800566c                __malloc_lock
 .text.__malloc_unlock
                0x000000000800566e        0x2 c:/st/stm32cubeide_1.0.1/stm32cubeide/plugins/com.st.stm32cube.ide.mcu.externaltools.gnu-tools-for-stm32.7-2018-q2-update.win32_1.0.0.201904181610/tools/bin/../lib/gcc/arm-none-eabi/7.3.1/../../../../arm-none-eabi/lib/thumb/v6-m\libc_nano.a(lib_a-mlock.o)
                0x000000000800566e                __malloc_unlock
 .text._malloc_usable_size_r
                0x0000000008005670       0x10 c:/st/stm32cubeide_1.0.1/stm32cubeide/plugins/com.st.stm32cube.ide.mcu.externaltools.gnu-tools-for-stm32.7-2018-q2-update.win32_1.0.0.201904181610/tools/bin/../lib/gcc/arm-none-eabi/7.3.1/../../../../arm-none-eabi/lib/thumb/v6-m\libc_nano.a(lib_a-nano-msizer.o)
                0x0000000008005670                _malloc_usable_size_r
 *(.glue_7)
 .glue_7        0x0000000008005680        0x0 linker stubs
 *(.glue_7t)
 .glue_7t       0x0000000008005680        0x0 linker stubs
 *(.eh_frame)
 .eh_frame      0x0000000008005680        0x0 c:/st/stm32cubeide_1.0.1/stm32cubeide/plugins/com.st.stm32cube.ide.mcu.externaltools.gnu-tools-for-stm32.7-2018-q2-update.win32_1.0.0.201904181610/tools/bin/../lib/gcc/arm-none-eabi/7.3.1/thumb/v6-m/crtbegin.o
 *(.init)
 .init          0x0000000008005680        0x4 c:/st/stm32cubeide_1.0.1/stm32cubeide/plugins/com.st.stm32cube.ide.mcu.externaltools.gnu-tools-for-stm32.7-2018-q2-update.win32_1.0.0.201904181610/tools/bin/../lib/gcc/arm-none-eabi/7.3.1/thumb/v6-m/crti.o
                0x0000000008005680                _init
 .init          0x0000000008005684        0x8 c:/st/stm32cubeide_1.0.1/stm32cubeide/plugins/com.st.stm32cube.ide.mcu.externaltools.gnu-tools-for-stm32.7-2018-q2-update.win32_1.0.0.201904181610/tools/bin/../lib/gcc/arm-none-eabi/7.3.1/thumb/v6-m/crtn.o
 *(.fini)
 .fini          0x000000000800568c        0x4 c:/st/stm32cubeide_1.0.1/stm32cubeide/plugins/com.st.stm32cube.ide.mcu.externaltools.gnu-tools-for-stm32.7-2018-q2-update.win32_1.0.0.201904181610/tools/bin/../lib/gcc/arm-none-eabi/7.3.1/thumb/v6-m/crti.o
                0x000000000800568c                _fini
 .fini          0x0000000008005690        0x8 c:/st/stm32cubeide_1.0.1/stm32cubeide/plugins/com.st.stm32cube.ide.mcu.externaltools.gnu-tools-for-stm32.7-2018-q2-update.win32_1.0.0.201904181610/tools/bin/../lib/gcc/arm-none-eabi/7.3.1/thumb/v6-m/crtn.o
                0x0000000008005698                . = ALIGN (0x4)
                0x0000000008005698                _etext = .

.vfp11_veneer   0x0000000008005698        0x0
 .vfp11_veneer  0x0000000008005698        0x0 linker stubs

.v4_bx          0x0000000008005698        0x0
 .v4_bx         0x0000000008005698        0x0 linker stubs

.iplt           0x0000000008005698        0x0
 .iplt          0x0000000008005698        0x0 c:/st/stm32cubeide_1.0.1/stm32cubeide/plugins/com.st.stm32cube.ide.mcu.externaltools.gnu-tools-for-stm32.7-2018-q2-update.win32_1.0.0.201904181610/tools/bin/../lib/gcc/arm-none-eabi/7.3.1/thumb/v6-m/crtbegin.o

.rodata         0x0000000008005698      0x66c
                0x0000000008005698                . = ALIGN (0x4)
 *(.rodata)
 .rodata        0x0000000008005698      0x350 Src/messages.o
 .rodata        0x00000000080059e8      0x208 Src/utilities.o
 *(.rodata*)
 .rodata.StateMachine
                0x0000000008005bf0       0x50 Src/state_machine.o
 .rodata.AHBPrescTable
                0x0000000008005c40       0x40 Src/system_stm32g0xx.o
                0x0000000008005c40                AHBPrescTable
 .rodata.VerifyState
                0x0000000008005c80       0x50 Src/utilities.o
 .rodata._svfprintf_r.str1.1
                0x0000000008005cd0       0x11 c:/st/stm32cubeide_1.0.1/stm32cubeide/plugins/com.st.stm32cube.ide.mcu.externaltools.gnu-tools-for-stm32.7-2018-q2-update.win32_1.0.0.201904181610/tools/bin/../lib/gcc/arm-none-eabi/7.3.1/../../../../arm-none-eabi/lib/thumb/v6-m\libc_nano.a(lib_a-nano-svfprintf.o)
 .rodata._printf_i.str1.1
                0x0000000008005ce1       0x22 c:/st/stm32cubeide_1.0.1/stm32cubeide/plugins/com.st.stm32cube.ide.mcu.externaltools.gnu-tools-for-stm32.7-2018-q2-update.win32_1.0.0.201904181610/tools/bin/../lib/gcc/arm-none-eabi/7.3.1/../../../../arm-none-eabi/lib/thumb/v6-m\libc_nano.a(lib_a-nano-vfprintf_i.o)
                0x0000000008005d04                . = ALIGN (0x4)
 *fill*         0x0000000008005d03        0x1 

.rel.dyn        0x0000000008005d04        0x0
 .rel.iplt      0x0000000008005d04        0x0 c:/st/stm32cubeide_1.0.1/stm32cubeide/plugins/com.st.stm32cube.ide.mcu.externaltools.gnu-tools-for-stm32.7-2018-q2-update.win32_1.0.0.201904181610/tools/bin/../lib/gcc/arm-none-eabi/7.3.1/thumb/v6-m/crtbegin.o

.ARM.extab      0x0000000008005d04        0x0
                0x0000000008005d04                . = ALIGN (0x4)
 *(.ARM.extab* .gnu.linkonce.armextab.*)
                0x0000000008005d04                . = ALIGN (0x4)

.ARM            0x0000000008005d04        0x0
                0x0000000008005d04                . = ALIGN (0x4)
                0x0000000008005d04                __exidx_start = .
 *(.ARM.exidx*)
                0x0000000008005d04                __exidx_end = .
                0x0000000008005d04                . = ALIGN (0x4)

.preinit_array  0x0000000008005d04        0x0
                0x0000000008005d04                . = ALIGN (0x4)
                0x0000000008005d04                PROVIDE (__preinit_array_start = .)
 *(.preinit_array*)
                0x0000000008005d04                PROVIDE (__preinit_array_end = .)
                0x0000000008005d04                . = ALIGN (0x4)

.init_array     0x0000000008005d04        0x4
                0x0000000008005d04                . = ALIGN (0x4)
                0x0000000008005d04                PROVIDE (__init_array_start = .)
 *(SORT_BY_NAME(.init_array.*))
 *(.init_array*)
 .init_array    0x0000000008005d04        0x4 c:/st/stm32cubeide_1.0.1/stm32cubeide/plugins/com.st.stm32cube.ide.mcu.externaltools.gnu-tools-for-stm32.7-2018-q2-update.win32_1.0.0.201904181610/tools/bin/../lib/gcc/arm-none-eabi/7.3.1/thumb/v6-m/crtbegin.o
                0x0000000008005d08                PROVIDE (__init_array_end = .)
                0x0000000008005d08                . = ALIGN (0x4)

.fini_array     0x0000000008005d08        0x4
                0x0000000008005d08                . = ALIGN (0x4)
                [!provide]                        PROVIDE (__fini_array_start = .)
 *(SORT_BY_NAME(.fini_array.*))
 *(.fini_array*)
 .fini_array    0x0000000008005d08        0x4 c:/st/stm32cubeide_1.0.1/stm32cubeide/plugins/com.st.stm32cube.ide.mcu.externaltools.gnu-tools-for-stm32.7-2018-q2-update.win32_1.0.0.201904181610/tools/bin/../lib/gcc/arm-none-eabi/7.3.1/thumb/v6-m/crtbegin.o
                [!provide]                        PROVIDE (__fini_array_end = .)
                0x0000000008005d0c                . = ALIGN (0x4)
                0x0000000008005d0c                _sidata = LOADADDR (.data)

.data           0x0000000020000000       0x70 load address 0x0000000008005d0c
                0x0000000020000000                . = ALIGN (0x4)
                0x0000000020000000                _sdata = .
 *(.data)
 *(.data*)
 .data.uwTickPrio
                0x0000000020000000        0x4 Drivers/STM32G0xx_HAL_Driver/Src/stm32g0xx_hal.o
                0x0000000020000000                uwTickPrio
 .data.uwTickFreq
                0x0000000020000004        0x4 Drivers/STM32G0xx_HAL_Driver/Src/stm32g0xx_hal.o
                0x0000000020000004                uwTickFreq
 .data.SystemCoreClock
                0x0000000020000008        0x4 Src/system_stm32g0xx.o
                0x0000000020000008                SystemCoreClock
 .data._impure_ptr
                0x000000002000000c        0x4 c:/st/stm32cubeide_1.0.1/stm32cubeide/plugins/com.st.stm32cube.ide.mcu.externaltools.gnu-tools-for-stm32.7-2018-q2-update.win32_1.0.0.201904181610/tools/bin/../lib/gcc/arm-none-eabi/7.3.1/../../../../arm-none-eabi/lib/thumb/v6-m\libc_nano.a(lib_a-impure.o)
                0x000000002000000c                _impure_ptr
 .data.impure_data
                0x0000000020000010       0x60 c:/st/stm32cubeide_1.0.1/stm32cubeide/plugins/com.st.stm32cube.ide.mcu.externaltools.gnu-tools-for-stm32.7-2018-q2-update.win32_1.0.0.201904181610/tools/bin/../lib/gcc/arm-none-eabi/7.3.1/../../../../arm-none-eabi/lib/thumb/v6-m\libc_nano.a(lib_a-impure.o)
                0x0000000020000070                . = ALIGN (0x4)
                0x0000000020000070                _edata = .

.igot.plt       0x0000000020000070        0x0 load address 0x0000000008005d7c
 .igot.plt      0x0000000020000070        0x0 c:/st/stm32cubeide_1.0.1/stm32cubeide/plugins/com.st.stm32cube.ide.mcu.externaltools.gnu-tools-for-stm32.7-2018-q2-update.win32_1.0.0.201904181610/tools/bin/../lib/gcc/arm-none-eabi/7.3.1/thumb/v6-m/crtbegin.o
                0x0000000020000070                . = ALIGN (0x4)

.bss            0x0000000020000070      0x134 load address 0x0000000008005d7c
                0x0000000020000070                _sbss = .
                0x0000000020000070                __bss_start__ = _sbss
 *(.bss)
 .bss           0x0000000020000070       0x1c c:/st/stm32cubeide_1.0.1/stm32cubeide/plugins/com.st.stm32cube.ide.mcu.externaltools.gnu-tools-for-stm32.7-2018-q2-update.win32_1.0.0.201904181610/tools/bin/../lib/gcc/arm-none-eabi/7.3.1/thumb/v6-m/crtbegin.o
 *(.bss*)
 .bss.heap_end.5149
                0x000000002000008c        0x4 Src/sysmem.o
 .bss.__malloc_free_list
                0x0000000020000090        0x4 c:/st/stm32cubeide_1.0.1/stm32cubeide/plugins/com.st.stm32cube.ide.mcu.externaltools.gnu-tools-for-stm32.7-2018-q2-update.win32_1.0.0.201904181610/tools/bin/../lib/gcc/arm-none-eabi/7.3.1/../../../../arm-none-eabi/lib/thumb/v6-m\libc_nano.a(lib_a-nano-mallocr.o)
                0x0000000020000090                __malloc_free_list
 .bss.__malloc_sbrk_start
                0x0000000020000094        0x4 c:/st/stm32cubeide_1.0.1/stm32cubeide/plugins/com.st.stm32cube.ide.mcu.externaltools.gnu-tools-for-stm32.7-2018-q2-update.win32_1.0.0.201904181610/tools/bin/../lib/gcc/arm-none-eabi/7.3.1/../../../../arm-none-eabi/lib/thumb/v6-m\libc_nano.a(lib_a-nano-mallocr.o)
                0x0000000020000094                __malloc_sbrk_start
 *(COMMON)
 COMMON         0x0000000020000098        0x4 Drivers/STM32G0xx_HAL_Driver/Src/stm32g0xx_hal.o
                0x0000000020000098                uwTick
 COMMON         0x000000002000009c      0x104 Src/burn_feedback.o
                0x000000002000009c                hlpuart1
                0x0000000020000128                hadc1
                0x000000002000018c                hwwdg
 COMMON         0x00000000200001a0        0x4 c:/st/stm32cubeide_1.0.1/stm32cubeide/plugins/com.st.stm32cube.ide.mcu.externaltools.gnu-tools-for-stm32.7-2018-q2-update.win32_1.0.0.201904181610/tools/bin/../lib/gcc/arm-none-eabi/7.3.1/../../../../arm-none-eabi/lib/thumb/v6-m\libc_nano.a(lib_a-reent.o)
                0x00000000200001a0                errno
                0x00000000200001a4                . = ALIGN (0x4)
                0x00000000200001a4                _ebss = .
                0x00000000200001a4                __bss_end__ = _ebss

._user_heap_stack
                0x00000000200001a4      0x604 load address 0x0000000008005d7c
                0x00000000200001a8                . = ALIGN (0x8)
 *fill*         0x00000000200001a4        0x4 
                0x00000000200001a8                PROVIDE (end = .)
                [!provide]                        PROVIDE (_end = .)
                0x00000000200003a8                . = (. + _Min_Heap_Size)
 *fill*         0x00000000200001a8      0x200 
                0x00000000200007a8                . = (. + _Min_Stack_Size)
 *fill*         0x00000000200003a8      0x400 
                0x00000000200007a8                . = ALIGN (0x8)

/DISCARD/
 libc.a(*)
 libm.a(*)
 libgcc.a(*)

.ARM.attributes
                0x0000000000000000       0x28
 *(.ARM.attributes)
 .ARM.attributes
                0x0000000000000000       0x1e c:/st/stm32cubeide_1.0.1/stm32cubeide/plugins/com.st.stm32cube.ide.mcu.externaltools.gnu-tools-for-stm32.7-2018-q2-update.win32_1.0.0.201904181610/tools/bin/../lib/gcc/arm-none-eabi/7.3.1/thumb/v6-m/crti.o
 .ARM.attributes
                0x000000000000001e       0x2c c:/st/stm32cubeide_1.0.1/stm32cubeide/plugins/com.st.stm32cube.ide.mcu.externaltools.gnu-tools-for-stm32.7-2018-q2-update.win32_1.0.0.201904181610/tools/bin/../lib/gcc/arm-none-eabi/7.3.1/thumb/v6-m/crtbegin.o
 .ARM.attributes
                0x000000000000004a       0x32 Drivers/STM32G0xx_HAL_Driver/Src/stm32g0xx_hal.o
 .ARM.attributes
                0x000000000000007c       0x32 Drivers/STM32G0xx_HAL_Driver/Src/stm32g0xx_hal_adc.o
 .ARM.attributes
                0x00000000000000ae       0x32 Drivers/STM32G0xx_HAL_Driver/Src/stm32g0xx_hal_cortex.o
 .ARM.attributes
                0x00000000000000e0       0x32 Drivers/STM32G0xx_HAL_Driver/Src/stm32g0xx_hal_gpio.o
 .ARM.attributes
                0x0000000000000112       0x32 Drivers/STM32G0xx_HAL_Driver/Src/stm32g0xx_hal_pwr_ex.o
 .ARM.attributes
                0x0000000000000144       0x32 Drivers/STM32G0xx_HAL_Driver/Src/stm32g0xx_hal_rcc.o
 .ARM.attributes
                0x0000000000000176       0x32 Drivers/STM32G0xx_HAL_Driver/Src/stm32g0xx_hal_rcc_ex.o
 .ARM.attributes
                0x00000000000001a8       0x32 Drivers/STM32G0xx_HAL_Driver/Src/stm32g0xx_hal_uart.o
 .ARM.attributes
                0x00000000000001da       0x32 Src/burn_feedback.o
 .ARM.attributes
                0x000000000000020c       0x32 Src/burn_initiated.o
 .ARM.attributes
                0x000000000000023e       0x32 Src/burn_termination_1.o
 .ARM.attributes
                0x0000000000000270       0x32 Src/burn_termination_2.o
 .ARM.attributes
                0x00000000000002a2       0x32 Src/burn_termination_3.o
 .ARM.attributes
                0x00000000000002d4       0x32 Src/failure.o
 .ARM.attributes
                0x0000000000000306       0x32 Src/groundstation.o
 .ARM.attributes
                0x0000000000000338       0x32 Src/ignition.o
 .ARM.attributes
                0x000000000000036a       0x32 Src/init.o
 .ARM.attributes
                0x000000000000039c       0x32 Src/lox_fill.o
 .ARM.attributes
                0x00000000000003ce       0x32 Src/lox_intro.o
 .ARM.attributes
                0x0000000000000400       0x32 Src/main.o
 .ARM.attributes
                0x0000000000000432       0x32 Src/messages.o
 .ARM.attributes
                0x0000000000000464       0x32 Src/post_fire.o
 .ARM.attributes
                0x0000000000000496       0x32 Src/pre_chill.o
 .ARM.attributes
                0x00000000000004c8       0x32 Src/purge.o
 .ARM.attributes
                0x00000000000004fa       0x32 Src/safe_approach.o
 .ARM.attributes
                0x000000000000052c       0x32 Src/safety.o
 .ARM.attributes
                0x000000000000055e       0x32 Src/setup_ops.o
 .ARM.attributes
                0x0000000000000590       0x32 Src/site_clear.o
 .ARM.attributes
                0x00000000000005c2       0x32 Src/state_machine.o
 .ARM.attributes
                0x00000000000005f4       0x32 Src/stm32g0xx_hal_msp.o
 .ARM.attributes
                0x0000000000000626       0x32 Src/stm32g0xx_it.o
 .ARM.attributes
                0x0000000000000658       0x32 Src/sysmem.o
 .ARM.attributes
                0x000000000000068a       0x32 Src/system_stm32g0xx.o
 .ARM.attributes
                0x00000000000006bc       0x32 Src/test.o
 .ARM.attributes
                0x00000000000006ee       0x32 Src/utilities.o
 .ARM.attributes
                0x0000000000000720       0x21 Startup/startup_stm32g071r8tx.o
 .ARM.attributes
                0x0000000000000741       0x2c c:/st/stm32cubeide_1.0.1/stm32cubeide/plugins/com.st.stm32cube.ide.mcu.externaltools.gnu-tools-for-stm32.7-2018-q2-update.win32_1.0.0.201904181610/tools/bin/../lib/gcc/arm-none-eabi/7.3.1/../../../../arm-none-eabi/lib/thumb/v6-m\libc_nano.a(lib_a-errno.o)
 .ARM.attributes
                0x000000000000076d       0x2c c:/st/stm32cubeide_1.0.1/stm32cubeide/plugins/com.st.stm32cube.ide.mcu.externaltools.gnu-tools-for-stm32.7-2018-q2-update.win32_1.0.0.201904181610/tools/bin/../lib/gcc/arm-none-eabi/7.3.1/../../../../arm-none-eabi/lib/thumb/v6-m\libc_nano.a(lib_a-impure.o)
 .ARM.attributes
                0x0000000000000799       0x2c c:/st/stm32cubeide_1.0.1/stm32cubeide/plugins/com.st.stm32cube.ide.mcu.externaltools.gnu-tools-for-stm32.7-2018-q2-update.win32_1.0.0.201904181610/tools/bin/../lib/gcc/arm-none-eabi/7.3.1/../../../../arm-none-eabi/lib/thumb/v6-m\libc_nano.a(lib_a-init.o)
 .ARM.attributes
                0x00000000000007c5       0x2c c:/st/stm32cubeide_1.0.1/stm32cubeide/plugins/com.st.stm32cube.ide.mcu.externaltools.gnu-tools-for-stm32.7-2018-q2-update.win32_1.0.0.201904181610/tools/bin/../lib/gcc/arm-none-eabi/7.3.1/../../../../arm-none-eabi/lib/thumb/v6-m\libc_nano.a(lib_a-memcpy-stub.o)
 .ARM.attributes
                0x00000000000007f1       0x2c c:/st/stm32cubeide_1.0.1/stm32cubeide/plugins/com.st.stm32cube.ide.mcu.externaltools.gnu-tools-for-stm32.7-2018-q2-update.win32_1.0.0.201904181610/tools/bin/../lib/gcc/arm-none-eabi/7.3.1/../../../../arm-none-eabi/lib/thumb/v6-m\libc_nano.a(lib_a-memset.o)
 .ARM.attributes
                0x000000000000081d       0x2c c:/st/stm32cubeide_1.0.1/stm32cubeide/plugins/com.st.stm32cube.ide.mcu.externaltools.gnu-tools-for-stm32.7-2018-q2-update.win32_1.0.0.201904181610/tools/bin/../lib/gcc/arm-none-eabi/7.3.1/../../../../arm-none-eabi/lib/thumb/v6-m\libc_nano.a(lib_a-sprintf.o)
 .ARM.attributes
                0x0000000000000849       0x2c c:/st/stm32cubeide_1.0.1/stm32cubeide/plugins/com.st.stm32cube.ide.mcu.externaltools.gnu-tools-for-stm32.7-2018-q2-update.win32_1.0.0.201904181610/tools/bin/../lib/gcc/arm-none-eabi/7.3.1/../../../../arm-none-eabi/lib/thumb/v6-m\libc_nano.a(lib_a-strcat.o)
 .ARM.attributes
                0x0000000000000875       0x2c c:/st/stm32cubeide_1.0.1/stm32cubeide/plugins/com.st.stm32cube.ide.mcu.externaltools.gnu-tools-for-stm32.7-2018-q2-update.win32_1.0.0.201904181610/tools/bin/../lib/gcc/arm-none-eabi/7.3.1/../../../../arm-none-eabi/lib/thumb/v6-m\libc_nano.a(lib_a-strcpy.o)
 .ARM.attributes
                0x00000000000008a1       0x1c c:/st/stm32cubeide_1.0.1/stm32cubeide/plugins/com.st.stm32cube.ide.mcu.externaltools.gnu-tools-for-stm32.7-2018-q2-update.win32_1.0.0.201904181610/tools/bin/../lib/gcc/arm-none-eabi/7.3.1/../../../../arm-none-eabi/lib/thumb/v6-m\libc_nano.a(lib_a-strlen.o)
 .ARM.attributes
                0x00000000000008bd       0x2c c:/st/stm32cubeide_1.0.1/stm32cubeide/plugins/com.st.stm32cube.ide.mcu.externaltools.gnu-tools-for-stm32.7-2018-q2-update.win32_1.0.0.201904181610/tools/bin/../lib/gcc/arm-none-eabi/7.3.1/../../../../arm-none-eabi/lib/thumb/v6-m\libc_nano.a(lib_a-nano-svfprintf.o)
 .ARM.attributes
                0x00000000000008e9       0x2c c:/st/stm32cubeide_1.0.1/stm32cubeide/plugins/com.st.stm32cube.ide.mcu.externaltools.gnu-tools-for-stm32.7-2018-q2-update.win32_1.0.0.201904181610/tools/bin/../lib/gcc/arm-none-eabi/7.3.1/../../../../arm-none-eabi/lib/thumb/v6-m\libc_nano.a(lib_a-nano-vfprintf_i.o)
 .ARM.attributes
                0x0000000000000915       0x2c c:/st/stm32cubeide_1.0.1/stm32cubeide/plugins/com.st.stm32cube.ide.mcu.externaltools.gnu-tools-for-stm32.7-2018-q2-update.win32_1.0.0.201904181610/tools/bin/../lib/gcc/arm-none-eabi/7.3.1/../../../../arm-none-eabi/lib/thumb/v6-m\libc_nano.a(lib_a-memchr-stub.o)
 .ARM.attributes
                0x0000000000000941       0x2c c:/st/stm32cubeide_1.0.1/stm32cubeide/plugins/com.st.stm32cube.ide.mcu.externaltools.gnu-tools-for-stm32.7-2018-q2-update.win32_1.0.0.201904181610/tools/bin/../lib/gcc/arm-none-eabi/7.3.1/../../../../arm-none-eabi/lib/thumb/v6-m\libc_nano.a(lib_a-memmove.o)
 .ARM.attributes
                0x000000000000096d       0x2c c:/st/stm32cubeide_1.0.1/stm32cubeide/plugins/com.st.stm32cube.ide.mcu.externaltools.gnu-tools-for-stm32.7-2018-q2-update.win32_1.0.0.201904181610/tools/bin/../lib/gcc/arm-none-eabi/7.3.1/../../../../arm-none-eabi/lib/thumb/v6-m\libc_nano.a(lib_a-nano-freer.o)
 .ARM.attributes
                0x0000000000000999       0x2c c:/st/stm32cubeide_1.0.1/stm32cubeide/plugins/com.st.stm32cube.ide.mcu.externaltools.gnu-tools-for-stm32.7-2018-q2-update.win32_1.0.0.201904181610/tools/bin/../lib/gcc/arm-none-eabi/7.3.1/../../../../arm-none-eabi/lib/thumb/v6-m\libc_nano.a(lib_a-nano-mallocr.o)
 .ARM.attributes
                0x00000000000009c5       0x2c c:/st/stm32cubeide_1.0.1/stm32cubeide/plugins/com.st.stm32cube.ide.mcu.externaltools.gnu-tools-for-stm32.7-2018-q2-update.win32_1.0.0.201904181610/tools/bin/../lib/gcc/arm-none-eabi/7.3.1/../../../../arm-none-eabi/lib/thumb/v6-m\libc_nano.a(lib_a-nano-reallocr.o)
 .ARM.attributes
                0x00000000000009f1       0x2c c:/st/stm32cubeide_1.0.1/stm32cubeide/plugins/com.st.stm32cube.ide.mcu.externaltools.gnu-tools-for-stm32.7-2018-q2-update.win32_1.0.0.201904181610/tools/bin/../lib/gcc/arm-none-eabi/7.3.1/../../../../arm-none-eabi/lib/thumb/v6-m\libc_nano.a(lib_a-sbrkr.o)
 .ARM.attributes
                0x0000000000000a1d       0x2c c:/st/stm32cubeide_1.0.1/stm32cubeide/plugins/com.st.stm32cube.ide.mcu.externaltools.gnu-tools-for-stm32.7-2018-q2-update.win32_1.0.0.201904181610/tools/bin/../lib/gcc/arm-none-eabi/7.3.1/../../../../arm-none-eabi/lib/thumb/v6-m\libc_nano.a(lib_a-mlock.o)
 .ARM.attributes
                0x0000000000000a49       0x2c c:/st/stm32cubeide_1.0.1/stm32cubeide/plugins/com.st.stm32cube.ide.mcu.externaltools.gnu-tools-for-stm32.7-2018-q2-update.win32_1.0.0.201904181610/tools/bin/../lib/gcc/arm-none-eabi/7.3.1/../../../../arm-none-eabi/lib/thumb/v6-m\libc_nano.a(lib_a-nano-msizer.o)
 .ARM.attributes
                0x0000000000000a75       0x2c c:/st/stm32cubeide_1.0.1/stm32cubeide/plugins/com.st.stm32cube.ide.mcu.externaltools.gnu-tools-for-stm32.7-2018-q2-update.win32_1.0.0.201904181610/tools/bin/../lib/gcc/arm-none-eabi/7.3.1/../../../../arm-none-eabi/lib/thumb/v6-m\libc_nano.a(lib_a-reent.o)
 .ARM.attributes
                0x0000000000000aa1       0x1e c:/st/stm32cubeide_1.0.1/stm32cubeide/plugins/com.st.stm32cube.ide.mcu.externaltools.gnu-tools-for-stm32.7-2018-q2-update.win32_1.0.0.201904181610/tools/bin/../lib/gcc/arm-none-eabi/7.3.1/thumb/v6-m\libgcc.a(_udivsi3.o)
 .ARM.attributes
                0x0000000000000abf       0x1e c:/st/stm32cubeide_1.0.1/stm32cubeide/plugins/com.st.stm32cube.ide.mcu.externaltools.gnu-tools-for-stm32.7-2018-q2-update.win32_1.0.0.201904181610/tools/bin/../lib/gcc/arm-none-eabi/7.3.1/thumb/v6-m\libgcc.a(_dvmd_tls.o)
 .ARM.attributes
                0x0000000000000add       0x1e c:/st/stm32cubeide_1.0.1/stm32cubeide/plugins/com.st.stm32cube.ide.mcu.externaltools.gnu-tools-for-stm32.7-2018-q2-update.win32_1.0.0.201904181610/tools/bin/../lib/gcc/arm-none-eabi/7.3.1/thumb/v6-m/crtn.o
OUTPUT(Actuator-Controller.elf elf32-littlearm)

.debug_info     0x0000000000000000    0x26928
 .debug_info    0x0000000000000000      0xa11 Drivers/STM32G0xx_HAL_Driver/Src/stm32g0xx_hal.o
 .debug_info    0x0000000000000a11     0x1462 Drivers/STM32G0xx_HAL_Driver/Src/stm32g0xx_hal_adc.o
 .debug_info    0x0000000000001e73      0x971 Drivers/STM32G0xx_HAL_Driver/Src/stm32g0xx_hal_cortex.o
 .debug_info    0x00000000000027e4      0x67f Drivers/STM32G0xx_HAL_Driver/Src/stm32g0xx_hal_gpio.o
 .debug_info    0x0000000000002e63      0x64f Drivers/STM32G0xx_HAL_Driver/Src/stm32g0xx_hal_pwr_ex.o
 .debug_info    0x00000000000034b2      0xab0 Drivers/STM32G0xx_HAL_Driver/Src/stm32g0xx_hal_rcc.o
 .debug_info    0x0000000000003f62      0x815 Drivers/STM32G0xx_HAL_Driver/Src/stm32g0xx_hal_rcc_ex.o
 .debug_info    0x0000000000004777     0x1812 Drivers/STM32G0xx_HAL_Driver/Src/stm32g0xx_hal_uart.o
 .debug_info    0x0000000000005f89     0x147f Src/burn_feedback.o
 .debug_info    0x0000000000007408     0x147f Src/burn_initiated.o
 .debug_info    0x0000000000008887     0x147f Src/burn_termination_1.o
 .debug_info    0x0000000000009d06     0x147f Src/burn_termination_2.o
 .debug_info    0x000000000000b185     0x147f Src/burn_termination_3.o
 .debug_info    0x000000000000c604     0x147f Src/failure.o
 .debug_info    0x000000000000da83     0x147f Src/groundstation.o
 .debug_info    0x000000000000ef02     0x147f Src/ignition.o
 .debug_info    0x0000000000010381     0x1b69 Src/init.o
 .debug_info    0x0000000000011eea     0x147f Src/lox_fill.o
 .debug_info    0x0000000000013369     0x147f Src/lox_intro.o
 .debug_info    0x00000000000147e8     0x143f Src/main.o
 .debug_info    0x0000000000015c27     0x152d Src/messages.o
 .debug_info    0x0000000000017154     0x147f Src/post_fire.o
 .debug_info    0x00000000000185d3     0x147f Src/pre_chill.o
 .debug_info    0x0000000000019a52     0x147f Src/purge.o
 .debug_info    0x000000000001aed1     0x147f Src/safe_approach.o
 .debug_info    0x000000000001c350     0x148e Src/safety.o
 .debug_info    0x000000000001d7de     0x147f Src/setup_ops.o
 .debug_info    0x000000000001ec5d     0x147f Src/site_clear.o
 .debug_info    0x00000000000200dc     0x14cb Src/state_machine.o
 .debug_info    0x00000000000215a7     0x1937 Src/stm32g0xx_hal_msp.o
 .debug_info    0x0000000000022ede      0x1e8 Src/stm32g0xx_it.o
 .debug_info    0x00000000000230c6      0x91c Src/sysmem.o
 .debug_info    0x00000000000239e2      0x434 Src/system_stm32g0xx.o
 .debug_info    0x0000000000023e16     0x147f Src/test.o
 .debug_info    0x0000000000025295     0x1671 Src/utilities.o
 .debug_info    0x0000000000026906       0x22 Startup/startup_stm32g071r8tx.o

.debug_abbrev   0x0000000000000000     0x43f1
 .debug_abbrev  0x0000000000000000      0x242 Drivers/STM32G0xx_HAL_Driver/Src/stm32g0xx_hal.o
 .debug_abbrev  0x0000000000000242      0x21b Drivers/STM32G0xx_HAL_Driver/Src/stm32g0xx_hal_adc.o
 .debug_abbrev  0x000000000000045d      0x27c Drivers/STM32G0xx_HAL_Driver/Src/stm32g0xx_hal_cortex.o
 .debug_abbrev  0x00000000000006d9      0x1b7 Drivers/STM32G0xx_HAL_Driver/Src/stm32g0xx_hal_gpio.o
 .debug_abbrev  0x0000000000000890      0x1f6 Drivers/STM32G0xx_HAL_Driver/Src/stm32g0xx_hal_pwr_ex.o
 .debug_abbrev  0x0000000000000a86      0x211 Drivers/STM32G0xx_HAL_Driver/Src/stm32g0xx_hal_rcc.o
 .debug_abbrev  0x0000000000000c97      0x1d4 Drivers/STM32G0xx_HAL_Driver/Src/stm32g0xx_hal_rcc_ex.o
 .debug_abbrev  0x0000000000000e6b      0x214 Drivers/STM32G0xx_HAL_Driver/Src/stm32g0xx_hal_uart.o
 .debug_abbrev  0x000000000000107f      0x1ef Src/burn_feedback.o
 .debug_abbrev  0x000000000000126e      0x1ef Src/burn_initiated.o
 .debug_abbrev  0x000000000000145d      0x1ef Src/burn_termination_1.o
 .debug_abbrev  0x000000000000164c      0x1ef Src/burn_termination_2.o
 .debug_abbrev  0x000000000000183b      0x1ef Src/burn_termination_3.o
 .debug_abbrev  0x0000000000001a2a      0x1ef Src/failure.o
 .debug_abbrev  0x0000000000001c19      0x1ef Src/groundstation.o
 .debug_abbrev  0x0000000000001e08      0x1ef Src/ignition.o
 .debug_abbrev  0x0000000000001ff7      0x22b Src/init.o
 .debug_abbrev  0x0000000000002222      0x1ef Src/lox_fill.o
 .debug_abbrev  0x0000000000002411      0x1ef Src/lox_intro.o
 .debug_abbrev  0x0000000000002600      0x1e0 Src/main.o
 .debug_abbrev  0x00000000000027e0      0x1fe Src/messages.o
 .debug_abbrev  0x00000000000029de      0x1ef Src/post_fire.o
 .debug_abbrev  0x0000000000002bcd      0x1ef Src/pre_chill.o
 .debug_abbrev  0x0000000000002dbc      0x1ef Src/purge.o
 .debug_abbrev  0x0000000000002fab      0x1ef Src/safe_approach.o
 .debug_abbrev  0x000000000000319a      0x1ef Src/safety.o
 .debug_abbrev  0x0000000000003389      0x1ef Src/setup_ops.o
 .debug_abbrev  0x0000000000003578      0x1ef Src/site_clear.o
 .debug_abbrev  0x0000000000003767      0x217 Src/state_machine.o
 .debug_abbrev  0x000000000000397e      0x24b Src/stm32g0xx_hal_msp.o
 .debug_abbrev  0x0000000000003bc9       0xe2 Src/stm32g0xx_it.o
 .debug_abbrev  0x0000000000003cab      0x1bb Src/sysmem.o
 .debug_abbrev  0x0000000000003e66      0x147 Src/system_stm32g0xx.o
 .debug_abbrev  0x0000000000003fad      0x1ef Src/test.o
 .debug_abbrev  0x000000000000419c      0x243 Src/utilities.o
 .debug_abbrev  0x00000000000043df       0x12 Startup/startup_stm32g071r8tx.o

.debug_aranges  0x0000000000000000      0xc20
 .debug_aranges
                0x0000000000000000      0x120 Drivers/STM32G0xx_HAL_Driver/Src/stm32g0xx_hal.o
 .debug_aranges
                0x0000000000000120      0x1e0 Drivers/STM32G0xx_HAL_Driver/Src/stm32g0xx_hal_adc.o
 .debug_aranges
                0x0000000000000300       0xd8 Drivers/STM32G0xx_HAL_Driver/Src/stm32g0xx_hal_cortex.o
 .debug_aranges
                0x00000000000003d8       0x60 Drivers/STM32G0xx_HAL_Driver/Src/stm32g0xx_hal_gpio.o
 .debug_aranges
                0x0000000000000438       0xc0 Drivers/STM32G0xx_HAL_Driver/Src/stm32g0xx_hal_pwr_ex.o
 .debug_aranges
                0x00000000000004f8       0x98 Drivers/STM32G0xx_HAL_Driver/Src/stm32g0xx_hal_rcc.o
 .debug_aranges
                0x0000000000000590       0x40 Drivers/STM32G0xx_HAL_Driver/Src/stm32g0xx_hal_rcc_ex.o
 .debug_aranges
                0x00000000000005d0      0x218 Drivers/STM32G0xx_HAL_Driver/Src/stm32g0xx_hal_uart.o
 .debug_aranges
                0x00000000000007e8       0x20 Src/burn_feedback.o
 .debug_aranges
                0x0000000000000808       0x20 Src/burn_initiated.o
 .debug_aranges
                0x0000000000000828       0x20 Src/burn_termination_1.o
 .debug_aranges
                0x0000000000000848       0x20 Src/burn_termination_2.o
 .debug_aranges
                0x0000000000000868       0x20 Src/burn_termination_3.o
 .debug_aranges
                0x0000000000000888       0x20 Src/failure.o
 .debug_aranges
                0x00000000000008a8       0x20 Src/groundstation.o
 .debug_aranges
                0x00000000000008c8       0x20 Src/ignition.o
 .debug_aranges
                0x00000000000008e8       0x48 Src/init.o
 .debug_aranges
                0x0000000000000930       0x20 Src/lox_fill.o
 .debug_aranges
                0x0000000000000950       0x20 Src/lox_intro.o
 .debug_aranges
                0x0000000000000970       0x20 Src/main.o
 .debug_aranges
                0x0000000000000990       0x30 Src/messages.o
 .debug_aranges
                0x00000000000009c0       0x20 Src/post_fire.o
 .debug_aranges
                0x00000000000009e0       0x20 Src/pre_chill.o
 .debug_aranges
                0x0000000000000a00       0x20 Src/purge.o
 .debug_aranges
                0x0000000000000a20       0x20 Src/safe_approach.o
 .debug_aranges
                0x0000000000000a40       0x20 Src/safety.o
 .debug_aranges
                0x0000000000000a60       0x20 Src/setup_ops.o
 .debug_aranges
                0x0000000000000a80       0x20 Src/site_clear.o
 .debug_aranges
                0x0000000000000aa0       0x20 Src/state_machine.o
 .debug_aranges
                0x0000000000000ac0       0x50 Src/stm32g0xx_hal_msp.o
 .debug_aranges
                0x0000000000000b10       0x40 Src/stm32g0xx_it.o
 .debug_aranges
                0x0000000000000b50       0x20 Src/sysmem.o
 .debug_aranges
                0x0000000000000b70       0x28 Src/system_stm32g0xx.o
 .debug_aranges
                0x0000000000000b98       0x20 Src/test.o
 .debug_aranges
                0x0000000000000bb8       0x40 Src/utilities.o
 .debug_aranges
                0x0000000000000bf8       0x28 Startup/startup_stm32g071r8tx.o

.debug_ranges   0x0000000000000000      0x9e8
 .debug_ranges  0x0000000000000000      0x110 Drivers/STM32G0xx_HAL_Driver/Src/stm32g0xx_hal.o
 .debug_ranges  0x0000000000000110      0x1d0 Drivers/STM32G0xx_HAL_Driver/Src/stm32g0xx_hal_adc.o
 .debug_ranges  0x00000000000002e0       0xc8 Drivers/STM32G0xx_HAL_Driver/Src/stm32g0xx_hal_cortex.o
 .debug_ranges  0x00000000000003a8       0x50 Drivers/STM32G0xx_HAL_Driver/Src/stm32g0xx_hal_gpio.o
 .debug_ranges  0x00000000000003f8       0xb0 Drivers/STM32G0xx_HAL_Driver/Src/stm32g0xx_hal_pwr_ex.o
 .debug_ranges  0x00000000000004a8       0x88 Drivers/STM32G0xx_HAL_Driver/Src/stm32g0xx_hal_rcc.o
 .debug_ranges  0x0000000000000530       0x30 Drivers/STM32G0xx_HAL_Driver/Src/stm32g0xx_hal_rcc_ex.o
 .debug_ranges  0x0000000000000560      0x208 Drivers/STM32G0xx_HAL_Driver/Src/stm32g0xx_hal_uart.o
 .debug_ranges  0x0000000000000768       0x10 Src/burn_feedback.o
 .debug_ranges  0x0000000000000778       0x10 Src/burn_initiated.o
 .debug_ranges  0x0000000000000788       0x10 Src/burn_termination_1.o
 .debug_ranges  0x0000000000000798       0x10 Src/burn_termination_2.o
 .debug_ranges  0x00000000000007a8       0x10 Src/burn_termination_3.o
 .debug_ranges  0x00000000000007b8       0x10 Src/failure.o
 .debug_ranges  0x00000000000007c8       0x10 Src/groundstation.o
 .debug_ranges  0x00000000000007d8       0x10 Src/ignition.o
 .debug_ranges  0x00000000000007e8       0x38 Src/init.o
 .debug_ranges  0x0000000000000820       0x10 Src/lox_fill.o
 .debug_ranges  0x0000000000000830       0x10 Src/lox_intro.o
 .debug_ranges  0x0000000000000840       0x10 Src/main.o
 .debug_ranges  0x0000000000000850       0x20 Src/messages.o
 .debug_ranges  0x0000000000000870       0x10 Src/post_fire.o
 .debug_ranges  0x0000000000000880       0x10 Src/pre_chill.o
 .debug_ranges  0x0000000000000890       0x10 Src/purge.o
 .debug_ranges  0x00000000000008a0       0x10 Src/safe_approach.o
 .debug_ranges  0x00000000000008b0       0x10 Src/safety.o
 .debug_ranges  0x00000000000008c0       0x10 Src/setup_ops.o
 .debug_ranges  0x00000000000008d0       0x10 Src/site_clear.o
 .debug_ranges  0x00000000000008e0       0x10 Src/state_machine.o
 .debug_ranges  0x00000000000008f0       0x40 Src/stm32g0xx_hal_msp.o
 .debug_ranges  0x0000000000000930       0x30 Src/stm32g0xx_it.o
 .debug_ranges  0x0000000000000960       0x10 Src/sysmem.o
 .debug_ranges  0x0000000000000970       0x18 Src/system_stm32g0xx.o
 .debug_ranges  0x0000000000000988       0x10 Src/test.o
 .debug_ranges  0x0000000000000998       0x30 Src/utilities.o
 .debug_ranges  0x00000000000009c8       0x20 Startup/startup_stm32g071r8tx.o

.debug_macro    0x0000000000000000    0x1d841
 .debug_macro   0x0000000000000000      0x203 Drivers/STM32G0xx_HAL_Driver/Src/stm32g0xx_hal.o
 .debug_macro   0x0000000000000203      0xa48 Drivers/STM32G0xx_HAL_Driver/Src/stm32g0xx_hal.o
 .debug_macro   0x0000000000000c4b      0x10f Drivers/STM32G0xx_HAL_Driver/Src/stm32g0xx_hal.o
 .debug_macro   0x0000000000000d5a       0x2e Drivers/STM32G0xx_HAL_Driver/Src/stm32g0xx_hal.o
 .debug_macro   0x0000000000000d88       0x28 Drivers/STM32G0xx_HAL_Driver/Src/stm32g0xx_hal.o
 .debug_macro   0x0000000000000db0       0x22 Drivers/STM32G0xx_HAL_Driver/Src/stm32g0xx_hal.o
 .debug_macro   0x0000000000000dd2       0x8e Drivers/STM32G0xx_HAL_Driver/Src/stm32g0xx_hal.o
 .debug_macro   0x0000000000000e60       0x51 Drivers/STM32G0xx_HAL_Driver/Src/stm32g0xx_hal.o
 .debug_macro   0x0000000000000eb1       0xef Drivers/STM32G0xx_HAL_Driver/Src/stm32g0xx_hal.o
 .debug_macro   0x0000000000000fa0       0x6a Drivers/STM32G0xx_HAL_Driver/Src/stm32g0xx_hal.o
 .debug_macro   0x000000000000100a      0x1df Drivers/STM32G0xx_HAL_Driver/Src/stm32g0xx_hal.o
 .debug_macro   0x00000000000011e9       0x1c Drivers/STM32G0xx_HAL_Driver/Src/stm32g0xx_hal.o
 .debug_macro   0x0000000000001205       0x22 Drivers/STM32G0xx_HAL_Driver/Src/stm32g0xx_hal.o
 .debug_macro   0x0000000000001227       0xb5 Drivers/STM32G0xx_HAL_Driver/Src/stm32g0xx_hal.o
 .debug_macro   0x00000000000012dc      0x4da Drivers/STM32G0xx_HAL_Driver/Src/stm32g0xx_hal.o
 .debug_macro   0x00000000000017b6      0x11f Drivers/STM32G0xx_HAL_Driver/Src/stm32g0xx_hal.o
 .debug_macro   0x00000000000018d5     0xc54d Drivers/STM32G0xx_HAL_Driver/Src/stm32g0xx_hal.o
 .debug_macro   0x000000000000de22       0x3c Drivers/STM32G0xx_HAL_Driver/Src/stm32g0xx_hal.o
 .debug_macro   0x000000000000de5e     0x3468 Drivers/STM32G0xx_HAL_Driver/Src/stm32g0xx_hal.o
 .debug_macro   0x00000000000112c6      0x174 Drivers/STM32G0xx_HAL_Driver/Src/stm32g0xx_hal.o
 .debug_macro   0x000000000001143a       0x5a Drivers/STM32G0xx_HAL_Driver/Src/stm32g0xx_hal.o
 .debug_macro   0x0000000000011494      0x56c Drivers/STM32G0xx_HAL_Driver/Src/stm32g0xx_hal.o
 .debug_macro   0x0000000000011a00     0x1099 Drivers/STM32G0xx_HAL_Driver/Src/stm32g0xx_hal.o
 .debug_macro   0x0000000000012a99      0x257 Drivers/STM32G0xx_HAL_Driver/Src/stm32g0xx_hal.o
 .debug_macro   0x0000000000012cf0      0x153 Drivers/STM32G0xx_HAL_Driver/Src/stm32g0xx_hal.o
 .debug_macro   0x0000000000012e43      0x1a5 Drivers/STM32G0xx_HAL_Driver/Src/stm32g0xx_hal.o
 .debug_macro   0x0000000000012fe8      0x398 Drivers/STM32G0xx_HAL_Driver/Src/stm32g0xx_hal.o
 .debug_macro   0x0000000000013380      0x1a5 Drivers/STM32G0xx_HAL_Driver/Src/stm32g0xx_hal.o
 .debug_macro   0x0000000000013525       0x43 Drivers/STM32G0xx_HAL_Driver/Src/stm32g0xx_hal.o
 .debug_macro   0x0000000000013568      0x1f1 Drivers/STM32G0xx_HAL_Driver/Src/stm32g0xx_hal.o
 .debug_macro   0x0000000000013759      0x8a1 Drivers/STM32G0xx_HAL_Driver/Src/stm32g0xx_hal.o
 .debug_macro   0x0000000000013ffa      0x5c2 Drivers/STM32G0xx_HAL_Driver/Src/stm32g0xx_hal.o
 .debug_macro   0x00000000000145bc       0x2e Drivers/STM32G0xx_HAL_Driver/Src/stm32g0xx_hal.o
 .debug_macro   0x00000000000145ea      0x1c4 Drivers/STM32G0xx_HAL_Driver/Src/stm32g0xx_hal.o
 .debug_macro   0x00000000000147ae      0x36e Drivers/STM32G0xx_HAL_Driver/Src/stm32g0xx_hal.o
 .debug_macro   0x0000000000014b1c       0x28 Drivers/STM32G0xx_HAL_Driver/Src/stm32g0xx_hal.o
 .debug_macro   0x0000000000014b44       0xc1 Drivers/STM32G0xx_HAL_Driver/Src/stm32g0xx_hal.o
 .debug_macro   0x0000000000014c05      0x26f Drivers/STM32G0xx_HAL_Driver/Src/stm32g0xx_hal.o
 .debug_macro   0x0000000000014e74       0xd2 Drivers/STM32G0xx_HAL_Driver/Src/stm32g0xx_hal.o
 .debug_macro   0x0000000000014f46      0x63f Drivers/STM32G0xx_HAL_Driver/Src/stm32g0xx_hal.o
 .debug_macro   0x0000000000015585       0xa6 Drivers/STM32G0xx_HAL_Driver/Src/stm32g0xx_hal.o
 .debug_macro   0x000000000001562b       0xa9 Drivers/STM32G0xx_HAL_Driver/Src/stm32g0xx_hal.o
 .debug_macro   0x00000000000156d4      0x503 Drivers/STM32G0xx_HAL_Driver/Src/stm32g0xx_hal.o
 .debug_macro   0x0000000000015bd7      0x203 Drivers/STM32G0xx_HAL_Driver/Src/stm32g0xx_hal_adc.o
 .debug_macro   0x0000000000015dda      0x1df Drivers/STM32G0xx_HAL_Driver/Src/stm32g0xx_hal_cortex.o
 .debug_macro   0x0000000000015fb9      0x217 Drivers/STM32G0xx_HAL_Driver/Src/stm32g0xx_hal_gpio.o
 .debug_macro   0x00000000000161d0      0x1f1 Drivers/STM32G0xx_HAL_Driver/Src/stm32g0xx_hal_pwr_ex.o
 .debug_macro   0x00000000000163c1      0x21b Drivers/STM32G0xx_HAL_Driver/Src/stm32g0xx_hal_rcc.o
 .debug_macro   0x00000000000165dc      0x1f7 Drivers/STM32G0xx_HAL_Driver/Src/stm32g0xx_hal_rcc_ex.o
 .debug_macro   0x00000000000167d3      0x20a Drivers/STM32G0xx_HAL_Driver/Src/stm32g0xx_hal_uart.o
 .debug_macro   0x00000000000169dd      0x3ae Src/burn_feedback.o
 .debug_macro   0x0000000000016d8b       0x4c Src/burn_feedback.o
 .debug_macro   0x0000000000016dd7      0x141 Src/burn_feedback.o
 .debug_macro   0x0000000000016f18       0x94 Src/burn_feedback.o
 .debug_macro   0x0000000000016fac       0x46 Src/burn_feedback.o
 .debug_macro   0x0000000000016ff2       0x18 Src/burn_feedback.o
 .debug_macro   0x000000000001700a       0x3c Src/burn_feedback.o
 .debug_macro   0x0000000000017046       0x34 Src/burn_feedback.o
 .debug_macro   0x000000000001707a       0x16 Src/burn_feedback.o
 .debug_macro   0x0000000000017090       0x35 Src/burn_feedback.o
 .debug_macro   0x00000000000170c5      0x32a Src/burn_feedback.o
 .debug_macro   0x00000000000173ef       0x10 Src/burn_feedback.o
 .debug_macro   0x00000000000173ff       0x52 Src/burn_feedback.o
 .debug_macro   0x0000000000017451       0x1f Src/burn_feedback.o
 .debug_macro   0x0000000000017470       0x43 Src/burn_feedback.o
 .debug_macro   0x00000000000174b3       0x20 Src/burn_feedback.o
 .debug_macro   0x00000000000174d3      0x1a3 Src/burn_feedback.o
 .debug_macro   0x0000000000017676       0x10 Src/burn_feedback.o
 .debug_macro   0x0000000000017686       0x1c Src/burn_feedback.o
 .debug_macro   0x00000000000176a2       0x52 Src/burn_feedback.o
 .debug_macro   0x00000000000176f4       0x40 Src/burn_feedback.o
 .debug_macro   0x0000000000017734       0x10 Src/burn_feedback.o
 .debug_macro   0x0000000000017744       0x40 Src/burn_feedback.o
 .debug_macro   0x0000000000017784       0xd7 Src/burn_feedback.o
 .debug_macro   0x000000000001785b       0x1c Src/burn_feedback.o
 .debug_macro   0x0000000000017877       0x3d Src/burn_feedback.o
 .debug_macro   0x00000000000178b4       0x16 Src/burn_feedback.o
 .debug_macro   0x00000000000178ca      0x145 Src/burn_feedback.o
 .debug_macro   0x0000000000017a0f       0x16 Src/burn_feedback.o
 .debug_macro   0x0000000000017a25       0x20 Src/burn_feedback.o
 .debug_macro   0x0000000000017a45      0x3ae Src/burn_initiated.o
 .debug_macro   0x0000000000017df3      0x3ae Src/burn_termination_1.o
 .debug_macro   0x00000000000181a1      0x3ae Src/burn_termination_2.o
 .debug_macro   0x000000000001854f      0x3ae Src/burn_termination_3.o
 .debug_macro   0x00000000000188fd      0x3ae Src/failure.o
 .debug_macro   0x0000000000018cab      0x3ae Src/groundstation.o
 .debug_macro   0x0000000000019059      0x3ae Src/ignition.o
 .debug_macro   0x0000000000019407      0x39a Src/init.o
 .debug_macro   0x00000000000197a1      0x3ae Src/lox_fill.o
 .debug_macro   0x0000000000019b4f      0x3ae Src/lox_intro.o
 .debug_macro   0x0000000000019efd      0x478 Src/main.o
 .debug_macro   0x000000000001a375       0x52 Src/main.o
 .debug_macro   0x000000000001a3c7      0x39e Src/messages.o
 .debug_macro   0x000000000001a765      0x3ae Src/post_fire.o
 .debug_macro   0x000000000001ab13      0x3ae Src/pre_chill.o
 .debug_macro   0x000000000001aec1      0x3ae Src/purge.o
 .debug_macro   0x000000000001b26f      0x3ae Src/safe_approach.o
 .debug_macro   0x000000000001b61d      0x3ae Src/safety.o
 .debug_macro   0x000000000001b9cb      0x3ae Src/setup_ops.o
 .debug_macro   0x000000000001bd79      0x3ae Src/site_clear.o
 .debug_macro   0x000000000001c127      0x46c Src/state_machine.o
 .debug_macro   0x000000000001c593      0x39e Src/stm32g0xx_hal_msp.o
 .debug_macro   0x000000000001c931      0x1fc Src/stm32g0xx_it.o
 .debug_macro   0x000000000001cb2d      0x1ae Src/sysmem.o
 .debug_macro   0x000000000001ccdb      0x23b Src/sysmem.o
 .debug_macro   0x000000000001cf16      0x1e5 Src/system_stm32g0xx.o
 .debug_macro   0x000000000001d0fb      0x3ae Src/test.o
 .debug_macro   0x000000000001d4a9      0x398 Src/utilities.o

.debug_line     0x0000000000000000    0x15f47
 .debug_line    0x0000000000000000      0x975 Drivers/STM32G0xx_HAL_Driver/Src/stm32g0xx_hal.o
 .debug_line    0x0000000000000975     0x1149 Drivers/STM32G0xx_HAL_Driver/Src/stm32g0xx_hal_adc.o
 .debug_line    0x0000000000001abe      0x945 Drivers/STM32G0xx_HAL_Driver/Src/stm32g0xx_hal_cortex.o
 .debug_line    0x0000000000002403      0x88d Drivers/STM32G0xx_HAL_Driver/Src/stm32g0xx_hal_gpio.o
 .debug_line    0x0000000000002c90      0x8d2 Drivers/STM32G0xx_HAL_Driver/Src/stm32g0xx_hal_pwr_ex.o
 .debug_line    0x0000000000003562      0x9ee Drivers/STM32G0xx_HAL_Driver/Src/stm32g0xx_hal_rcc.o
 .debug_line    0x0000000000003f50      0x97e Drivers/STM32G0xx_HAL_Driver/Src/stm32g0xx_hal_rcc_ex.o
 .debug_line    0x00000000000048ce     0x1b34 Drivers/STM32G0xx_HAL_Driver/Src/stm32g0xx_hal_uart.o
 .debug_line    0x0000000000006402      0x975 Src/burn_feedback.o
 .debug_line    0x0000000000006d77      0x976 Src/burn_initiated.o
 .debug_line    0x00000000000076ed      0x97e Src/burn_termination_1.o
 .debug_line    0x000000000000806b      0x980 Src/burn_termination_2.o
 .debug_line    0x00000000000089eb      0x97e Src/burn_termination_3.o
 .debug_line    0x0000000000009369      0x969 Src/failure.o
 .debug_line    0x0000000000009cd2      0x975 Src/groundstation.o
 .debug_line    0x000000000000a647      0x96b Src/ignition.o
 .debug_line    0x000000000000afb2      0xa0d Src/init.o
 .debug_line    0x000000000000b9bf      0x96b Src/lox_fill.o
 .debug_line    0x000000000000c32a      0x96d Src/lox_intro.o
 .debug_line    0x000000000000cc97      0xaa0 Src/main.o
 .debug_line    0x000000000000d737      0x994 Src/messages.o
 .debug_line    0x000000000000e0cb      0x96d Src/post_fire.o
 .debug_line    0x000000000000ea38      0x96d Src/pre_chill.o
 .debug_line    0x000000000000f3a5      0x965 Src/purge.o
 .debug_line    0x000000000000fd0a      0x975 Src/safe_approach.o
 .debug_line    0x000000000001067f      0x976 Src/safety.o
 .debug_line    0x0000000000010ff5      0x965 Src/setup_ops.o
 .debug_line    0x000000000001195a      0x96f Src/site_clear.o
 .debug_line    0x00000000000122c9      0xad1 Src/state_machine.o
 .debug_line    0x0000000000012d9a      0x9e7 Src/stm32g0xx_hal_msp.o
 .debug_line    0x0000000000013781      0x766 Src/stm32g0xx_it.o
 .debug_line    0x0000000000013ee7      0x559 Src/sysmem.o
 .debug_line    0x0000000000014440      0x715 Src/system_stm32g0xx.o
 .debug_line    0x0000000000014b55      0x963 Src/test.o
 .debug_line    0x00000000000154b8      0xa0b Src/utilities.o
 .debug_line    0x0000000000015ec3       0x84 Startup/startup_stm32g071r8tx.o

.debug_str      0x0000000000000000    0x9bed0
 .debug_str     0x0000000000000000    0x93ce0 Drivers/STM32G0xx_HAL_Driver/Src/stm32g0xx_hal.o
                                      0x9450c (size before relaxing)
 .debug_str     0x0000000000093ce0      0xc9a Drivers/STM32G0xx_HAL_Driver/Src/stm32g0xx_hal_adc.o
                                      0x94a3c (size before relaxing)
 .debug_str     0x000000000009497a      0x2cb Drivers/STM32G0xx_HAL_Driver/Src/stm32g0xx_hal_cortex.o
                                      0x94289 (size before relaxing)
 .debug_str     0x0000000000094c45      0x2bf Drivers/STM32G0xx_HAL_Driver/Src/stm32g0xx_hal_gpio.o
                                      0x93fe6 (size before relaxing)
 .debug_str     0x0000000000094f04      0x2d8 Drivers/STM32G0xx_HAL_Driver/Src/stm32g0xx_hal_pwr_ex.o
                                      0x940e1 (size before relaxing)
 .debug_str     0x00000000000951dc      0x498 Drivers/STM32G0xx_HAL_Driver/Src/stm32g0xx_hal_rcc.o
                                      0x94392 (size before relaxing)
 .debug_str     0x0000000000095674      0x295 Drivers/STM32G0xx_HAL_Driver/Src/stm32g0xx_hal_rcc_ex.o
                                      0x94132 (size before relaxing)
 .debug_str     0x0000000000095909      0xb00 Drivers/STM32G0xx_HAL_Driver/Src/stm32g0xx_hal_uart.o
                                      0x94b69 (size before relaxing)
 .debug_str     0x0000000000096409     0x4f0f Src/burn_feedback.o
                                      0x99323 (size before relaxing)
 .debug_str     0x000000000009b318       0x38 Src/burn_initiated.o
                                      0x99326 (size before relaxing)
 .debug_str     0x000000000009b350       0x43 Src/burn_termination_1.o
                                      0x99331 (size before relaxing)
 .debug_str     0x000000000009b393       0x43 Src/burn_termination_2.o
                                      0x99331 (size before relaxing)
 .debug_str     0x000000000009b3d6       0x43 Src/burn_termination_3.o
                                      0x99331 (size before relaxing)
 .debug_str     0x000000000009b419       0x24 Src/failure.o
                                      0x99312 (size before relaxing)
 .debug_str     0x000000000009b43d       0x36 Src/groundstation.o
                                      0x99324 (size before relaxing)
 .debug_str     0x000000000009b473       0x27 Src/ignition.o
                                      0x99315 (size before relaxing)
 .debug_str     0x000000000009b49a       0x6b Src/init.o
                                      0x99655 (size before relaxing)
 .debug_str     0x000000000009b505       0x26 Src/lox_fill.o
                                      0x99314 (size before relaxing)
 .debug_str     0x000000000009b52b       0x29 Src/lox_intro.o
                                      0x99317 (size before relaxing)
 .debug_str     0x000000000009b554       0xd8 Src/main.o
                                      0x9941e (size before relaxing)
 .debug_str     0x000000000009b62c       0xd7 Src/messages.o
                                      0x99394 (size before relaxing)
 .debug_str     0x000000000009b703       0x1c Src/post_fire.o
                                      0x99317 (size before relaxing)
 .debug_str     0x000000000009b71f       0x1c Src/pre_chill.o
                                      0x99317 (size before relaxing)
 .debug_str     0x000000000009b73b       0x15 Src/purge.o
                                      0x9930c (size before relaxing)
 .debug_str     0x000000000009b750       0x24 Src/safe_approach.o
                                      0x99323 (size before relaxing)
 .debug_str     0x000000000009b774       0x21 Src/safety.o
                                      0x9931d (size before relaxing)
 .debug_str     0x000000000009b795       0x1c Src/setup_ops.o
                                      0x9931c (size before relaxing)
 .debug_str     0x000000000009b7b1       0x1e Src/site_clear.o
                                      0x9931a (size before relaxing)
 .debug_str     0x000000000009b7cf       0x40 Src/state_machine.o
                                      0x9945c (size before relaxing)
 .debug_str     0x000000000009b80f       0x43 Src/stm32g0xx_hal_msp.o
                                      0x9956b (size before relaxing)
 .debug_str     0x000000000009b852       0x71 Src/stm32g0xx_it.o
                                      0x9467d (size before relaxing)
 .debug_str     0x000000000009b8c3      0x4cc Src/sysmem.o
                                       0x7a59 (size before relaxing)
 .debug_str     0x000000000009bd8f       0x50 Src/system_stm32g0xx.o
                                      0x93deb (size before relaxing)
 .debug_str     0x000000000009bddf       0x13 Src/test.o
                                      0x99309 (size before relaxing)
 .debug_str     0x000000000009bdf2       0xad Src/utilities.o
                                      0x993b5 (size before relaxing)
 .debug_str     0x000000000009be9f       0x31 Startup/startup_stm32g071r8tx.o
                                         0x80 (size before relaxing)

.comment        0x0000000000000000       0x7b
 .comment       0x0000000000000000       0x7b Drivers/STM32G0xx_HAL_Driver/Src/stm32g0xx_hal.o
                                         0x7c (size before relaxing)
 .comment       0x000000000000007b       0x7c Drivers/STM32G0xx_HAL_Driver/Src/stm32g0xx_hal_adc.o
 .comment       0x000000000000007b       0x7c Drivers/STM32G0xx_HAL_Driver/Src/stm32g0xx_hal_cortex.o
 .comment       0x000000000000007b       0x7c Drivers/STM32G0xx_HAL_Driver/Src/stm32g0xx_hal_gpio.o
 .comment       0x000000000000007b       0x7c Drivers/STM32G0xx_HAL_Driver/Src/stm32g0xx_hal_pwr_ex.o
 .comment       0x000000000000007b       0x7c Drivers/STM32G0xx_HAL_Driver/Src/stm32g0xx_hal_rcc.o
 .comment       0x000000000000007b       0x7c Drivers/STM32G0xx_HAL_Driver/Src/stm32g0xx_hal_rcc_ex.o
 .comment       0x000000000000007b       0x7c Drivers/STM32G0xx_HAL_Driver/Src/stm32g0xx_hal_uart.o
 .comment       0x000000000000007b       0x7c Src/burn_feedback.o
 .comment       0x000000000000007b       0x7c Src/burn_initiated.o
 .comment       0x000000000000007b       0x7c Src/burn_termination_1.o
 .comment       0x000000000000007b       0x7c Src/burn_termination_2.o
 .comment       0x000000000000007b       0x7c Src/burn_termination_3.o
 .comment       0x000000000000007b       0x7c Src/failure.o
 .comment       0x000000000000007b       0x7c Src/groundstation.o
 .comment       0x000000000000007b       0x7c Src/ignition.o
 .comment       0x000000000000007b       0x7c Src/init.o
 .comment       0x000000000000007b       0x7c Src/lox_fill.o
 .comment       0x000000000000007b       0x7c Src/lox_intro.o
 .comment       0x000000000000007b       0x7c Src/main.o
 .comment       0x000000000000007b       0x7c Src/messages.o
 .comment       0x000000000000007b       0x7c Src/post_fire.o
 .comment       0x000000000000007b       0x7c Src/pre_chill.o
 .comment       0x000000000000007b       0x7c Src/purge.o
 .comment       0x000000000000007b       0x7c Src/safe_approach.o
 .comment       0x000000000000007b       0x7c Src/safety.o
 .comment       0x000000000000007b       0x7c Src/setup_ops.o
 .comment       0x000000000000007b       0x7c Src/site_clear.o
 .comment       0x000000000000007b       0x7c Src/state_machine.o
 .comment       0x000000000000007b       0x7c Src/stm32g0xx_hal_msp.o
 .comment       0x000000000000007b       0x7c Src/stm32g0xx_it.o
 .comment       0x000000000000007b       0x7c Src/sysmem.o
 .comment       0x000000000000007b       0x7c Src/system_stm32g0xx.o
 .comment       0x000000000000007b       0x7c Src/test.o
 .comment       0x000000000000007b       0x7c Src/utilities.o

.debug_frame    0x0000000000000000     0x27e8
 .debug_frame   0x0000000000000000      0x3dc Drivers/STM32G0xx_HAL_Driver/Src/stm32g0xx_hal.o
 .debug_frame   0x00000000000003dc      0x74c Drivers/STM32G0xx_HAL_Driver/Src/stm32g0xx_hal_adc.o
 .debug_frame   0x0000000000000b28      0x2fc Drivers/STM32G0xx_HAL_Driver/Src/stm32g0xx_hal_cortex.o
 .debug_frame   0x0000000000000e24      0x130 Drivers/STM32G0xx_HAL_Driver/Src/stm32g0xx_hal_gpio.o
 .debug_frame   0x0000000000000f54      0x280 Drivers/STM32G0xx_HAL_Driver/Src/stm32g0xx_hal_pwr_ex.o
 .debug_frame   0x00000000000011d4      0x1f4 Drivers/STM32G0xx_HAL_Driver/Src/stm32g0xx_hal_rcc.o
 .debug_frame   0x00000000000013c8       0xb0 Drivers/STM32G0xx_HAL_Driver/Src/stm32g0xx_hal_rcc_ex.o
 .debug_frame   0x0000000000001478      0x814 Drivers/STM32G0xx_HAL_Driver/Src/stm32g0xx_hal_uart.o
 .debug_frame   0x0000000000001c8c       0x30 Src/burn_feedback.o
 .debug_frame   0x0000000000001cbc       0x30 Src/burn_initiated.o
 .debug_frame   0x0000000000001cec       0x30 Src/burn_termination_1.o
 .debug_frame   0x0000000000001d1c       0x30 Src/burn_termination_2.o
 .debug_frame   0x0000000000001d4c       0x30 Src/burn_termination_3.o
 .debug_frame   0x0000000000001d7c       0x30 Src/failure.o
 .debug_frame   0x0000000000001dac       0x30 Src/groundstation.o
 .debug_frame   0x0000000000001ddc       0x30 Src/ignition.o
 .debug_frame   0x0000000000001e0c       0xc4 Src/init.o
 .debug_frame   0x0000000000001ed0       0x30 Src/lox_fill.o
 .debug_frame   0x0000000000001f00       0x30 Src/lox_intro.o
 .debug_frame   0x0000000000001f30       0x30 Src/main.o
 .debug_frame   0x0000000000001f60       0x7c Src/messages.o
 .debug_frame   0x0000000000001fdc       0x30 Src/post_fire.o
 .debug_frame   0x000000000000200c       0x30 Src/pre_chill.o
 .debug_frame   0x000000000000203c       0x30 Src/purge.o
 .debug_frame   0x000000000000206c       0x30 Src/safe_approach.o
 .debug_frame   0x000000000000209c       0x30 Src/safety.o
 .debug_frame   0x00000000000020cc       0x30 Src/setup_ops.o
 .debug_frame   0x00000000000020fc       0x30 Src/site_clear.o
 .debug_frame   0x000000000000212c       0x30 Src/state_machine.o
 .debug_frame   0x000000000000215c       0xf0 Src/stm32g0xx_hal_msp.o
 .debug_frame   0x000000000000224c       0x9c Src/stm32g0xx_it.o
 .debug_frame   0x00000000000022e8       0x30 Src/sysmem.o
 .debug_frame   0x0000000000002318       0x4c Src/system_stm32g0xx.o
 .debug_frame   0x0000000000002364       0x30 Src/test.o
 .debug_frame   0x0000000000002394       0xb4 Src/utilities.o
 .debug_frame   0x0000000000002448       0x20 c:/st/stm32cubeide_1.0.1/stm32cubeide/plugins/com.st.stm32cube.ide.mcu.externaltools.gnu-tools-for-stm32.7-2018-q2-update.win32_1.0.0.201904181610/tools/bin/../lib/gcc/arm-none-eabi/7.3.1/../../../../arm-none-eabi/lib/thumb/v6-m\libc_nano.a(lib_a-errno.o)
 .debug_frame   0x0000000000002468       0x2c c:/st/stm32cubeide_1.0.1/stm32cubeide/plugins/com.st.stm32cube.ide.mcu.externaltools.gnu-tools-for-stm32.7-2018-q2-update.win32_1.0.0.201904181610/tools/bin/../lib/gcc/arm-none-eabi/7.3.1/../../../../arm-none-eabi/lib/thumb/v6-m\libc_nano.a(lib_a-init.o)
 .debug_frame   0x0000000000002494       0x28 c:/st/stm32cubeide_1.0.1/stm32cubeide/plugins/com.st.stm32cube.ide.mcu.externaltools.gnu-tools-for-stm32.7-2018-q2-update.win32_1.0.0.201904181610/tools/bin/../lib/gcc/arm-none-eabi/7.3.1/../../../../arm-none-eabi/lib/thumb/v6-m\libc_nano.a(lib_a-memcpy-stub.o)
 .debug_frame   0x00000000000024bc       0x20 c:/st/stm32cubeide_1.0.1/stm32cubeide/plugins/com.st.stm32cube.ide.mcu.externaltools.gnu-tools-for-stm32.7-2018-q2-update.win32_1.0.0.201904181610/tools/bin/../lib/gcc/arm-none-eabi/7.3.1/../../../../arm-none-eabi/lib/thumb/v6-m\libc_nano.a(lib_a-memset.o)
 .debug_frame   0x00000000000024dc       0x48 c:/st/stm32cubeide_1.0.1/stm32cubeide/plugins/com.st.stm32cube.ide.mcu.externaltools.gnu-tools-for-stm32.7-2018-q2-update.win32_1.0.0.201904181610/tools/bin/../lib/gcc/arm-none-eabi/7.3.1/../../../../arm-none-eabi/lib/thumb/v6-m\libc_nano.a(lib_a-sprintf.o)
 .debug_frame   0x0000000000002524       0x28 c:/st/stm32cubeide_1.0.1/stm32cubeide/plugins/com.st.stm32cube.ide.mcu.externaltools.gnu-tools-for-stm32.7-2018-q2-update.win32_1.0.0.201904181610/tools/bin/../lib/gcc/arm-none-eabi/7.3.1/../../../../arm-none-eabi/lib/thumb/v6-m\libc_nano.a(lib_a-strcat.o)
 .debug_frame   0x000000000000254c       0x20 c:/st/stm32cubeide_1.0.1/stm32cubeide/plugins/com.st.stm32cube.ide.mcu.externaltools.gnu-tools-for-stm32.7-2018-q2-update.win32_1.0.0.201904181610/tools/bin/../lib/gcc/arm-none-eabi/7.3.1/../../../../arm-none-eabi/lib/thumb/v6-m\libc_nano.a(lib_a-strcpy.o)
 .debug_frame   0x000000000000256c       0x74 c:/st/stm32cubeide_1.0.1/stm32cubeide/plugins/com.st.stm32cube.ide.mcu.externaltools.gnu-tools-for-stm32.7-2018-q2-update.win32_1.0.0.201904181610/tools/bin/../lib/gcc/arm-none-eabi/7.3.1/../../../../arm-none-eabi/lib/thumb/v6-m\libc_nano.a(lib_a-nano-svfprintf.o)
 .debug_frame   0x00000000000025e0       0x54 c:/st/stm32cubeide_1.0.1/stm32cubeide/plugins/com.st.stm32cube.ide.mcu.externaltools.gnu-tools-for-stm32.7-2018-q2-update.win32_1.0.0.201904181610/tools/bin/../lib/gcc/arm-none-eabi/7.3.1/../../../../arm-none-eabi/lib/thumb/v6-m\libc_nano.a(lib_a-nano-vfprintf_i.o)
 .debug_frame   0x0000000000002634       0x20 c:/st/stm32cubeide_1.0.1/stm32cubeide/plugins/com.st.stm32cube.ide.mcu.externaltools.gnu-tools-for-stm32.7-2018-q2-update.win32_1.0.0.201904181610/tools/bin/../lib/gcc/arm-none-eabi/7.3.1/../../../../arm-none-eabi/lib/thumb/v6-m\libc_nano.a(lib_a-memchr-stub.o)
 .debug_frame   0x0000000000002654       0x28 c:/st/stm32cubeide_1.0.1/stm32cubeide/plugins/com.st.stm32cube.ide.mcu.externaltools.gnu-tools-for-stm32.7-2018-q2-update.win32_1.0.0.201904181610/tools/bin/../lib/gcc/arm-none-eabi/7.3.1/../../../../arm-none-eabi/lib/thumb/v6-m\libc_nano.a(lib_a-memmove.o)
 .debug_frame   0x000000000000267c       0x2c c:/st/stm32cubeide_1.0.1/stm32cubeide/plugins/com.st.stm32cube.ide.mcu.externaltools.gnu-tools-for-stm32.7-2018-q2-update.win32_1.0.0.201904181610/tools/bin/../lib/gcc/arm-none-eabi/7.3.1/../../../../arm-none-eabi/lib/thumb/v6-m\libc_nano.a(lib_a-nano-freer.o)
 .debug_frame   0x00000000000026a8       0x2c c:/st/stm32cubeide_1.0.1/stm32cubeide/plugins/com.st.stm32cube.ide.mcu.externaltools.gnu-tools-for-stm32.7-2018-q2-update.win32_1.0.0.201904181610/tools/bin/../lib/gcc/arm-none-eabi/7.3.1/../../../../arm-none-eabi/lib/thumb/v6-m\libc_nano.a(lib_a-nano-mallocr.o)
 .debug_frame   0x00000000000026d4       0x30 c:/st/stm32cubeide_1.0.1/stm32cubeide/plugins/com.st.stm32cube.ide.mcu.externaltools.gnu-tools-for-stm32.7-2018-q2-update.win32_1.0.0.201904181610/tools/bin/../lib/gcc/arm-none-eabi/7.3.1/../../../../arm-none-eabi/lib/thumb/v6-m\libc_nano.a(lib_a-nano-reallocr.o)
 .debug_frame   0x0000000000002704       0x2c c:/st/stm32cubeide_1.0.1/stm32cubeide/plugins/com.st.stm32cube.ide.mcu.externaltools.gnu-tools-for-stm32.7-2018-q2-update.win32_1.0.0.201904181610/tools/bin/../lib/gcc/arm-none-eabi/7.3.1/../../../../arm-none-eabi/lib/thumb/v6-m\libc_nano.a(lib_a-sbrkr.o)
 .debug_frame   0x0000000000002730       0x30 c:/st/stm32cubeide_1.0.1/stm32cubeide/plugins/com.st.stm32cube.ide.mcu.externaltools.gnu-tools-for-stm32.7-2018-q2-update.win32_1.0.0.201904181610/tools/bin/../lib/gcc/arm-none-eabi/7.3.1/../../../../arm-none-eabi/lib/thumb/v6-m\libc_nano.a(lib_a-mlock.o)
 .debug_frame   0x0000000000002760       0x20 c:/st/stm32cubeide_1.0.1/stm32cubeide/plugins/com.st.stm32cube.ide.mcu.externaltools.gnu-tools-for-stm32.7-2018-q2-update.win32_1.0.0.201904181610/tools/bin/../lib/gcc/arm-none-eabi/7.3.1/../../../../arm-none-eabi/lib/thumb/v6-m\libc_nano.a(lib_a-nano-msizer.o)
 .debug_frame   0x0000000000002780       0x48 c:/st/stm32cubeide_1.0.1/stm32cubeide/plugins/com.st.stm32cube.ide.mcu.externaltools.gnu-tools-for-stm32.7-2018-q2-update.win32_1.0.0.201904181610/tools/bin/../lib/gcc/arm-none-eabi/7.3.1/../../../../arm-none-eabi/lib/thumb/v6-m\libc_nano.a(lib_a-reent.o)
 .debug_frame   0x00000000000027c8       0x20 c:/st/stm32cubeide_1.0.1/stm32cubeide/plugins/com.st.stm32cube.ide.mcu.externaltools.gnu-tools-for-stm32.7-2018-q2-update.win32_1.0.0.201904181610/tools/bin/../lib/gcc/arm-none-eabi/7.3.1/thumb/v6-m\libgcc.a(_udivsi3.o)
